<html>
<body>
<pre>
<h1>礦ision Build Log</h1>
<h2>Project:</h2>
F:\SZP\项目\集中控制器\程序软件\APP\MDK-ARM\DataConcentrator.uvproj
Project File Date:  03/27/2020

<h2>Output:</h2>
Build target 'DataConcentrator'
linking...
Program Size: Code=67792 RO-data=3160 RW-data=9176 ZI-data=94432  
FromELF: creating hex file...
After Build - User command #1: C:\Keil\ARM\ARMCC\bin\fromelf.exe  --bin -o   ..\OUTPUT\Obj\DataConcentrator.bin ..\OUTPUT\Obj\DataConcentrator.axf
"..\OUTPUT\Obj\DataConcentrator.axf" - 0 Errors, 0 Warning(s).
Load "..\\OUTPUT\\Obj\\DataConcentrator.axf" 
* JLink Info: Device "STM32F407ZG" selected (1024 KB flash, 128 KB RAM).
Set JLink Project File to "F:\SZP\项目\集中控制器\程序软件\APP\MDK-ARM\JLinkSettings.ini"
 
JLink info:
------------
DLL: V4.40c, compiled Jan 24 2012 09:30:33
Firmware: J-Link V9 compiled Oct 25 2018 11:46:07
Hardware: V9.70
S/N : 59700618 
Feature(s) : RDI, FlashBP, FlashDL, JFlash, GDB 
 
* JLink Info: Found SWD-DP with ID 0x2BA01477
* JLink Info: TPIU fitted.
* JLink Info: ETM fitted.
* JLink Info:   FPUnit: 6 code (BP) slots and 2 literal slots
* JLink Info: Found Cortex-M4 r0p1, Little endian.
ROMTableAddr = 0xE00FF003
* JLink Info: Found SWD-DP with ID 0x2BA01477
* JLink Info: TPIU fitted.
* JLink Info: ETM fitted.
* JLink Info:   FPUnit: 6 code (BP) slots and 2 literal slots
* JLink Info: Found Cortex-M4 r0p1, Little endian.
 
Target info:
------------
Device: STM32F407ZG
VTarget = 3.026V
State of Pins: 
TCK: 0, TDI: 0, TDO: 0, TMS: 1, TRES: 1, TRST: 1
Hardware-Breakpoints: 6
Software-Breakpoints: 8192
Watchpoints:          4
JTAG speed: 2000 kHz
 
Erase Done.
Programming Done.
Verify OK.
* JLink Info: Found SWD-DP with ID 0x2BA01477
* JLink Info: TPIU fitted.
* JLink Info: ETM fitted.
* JLink Info:   FPUnit: 6 code (BP) slots and 2 literal slots
* JLink Info: Found Cortex-M4 r0p1, Little endian.
Application running ...
Build target 'DataConcentrator'
compiling task_led.c...
..\USER\task_led.c(24): warning:  #177-D: variable "al_rp" was declared but never referenced
..\USER\task_led.c(25): warning:  #177-D: variable "xResult" was declared but never referenced
linking...
Program Size: Code=67752 RO-data=3160 RW-data=9176 ZI-data=94432  
FromELF: creating hex file...
After Build - User command #1: C:\Keil\ARM\ARMCC\bin\fromelf.exe  --bin -o   ..\OUTPUT\Obj\DataConcentrator.bin ..\OUTPUT\Obj\DataConcentrator.axf
"..\OUTPUT\Obj\DataConcentrator.axf" - 0 Errors, 2 Warning(s).
Load "..\\OUTPUT\\Obj\\DataConcentrator.axf" 
* JLink Info: Device "STM32F407ZG" selected (1024 KB flash, 128 KB RAM).
Set JLink Project File to "F:\SZP\项目\集中控制器\程序软件\APP\MDK-ARM\JLinkSettings.ini"
 
JLink info:
------------
DLL: V4.40c, compiled Jan 24 2012 09:30:33
Firmware: J-Link V9 compiled Oct 25 2018 11:46:07
Hardware: V9.70
S/N : 59700618 
Feature(s) : RDI, FlashBP, FlashDL, JFlash, GDB 
 
* JLink Info: Found SWD-DP with ID 0x2BA01477
* JLink Info: TPIU fitted.
* JLink Info: ETM fitted.
* JLink Info:   FPUnit: 6 code (BP) slots and 2 literal slots
* JLink Info: Found Cortex-M4 r0p1, Little endian.
ROMTableAddr = 0xE00FF003
* JLink Info: Found SWD-DP with ID 0x2BA01477
* JLink Info: TPIU fitted.
* JLink Info: ETM fitted.
* JLink Info:   FPUnit: 6 code (BP) slots and 2 literal slots
* JLink Info: Found Cortex-M4 r0p1, Little endian.
 
Target info:
------------
Device: STM32F407ZG
VTarget = 3.080V
State of Pins: 
TCK: 0, TDI: 0, TDO: 0, TMS: 1, TRES: 1, TRST: 1
Hardware-Breakpoints: 6
Software-Breakpoints: 8192
Watchpoints:          4
JTAG speed: 2000 kHz
 
Erase Done.
Programming Done.
Verify OK.
* JLink Info: Found SWD-DP with ID 0x2BA01477
* JLink Info: TPIU fitted.
* JLink Info: ETM fitted.
* JLink Info:   FPUnit: 6 code (BP) slots and 2 literal slots
* JLink Info: Found Cortex-M4 r0p1, Little endian.
Application running ...
Build target 'DataConcentrator'
compiling task_store.c...
linking...
Program Size: Code=67772 RO-data=3156 RW-data=9176 ZI-data=94432  
FromELF: creating hex file...
After Build - User command #1: C:\Keil\ARM\ARMCC\bin\fromelf.exe  --bin -o   ..\OUTPUT\Obj\DataConcentrator.bin ..\OUTPUT\Obj\DataConcentrator.axf
"..\OUTPUT\Obj\DataConcentrator.axf" - 0 Errors, 0 Warning(s).
Load "..\\OUTPUT\\Obj\\DataConcentrator.axf" 
* JLink Info: Device "STM32F407ZG" selected (1024 KB flash, 128 KB RAM).
Set JLink Project File to "F:\SZP\项目\集中控制器\程序软件\APP\MDK-ARM\JLinkSettings.ini"
 
JLink info:
------------
DLL: V4.40c, compiled Jan 24 2012 09:30:33
Firmware: J-Link V9 compiled Oct 25 2018 11:46:07
Hardware: V9.70
S/N : 59700618 
Feature(s) : RDI, FlashBP, FlashDL, JFlash, GDB 
 
* JLink Info: Found SWD-DP with ID 0x2BA01477
* JLink Info: TPIU fitted.
* JLink Info: ETM fitted.
* JLink Info:   FPUnit: 6 code (BP) slots and 2 literal slots
* JLink Info: Found Cortex-M4 r0p1, Little endian.
ROMTableAddr = 0xE00FF003
* JLink Info: Found SWD-DP with ID 0x2BA01477
* JLink Info: TPIU fitted.
* JLink Info: ETM fitted.
* JLink Info:   FPUnit: 6 code (BP) slots and 2 literal slots
* JLink Info: Found Cortex-M4 r0p1, Little endian.
 
Target info:
------------
Device: STM32F407ZG
VTarget = 3.029V
State of Pins: 
TCK: 0, TDI: 0, TDO: 0, TMS: 1, TRES: 1, TRST: 1
Hardware-Breakpoints: 6
Software-Breakpoints: 8192
Watchpoints:          4
JTAG speed: 2000 kHz
 
Erase Done.
Programming Done.
Verify OK.
* JLink Info: Found SWD-DP with ID 0x2BA01477
* JLink Info: TPIU fitted.
* JLink Info: ETM fitted.
* JLink Info:   FPUnit: 6 code (BP) slots and 2 literal slots
* JLink Info: Found Cortex-M4 r0p1, Little endian.
Application running ...
Build target 'DataConcentrator'
compiling task_concentrator.c...
..\USER\task_concentrator.c(22): warning:  #177-D: variable "i" was declared but never referenced
linking...
Program Size: Code=67772 RO-data=3156 RW-data=9172 ZI-data=94428  
FromELF: creating hex file...
After Build - User command #1: C:\Keil\ARM\ARMCC\bin\fromelf.exe  --bin -o   ..\OUTPUT\Obj\DataConcentrator.bin ..\OUTPUT\Obj\DataConcentrator.axf
"..\OUTPUT\Obj\DataConcentrator.axf" - 0 Errors, 1 Warning(s).
Load "..\\OUTPUT\\Obj\\DataConcentrator.axf" 
* JLink Info: Device "STM32F407ZG" selected (1024 KB flash, 128 KB RAM).
Set JLink Project File to "F:\SZP\项目\集中控制器\程序软件\APP\MDK-ARM\JLinkSettings.ini"
 
JLink info:
------------
DLL: V4.40c, compiled Jan 24 2012 09:30:33
Firmware: J-Link V9 compiled Oct 25 2018 11:46:07
Hardware: V9.70
S/N : 59700618 
Feature(s) : RDI, FlashBP, FlashDL, JFlash, GDB 
 
* JLink Info: Found SWD-DP with ID 0x2BA01477
* JLink Info: TPIU fitted.
* JLink Info: ETM fitted.
* JLink Info:   FPUnit: 6 code (BP) slots and 2 literal slots
* JLink Info: Found Cortex-M4 r0p1, Little endian.
ROMTableAddr = 0xE00FF003
* JLink Info: Found SWD-DP with ID 0x2BA01477
* JLink Info: TPIU fitted.
* JLink Info: ETM fitted.
* JLink Info:   FPUnit: 6 code (BP) slots and 2 literal slots
* JLink Info: Found Cortex-M4 r0p1, Little endian.
 
Target info:
------------
Device: STM32F407ZG
VTarget = 3.101V
State of Pins: 
TCK: 0, TDI: 0, TDO: 0, TMS: 1, TRES: 1, TRST: 1
Hardware-Breakpoints: 6
Software-Breakpoints: 8192
Watchpoints:          4
JTAG speed: 2000 kHz
 
Erase Done.
Programming Done.
Verify OK.
* JLink Info: Found SWD-DP with ID 0x2BA01477
* JLink Info: TPIU fitted.
* JLink Info: ETM fitted.
* JLink Info:   FPUnit: 6 code (BP) slots and 2 literal slots
* JLink Info: Found Cortex-M4 r0p1, Little endian.
Application running ...
Build target 'DataConcentrator'
compiling task_store.c...
..\USER\task_store.c(15): warning:  #177-D: variable "al_rpp" was declared but never referenced
..\USER\task_store.c(16): warning:  #177-D: variable "xResult" was declared but never referenced
linking...
Program Size: Code=67740 RO-data=3156 RW-data=9172 ZI-data=94428  
FromELF: creating hex file...
After Build - User command #1: C:\Keil\ARM\ARMCC\bin\fromelf.exe  --bin -o   ..\OUTPUT\Obj\DataConcentrator.bin ..\OUTPUT\Obj\DataConcentrator.axf
"..\OUTPUT\Obj\DataConcentrator.axf" - 0 Errors, 2 Warning(s).
Load "..\\OUTPUT\\Obj\\DataConcentrator.axf" 
* JLink Info: Device "STM32F407ZG" selected (1024 KB flash, 128 KB RAM).
Set JLink Project File to "F:\SZP\项目\集中控制器\程序软件\APP\MDK-ARM\JLinkSettings.ini"
 
JLink info:
------------
DLL: V4.40c, compiled Jan 24 2012 09:30:33
Firmware: J-Link V9 compiled Oct 25 2018 11:46:07
Hardware: V9.70
S/N : 59700618 
Feature(s) : RDI, FlashBP, FlashDL, JFlash, GDB 
 
* JLink Info: Found SWD-DP with ID 0x2BA01477
* JLink Info: TPIU fitted.
* JLink Info: ETM fitted.
* JLink Info:   FPUnit: 6 code (BP) slots and 2 literal slots
* JLink Info: Found Cortex-M4 r0p1, Little endian.
ROMTableAddr = 0xE00FF003
* JLink Info: Found SWD-DP with ID 0x2BA01477
* JLink Info: TPIU fitted.
* JLink Info: ETM fitted.
* JLink Info:   FPUnit: 6 code (BP) slots and 2 literal slots
* JLink Info: Found Cortex-M4 r0p1, Little endian.
 
Target info:
------------
Device: STM32F407ZG
VTarget = 3.014V
State of Pins: 
TCK: 0, TDI: 0, TDO: 0, TMS: 1, TRES: 1, TRST: 1
Hardware-Breakpoints: 6
Software-Breakpoints: 8192
Watchpoints:          4
JTAG speed: 2000 kHz
 
Erase Done.
Programming Done.
Verify OK.
* JLink Info: Found SWD-DP with ID 0x2BA01477
* JLink Info: TPIU fitted.
* JLink Info: ETM fitted.
* JLink Info:   FPUnit: 6 code (BP) slots and 2 literal slots
* JLink Info: Found Cortex-M4 r0p1, Little endian.
Application running ...
Build target 'DataConcentrator'
compiling task_concentrator.c...
..\USER\task_concentrator.c(64): error:  #268: declaration may not appear after executable statement in block
..\USER\task_concentrator.c(64): error:  #67: expected a "}"
..\USER\task_concentrator.c(66): warning:  #177-D: variable "i" was declared but never referenced
"..\OUTPUT\Obj\DataConcentrator.axf" - 2 Errors, 1 Warning(s).
Target not created
Build target 'DataConcentrator'
compiling task_concentrator.c...
..\USER\task_concentrator.c(22): warning:  #177-D: variable "i" was declared but never referenced
..\USER\task_concentrator.c(68): warning:  #177-D: variable "i" was declared but never referenced
linking...
Program Size: Code=67748 RO-data=3156 RW-data=9172 ZI-data=94428  
FromELF: creating hex file...
After Build - User command #1: C:\Keil\ARM\ARMCC\bin\fromelf.exe  --bin -o   ..\OUTPUT\Obj\DataConcentrator.bin ..\OUTPUT\Obj\DataConcentrator.axf
"..\OUTPUT\Obj\DataConcentrator.axf" - 0 Errors, 2 Warning(s).
Load "..\\OUTPUT\\Obj\\DataConcentrator.axf" 
* JLink Info: Device "STM32F407ZG" selected (1024 KB flash, 128 KB RAM).
Set JLink Project File to "F:\SZP\项目\集中控制器\程序软件\APP\MDK-ARM\JLinkSettings.ini"
 
JLink info:
------------
DLL: V4.40c, compiled Jan 24 2012 09:30:33
Firmware: J-Link V9 compiled Oct 25 2018 11:46:07
Hardware: V9.70
S/N : 59700618 
Feature(s) : RDI, FlashBP, FlashDL, JFlash, GDB 
 
* JLink Info: Found SWD-DP with ID 0x2BA01477
* JLink Info: TPIU fitted.
* JLink Info: ETM fitted.
* JLink Info:   FPUnit: 6 code (BP) slots and 2 literal slots
* JLink Info: Found Cortex-M4 r0p1, Little endian.
ROMTableAddr = 0xE00FF003
* JLink Info: Found SWD-DP with ID 0x2BA01477
* JLink Info: TPIU fitted.
* JLink Info: ETM fitted.
* JLink Info:   FPUnit: 6 code (BP) slots and 2 literal slots
* JLink Info: Found Cortex-M4 r0p1, Little endian.
 
Target info:
------------
Device: STM32F407ZG
VTarget = 3.096V
State of Pins: 
TCK: 0, TDI: 0, TDO: 0, TMS: 1, TRES: 1, TRST: 1
Hardware-Breakpoints: 6
Software-Breakpoints: 8192
Watchpoints:          4
JTAG speed: 2000 kHz
 
Erase Done.
Programming Done.
Verify OK.
* JLink Info: Found SWD-DP with ID 0x2BA01477
* JLink Info: TPIU fitted.
* JLink Info: ETM fitted.
* JLink Info:   FPUnit: 6 code (BP) slots and 2 literal slots
* JLink Info: Found Cortex-M4 r0p1, Little endian.
Application running ...
Build target 'DataConcentrator'
compiling task_store.c...
linking...
Program Size: Code=67780 RO-data=3156 RW-data=9172 ZI-data=94428  
FromELF: creating hex file...
After Build - User command #1: C:\Keil\ARM\ARMCC\bin\fromelf.exe  --bin -o   ..\OUTPUT\Obj\DataConcentrator.bin ..\OUTPUT\Obj\DataConcentrator.axf
"..\OUTPUT\Obj\DataConcentrator.axf" - 0 Errors, 0 Warning(s).
Load "..\\OUTPUT\\Obj\\DataConcentrator.axf" 
* JLink Info: Device "STM32F407ZG" selected (1024 KB flash, 128 KB RAM).
Set JLink Project File to "F:\SZP\项目\集中控制器\程序软件\APP\MDK-ARM\JLinkSettings.ini"
 
JLink info:
------------
DLL: V4.40c, compiled Jan 24 2012 09:30:33
Firmware: J-Link V9 compiled Oct 25 2018 11:46:07
Hardware: V9.70
S/N : 59700618 
Feature(s) : RDI, FlashBP, FlashDL, JFlash, GDB 
 
* JLink Info: Found SWD-DP with ID 0x2BA01477
* JLink Info: TPIU fitted.
* JLink Info: ETM fitted.
* JLink Info:   FPUnit: 6 code (BP) slots and 2 literal slots
* JLink Info: Found Cortex-M4 r0p1, Little endian.
ROMTableAddr = 0xE00FF003
* JLink Info: Found SWD-DP with ID 0x2BA01477
* JLink Info: TPIU fitted.
* JLink Info: ETM fitted.
* JLink Info:   FPUnit: 6 code (BP) slots and 2 literal slots
* JLink Info: Found Cortex-M4 r0p1, Little endian.
 
Target info:
------------
Device: STM32F407ZG
VTarget = 3.003V
State of Pins: 
TCK: 0, TDI: 0, TDO: 0, TMS: 1, TRES: 1, TRST: 1
Hardware-Breakpoints: 6
Software-Breakpoints: 8192
Watchpoints:          4
JTAG speed: 2000 kHz
 
Erase Done.
Programming Done.
Verify OK.
* JLink Info: Found SWD-DP with ID 0x2BA01477
* JLink Info: TPIU fitted.
* JLink Info: ETM fitted.
* JLink Info:   FPUnit: 6 code (BP) slots and 2 literal slots
* JLink Info: Found Cortex-M4 r0p1, Little endian.
Application running ...
Build target 'DataConcentrator'
compiling task_store.c...
..\USER\task_store.c(23): error:  #20: identifier "al_rp" is undefined
"..\OUTPUT\Obj\DataConcentrator.axf" - 1 Errors, 0 Warning(s).
Target not created
Build target 'DataConcentrator'
compiling task_store.c...
..\USER\task_store.c(23): error:  #20: identifier "al_rp" is undefined
"..\OUTPUT\Obj\DataConcentrator.axf" - 1 Errors, 0 Warning(s).
Target not created
Build target 'DataConcentrator'
compiling task_store.c...
linking...
Program Size: Code=67748 RO-data=3156 RW-data=9172 ZI-data=94428  
FromELF: creating hex file...
After Build - User command #1: C:\Keil\ARM\ARMCC\bin\fromelf.exe  --bin -o   ..\OUTPUT\Obj\DataConcentrator.bin ..\OUTPUT\Obj\DataConcentrator.axf
"..\OUTPUT\Obj\DataConcentrator.axf" - 0 Errors, 0 Warning(s).
Build target 'DataConcentrator'
compiling task_store.c...
linking...
Program Size: Code=67796 RO-data=3156 RW-data=9172 ZI-data=94428  
FromELF: creating hex file...
After Build - User command #1: C:\Keil\ARM\ARMCC\bin\fromelf.exe  --bin -o   ..\OUTPUT\Obj\DataConcentrator.bin ..\OUTPUT\Obj\DataConcentrator.axf
"..\OUTPUT\Obj\DataConcentrator.axf" - 0 Errors, 0 Warning(s).
Load "..\\OUTPUT\\Obj\\DataConcentrator.axf" 
* JLink Info: Device "STM32F407ZG" selected (1024 KB flash, 128 KB RAM).
Set JLink Project File to "F:\SZP\项目\集中控制器\程序软件\APP\MDK-ARM\JLinkSettings.ini"
 
JLink info:
------------
DLL: V4.40c, compiled Jan 24 2012 09:30:33
Firmware: J-Link V9 compiled Oct 25 2018 11:46:07
Hardware: V9.70
S/N : 59700618 
Feature(s) : RDI, FlashBP, FlashDL, JFlash, GDB 
 
* JLink Info: Found SWD-DP with ID 0x2BA01477
* JLink Info: TPIU fitted.
* JLink Info: ETM fitted.
* JLink Info:   FPUnit: 6 code (BP) slots and 2 literal slots
* JLink Info: Found Cortex-M4 r0p1, Little endian.
ROMTableAddr = 0xE00FF003
* JLink Info: Found SWD-DP with ID 0x2BA01477
* JLink Info: TPIU fitted.
* JLink Info: ETM fitted.
* JLink Info:   FPUnit: 6 code (BP) slots and 2 literal slots
* JLink Info: Found Cortex-M4 r0p1, Little endian.
 
Target info:
------------
Device: STM32F407ZG
VTarget = 2.990V
State of Pins: 
TCK: 0, TDI: 0, TDO: 0, TMS: 1, TRES: 1, TRST: 1
Hardware-Breakpoints: 6
Software-Breakpoints: 8192
Watchpoints:          4
JTAG speed: 2000 kHz
 
Erase Done.
Programming Done.
Verify OK.
* JLink Info: Found SWD-DP with ID 0x2BA01477
* JLink Info: TPIU fitted.
* JLink Info: ETM fitted.
* JLink Info:   FPUnit: 6 code (BP) slots and 2 literal slots
* JLink Info: Found Cortex-M4 r0p1, Little endian.
Application running ...
Build target 'DataConcentrator'
compiling task_store.c...
linking...
Program Size: Code=67836 RO-data=3156 RW-data=9172 ZI-data=94428  
FromELF: creating hex file...
After Build - User command #1: C:\Keil\ARM\ARMCC\bin\fromelf.exe  --bin -o   ..\OUTPUT\Obj\DataConcentrator.bin ..\OUTPUT\Obj\DataConcentrator.axf
"..\OUTPUT\Obj\DataConcentrator.axf" - 0 Errors, 0 Warning(s).
Load "..\\OUTPUT\\Obj\\DataConcentrator.axf" 
* JLink Info: Device "STM32F407ZG" selected (1024 KB flash, 128 KB RAM).
Set JLink Project File to "F:\SZP\项目\集中控制器\程序软件\APP\MDK-ARM\JLinkSettings.ini"
 
JLink info:
------------
DLL: V4.40c, compiled Jan 24 2012 09:30:33
Firmware: J-Link V9 compiled Oct 25 2018 11:46:07
Hardware: V9.70
S/N : 59700618 
Feature(s) : RDI, FlashBP, FlashDL, JFlash, GDB 
 
* JLink Info: Found SWD-DP with ID 0x2BA01477
* JLink Info: TPIU fitted.
* JLink Info: ETM fitted.
* JLink Info:   FPUnit: 6 code (BP) slots and 2 literal slots
* JLink Info: Found Cortex-M4 r0p1, Little endian.
ROMTableAddr = 0xE00FF003
* JLink Info: Found SWD-DP with ID 0x2BA01477
* JLink Info: TPIU fitted.
* JLink Info: ETM fitted.
* JLink Info:   FPUnit: 6 code (BP) slots and 2 literal slots
* JLink Info: Found Cortex-M4 r0p1, Little endian.
 
Target info:
------------
Device: STM32F407ZG
VTarget = 3.098V
State of Pins: 
TCK: 0, TDI: 0, TDO: 0, TMS: 1, TRES: 1, TRST: 1
Hardware-Breakpoints: 6
Software-Breakpoints: 8192
Watchpoints:          4
JTAG speed: 2000 kHz
 
Erase Done.
Programming Done.
Verify OK.
* JLink Info: Found SWD-DP with ID 0x2BA01477
* JLink Info: TPIU fitted.
* JLink Info: ETM fitted.
* JLink Info:   FPUnit: 6 code (BP) slots and 2 literal slots
* JLink Info: Found Cortex-M4 r0p1, Little endian.
Application running ...
Build target 'DataConcentrator'
compiling task_concentrator.c...
..\USER\task_concentrator.c(22): warning:  #177-D: variable "i" was declared but never referenced
..\USER\task_concentrator.c(68): warning:  #177-D: variable "i" was declared but never referenced
linking...
Program Size: Code=67820 RO-data=3156 RW-data=9172 ZI-data=94428  
FromELF: creating hex file...
After Build - User command #1: C:\Keil\ARM\ARMCC\bin\fromelf.exe  --bin -o   ..\OUTPUT\Obj\DataConcentrator.bin ..\OUTPUT\Obj\DataConcentrator.axf
"..\OUTPUT\Obj\DataConcentrator.axf" - 0 Errors, 2 Warning(s).
Load "..\\OUTPUT\\Obj\\DataConcentrator.axf" 
* JLink Info: Device "STM32F407ZG" selected (1024 KB flash, 128 KB RAM).
Set JLink Project File to "F:\SZP\项目\集中控制器\程序软件\APP\MDK-ARM\JLinkSettings.ini"
 
JLink info:
------------
DLL: V4.40c, compiled Jan 24 2012 09:30:33
Firmware: J-Link V9 compiled Oct 25 2018 11:46:07
Hardware: V9.70
S/N : 59700618 
Feature(s) : RDI, FlashBP, FlashDL, JFlash, GDB 
 
* JLink Info: Found SWD-DP with ID 0x2BA01477
* JLink Info: TPIU fitted.
* JLink Info: ETM fitted.
* JLink Info:   FPUnit: 6 code (BP) slots and 2 literal slots
* JLink Info: Found Cortex-M4 r0p1, Little endian.
ROMTableAddr = 0xE00FF003
* JLink Info: Found SWD-DP with ID 0x2BA01477
* JLink Info: TPIU fitted.
* JLink Info: ETM fitted.
* JLink Info:   FPUnit: 6 code (BP) slots and 2 literal slots
* JLink Info: Found Cortex-M4 r0p1, Little endian.
 
Target info:
------------
Device: STM32F407ZG
VTarget = 2.985V
State of Pins: 
TCK: 0, TDI: 0, TDO: 0, TMS: 1, TRES: 1, TRST: 1
Hardware-Breakpoints: 6
Software-Breakpoints: 8192
Watchpoints:          4
JTAG speed: 2000 kHz
 
Erase Done.
Programming Done.
Verify OK.
* JLink Info: Found SWD-DP with ID 0x2BA01477
* JLink Info: TPIU fitted.
* JLink Info: ETM fitted.
* JLink Info:   FPUnit: 6 code (BP) slots and 2 literal slots
* JLink Info: Found Cortex-M4 r0p1, Little endian.
Application running ...
Build target 'DataConcentrator'
compiling rtos_task.c...
linking...
Program Size: Code=67828 RO-data=3156 RW-data=9172 ZI-data=94428  
FromELF: creating hex file...
After Build - User command #1: C:\Keil\ARM\ARMCC\bin\fromelf.exe  --bin -o   ..\OUTPUT\Obj\DataConcentrator.bin ..\OUTPUT\Obj\DataConcentrator.axf
"..\OUTPUT\Obj\DataConcentrator.axf" - 0 Errors, 0 Warning(s).
Load "..\\OUTPUT\\Obj\\DataConcentrator.axf" 
* JLink Info: Device "STM32F407ZG" selected (1024 KB flash, 128 KB RAM).
Set JLink Project File to "F:\SZP\项目\集中控制器\程序软件\APP\MDK-ARM\JLinkSettings.ini"
 
JLink info:
------------
DLL: V4.40c, compiled Jan 24 2012 09:30:33
Firmware: J-Link V9 compiled Oct 25 2018 11:46:07
Hardware: V9.70
S/N : 59700618 
Feature(s) : RDI, FlashBP, FlashDL, JFlash, GDB 
 
* JLink Info: Found SWD-DP with ID 0x2BA01477
* JLink Info: TPIU fitted.
* JLink Info: ETM fitted.
* JLink Info:   FPUnit: 6 code (BP) slots and 2 literal slots
* JLink Info: Found Cortex-M4 r0p1, Little endian.
ROMTableAddr = 0xE00FF003
* JLink Info: Found SWD-DP with ID 0x2BA01477
* JLink Info: TPIU fitted.
* JLink Info: ETM fitted.
* JLink Info:   FPUnit: 6 code (BP) slots and 2 literal slots
* JLink Info: Found Cortex-M4 r0p1, Little endian.
 
Target info:
------------
Device: STM32F407ZG
VTarget = 2.974V
State of Pins: 
TCK: 0, TDI: 0, TDO: 0, TMS: 1, TRES: 1, TRST: 1
Hardware-Breakpoints: 6
Software-Breakpoints: 8192
Watchpoints:          4
JTAG speed: 2000 kHz
 
Erase Done.
Programming Done.
Verify OK.
* JLink Info: Found SWD-DP with ID 0x2BA01477
* JLink Info: TPIU fitted.
* JLink Info: ETM fitted.
* JLink Info:   FPUnit: 6 code (BP) slots and 2 literal slots
* JLink Info: Found Cortex-M4 r0p1, Little endian.
Application running ...
Build target 'DataConcentrator'
compiling rtos_task.c...
linking...
Program Size: Code=67820 RO-data=3156 RW-data=9172 ZI-data=94428  
FromELF: creating hex file...
After Build - User command #1: C:\Keil\ARM\ARMCC\bin\fromelf.exe  --bin -o   ..\OUTPUT\Obj\DataConcentrator.bin ..\OUTPUT\Obj\DataConcentrator.axf
"..\OUTPUT\Obj\DataConcentrator.axf" - 0 Errors, 0 Warning(s).
Build target 'DataConcentrator'
compiling task_concentrator.c...
..\USER\task_concentrator.c(22): warning:  #177-D: variable "i" was declared but never referenced
..\USER\task_concentrator.c(68): warning:  #177-D: variable "i" was declared but never referenced
linking...
Program Size: Code=67820 RO-data=3156 RW-data=9172 ZI-data=94428  
FromELF: creating hex file...
After Build - User command #1: C:\Keil\ARM\ARMCC\bin\fromelf.exe  --bin -o   ..\OUTPUT\Obj\DataConcentrator.bin ..\OUTPUT\Obj\DataConcentrator.axf
"..\OUTPUT\Obj\DataConcentrator.axf" - 0 Errors, 2 Warning(s).
Load "..\\OUTPUT\\Obj\\DataConcentrator.axf" 
* JLink Info: Device "STM32F407ZG" selected (1024 KB flash, 128 KB RAM).
Set JLink Project File to "F:\SZP\项目\集中控制器\程序软件\APP\MDK-ARM\JLinkSettings.ini"
 
JLink info:
------------
DLL: V4.40c, compiled Jan 24 2012 09:30:33
Firmware: J-Link V9 compiled Oct 25 2018 11:46:07
Hardware: V9.70
S/N : 59700618 
Feature(s) : RDI, FlashBP, FlashDL, JFlash, GDB 
 
* JLink Info: Found SWD-DP with ID 0x2BA01477
* JLink Info: TPIU fitted.
* JLink Info: ETM fitted.
* JLink Info:   FPUnit: 6 code (BP) slots and 2 literal slots
* JLink Info: Found Cortex-M4 r0p1, Little endian.
ROMTableAddr = 0xE00FF003
* JLink Info: Found SWD-DP with ID 0x2BA01477
* JLink Info: TPIU fitted.
* JLink Info: ETM fitted.
* JLink Info:   FPUnit: 6 code (BP) slots and 2 literal slots
* JLink Info: Found Cortex-M4 r0p1, Little endian.
 
Target info:
------------
Device: STM32F407ZG
VTarget = 3.105V
State of Pins: 
TCK: 0, TDI: 0, TDO: 0, TMS: 1, TRES: 1, TRST: 1
Hardware-Breakpoints: 6
Software-Breakpoints: 8192
Watchpoints:          4
JTAG speed: 2000 kHz
 
Erase Done.
Programming Done.
Verify OK.
* JLink Info: Found SWD-DP with ID 0x2BA01477
* JLink Info: TPIU fitted.
* JLink Info: ETM fitted.
* JLink Info:   FPUnit: 6 code (BP) slots and 2 literal slots
* JLink Info: Found Cortex-M4 r0p1, Little endian.
Application running ...
Build target 'DataConcentrator'
compiling task_concentrator.c...
..\USER\task_concentrator.c(22): warning:  #177-D: variable "i" was declared but never referenced
..\USER\task_concentrator.c(68): warning:  #177-D: variable "i" was declared but never referenced
linking...
Program Size: Code=67820 RO-data=3156 RW-data=9172 ZI-data=94428  
FromELF: creating hex file...
After Build - User command #1: C:\Keil\ARM\ARMCC\bin\fromelf.exe  --bin -o   ..\OUTPUT\Obj\DataConcentrator.bin ..\OUTPUT\Obj\DataConcentrator.axf
"..\OUTPUT\Obj\DataConcentrator.axf" - 0 Errors, 2 Warning(s).
Build target 'DataConcentrator'
compiling task_concentrator.c...
..\USER\task_concentrator.c(22): warning:  #177-D: variable "i" was declared but never referenced
..\USER\task_concentrator.c(92): warning:  #177-D: variable "i" was declared but never referenced
compiling task_store.c...
linking...
Program Size: Code=67820 RO-data=3156 RW-data=9172 ZI-data=94428  
FromELF: creating hex file...
After Build - User command #1: C:\Keil\ARM\ARMCC\bin\fromelf.exe  --bin -o   ..\OUTPUT\Obj\DataConcentrator.bin ..\OUTPUT\Obj\DataConcentrator.axf
"..\OUTPUT\Obj\DataConcentrator.axf" - 0 Errors, 2 Warning(s).
Load "..\\OUTPUT\\Obj\\DataConcentrator.axf" 
* JLink Info: Device "STM32F407ZG" selected (1024 KB flash, 128 KB RAM).
Set JLink Project File to "F:\SZP\项目\集中控制器\程序软件\APP\MDK-ARM\JLinkSettings.ini"
 
JLink info:
------------
DLL: V4.40c, compiled Jan 24 2012 09:30:33
Firmware: J-Link V9 compiled Oct 25 2018 11:46:07
Hardware: V9.70
S/N : 59700618 
Feature(s) : RDI, FlashBP, FlashDL, JFlash, GDB 
 
* JLink Info: Found SWD-DP with ID 0x2BA01477
* JLink Info: TPIU fitted.
* JLink Info: ETM fitted.
* JLink Info:   FPUnit: 6 code (BP) slots and 2 literal slots
* JLink Info: Found Cortex-M4 r0p1, Little endian.
ROMTableAddr = 0xE00FF003
* JLink Info: Found SWD-DP with ID 0x2BA01477
* JLink Info: TPIU fitted.
* JLink Info: ETM fitted.
* JLink Info:   FPUnit: 6 code (BP) slots and 2 literal slots
* JLink Info: Found Cortex-M4 r0p1, Little endian.
 
Target info:
------------
Device: STM32F407ZG
VTarget = 3.101V
State of Pins: 
TCK: 0, TDI: 0, TDO: 0, TMS: 1, TRES: 1, TRST: 1
Hardware-Breakpoints: 6
Software-Breakpoints: 8192
Watchpoints:          4
JTAG speed: 2000 kHz
 
Erase Done.
Programming Done.
Verify OK.
* JLink Info: Found SWD-DP with ID 0x2BA01477
* JLink Info: TPIU fitted.
* JLink Info: ETM fitted.
* JLink Info:   FPUnit: 6 code (BP) slots and 2 literal slots
* JLink Info: Found Cortex-M4 r0p1, Little endian.
Application running ...
Build target 'DataConcentrator'
compiling main.c...
compiling common.c...
compiling rtos_task.c...
compiling task_4g.c...
compiling task_handle_server_frame.c...
compiling task_concentrator.c...
..\USER\task_concentrator.c(22): warning:  #177-D: variable "i" was declared but never referenced
..\USER\task_concentrator.c(92): warning:  #177-D: variable "i" was declared but never referenced
compiling server_protocol.c...
compiling event_alarm.c...
compiling concentrator.c...
linking...
Program Size: Code=67748 RO-data=3156 RW-data=9172 ZI-data=94428  
FromELF: creating hex file...
After Build - User command #1: C:\Keil\ARM\ARMCC\bin\fromelf.exe  --bin -o   ..\OUTPUT\Obj\DataConcentrator.bin ..\OUTPUT\Obj\DataConcentrator.axf
"..\OUTPUT\Obj\DataConcentrator.axf" - 0 Errors, 2 Warning(s).
Build target 'DataConcentrator'
compiling rtos_task.c...
linking...
Program Size: Code=67748 RO-data=3156 RW-data=9172 ZI-data=94428  
FromELF: creating hex file...
After Build - User command #1: C:\Keil\ARM\ARMCC\bin\fromelf.exe  --bin -o   ..\OUTPUT\Obj\DataConcentrator.bin ..\OUTPUT\Obj\DataConcentrator.axf
"..\OUTPUT\Obj\DataConcentrator.axf" - 0 Errors, 0 Warning(s).
Load "..\\OUTPUT\\Obj\\DataConcentrator.axf" 
* JLink Info: Device "STM32F407ZG" selected (1024 KB flash, 128 KB RAM).
Set JLink Project File to "F:\SZP\项目\集中控制器\程序软件\APP\MDK-ARM\JLinkSettings.ini"
 
JLink info:
------------
DLL: V4.40c, compiled Jan 24 2012 09:30:33
Firmware: J-Link V9 compiled Oct 25 2018 11:46:07
Hardware: V9.70
S/N : 59700618 
Feature(s) : RDI, FlashBP, FlashDL, JFlash, GDB 
 
* JLink Info: Found SWD-DP with ID 0x2BA01477
* JLink Info: TPIU fitted.
* JLink Info: ETM fitted.
* JLink Info:   FPUnit: 6 code (BP) slots and 2 literal slots
* JLink Info: Found Cortex-M4 r0p1, Little endian.
ROMTableAddr = 0xE00FF003
* JLink Info: Found SWD-DP with ID 0x2BA01477
* JLink Info: TPIU fitted.
* JLink Info: ETM fitted.
* JLink Info:   FPUnit: 6 code (BP) slots and 2 literal slots
* JLink Info: Found Cortex-M4 r0p1, Little endian.
 
Target info:
------------
Device: STM32F407ZG
VTarget = 3.100V
State of Pins: 
TCK: 0, TDI: 0, TDO: 0, TMS: 1, TRES: 1, TRST: 1
Hardware-Breakpoints: 6
Software-Breakpoints: 8192
Watchpoints:          4
JTAG speed: 2000 kHz
 
Erase Done.
Programming Done.
Verify OK.
* JLink Info: Found SWD-DP with ID 0x2BA01477
* JLink Info: TPIU fitted.
* JLink Info: ETM fitted.
* JLink Info:   FPUnit: 6 code (BP) slots and 2 literal slots
* JLink Info: Found Cortex-M4 r0p1, Little endian.
Application running ...
Build target 'DataConcentrator'
compiling rtos_task.c...
linking...
Program Size: Code=67748 RO-data=3156 RW-data=9172 ZI-data=94428  
FromELF: creating hex file...
After Build - User command #1: C:\Keil\ARM\ARMCC\bin\fromelf.exe  --bin -o   ..\OUTPUT\Obj\DataConcentrator.bin ..\OUTPUT\Obj\DataConcentrator.axf
"..\OUTPUT\Obj\DataConcentrator.axf" - 0 Errors, 0 Warning(s).
Build target 'DataConcentrator'
compiling rtos_task.c...
linking...
Program Size: Code=67748 RO-data=3156 RW-data=9172 ZI-data=94428  
FromELF: creating hex file...
After Build - User command #1: C:\Keil\ARM\ARMCC\bin\fromelf.exe  --bin -o   ..\OUTPUT\Obj\DataConcentrator.bin ..\OUTPUT\Obj\DataConcentrator.axf
"..\OUTPUT\Obj\DataConcentrator.axf" - 0 Errors, 0 Warning(s).
Load "..\\OUTPUT\\Obj\\DataConcentrator.axf" 
* JLink Info: Device "STM32F407ZG" selected (1024 KB flash, 128 KB RAM).
Set JLink Project File to "F:\SZP\项目\集中控制器\程序软件\APP\MDK-ARM\JLinkSettings.ini"
 
JLink info:
------------
DLL: V4.40c, compiled Jan 24 2012 09:30:33
Firmware: J-Link V9 compiled Oct 25 2018 11:46:07
Hardware: V9.70
S/N : 59700618 
Feature(s) : RDI, FlashBP, FlashDL, JFlash, GDB 
 
* JLink Info: Found SWD-DP with ID 0x2BA01477
* JLink Info: TPIU fitted.
* JLink Info: ETM fitted.
* JLink Info:   FPUnit: 6 code (BP) slots and 2 literal slots
* JLink Info: Found Cortex-M4 r0p1, Little endian.
ROMTableAddr = 0xE00FF003
* JLink Info: Found SWD-DP with ID 0x2BA01477
* JLink Info: TPIU fitted.
* JLink Info: ETM fitted.
* JLink Info:   FPUnit: 6 code (BP) slots and 2 literal slots
* JLink Info: Found Cortex-M4 r0p1, Little endian.
 
Target info:
------------
Device: STM32F407ZG
VTarget = 3.047V
State of Pins: 
TCK: 0, TDI: 0, TDO: 0, TMS: 1, TRES: 1, TRST: 1
Hardware-Breakpoints: 6
Software-Breakpoints: 8192
Watchpoints:          4
JTAG speed: 2000 kHz
 
Erase Done.
Programming Done.
Verify OK.
* JLink Info: Found SWD-DP with ID 0x2BA01477
* JLink Info: TPIU fitted.
* JLink Info: ETM fitted.
* JLink Info:   FPUnit: 6 code (BP) slots and 2 literal slots
* JLink Info: Found Cortex-M4 r0p1, Little endian.
Application running ...
Build target 'DataConcentrator'
compiling rtos_task.c...
linking...
Program Size: Code=67704 RO-data=3160 RW-data=8656 ZI-data=94432  
FromELF: creating hex file...
After Build - User command #1: C:\Keil\ARM\ARMCC\bin\fromelf.exe  --bin -o   ..\OUTPUT\Obj\DataConcentrator.bin ..\OUTPUT\Obj\DataConcentrator.axf
"..\OUTPUT\Obj\DataConcentrator.axf" - 0 Errors, 0 Warning(s).
Load "..\\OUTPUT\\Obj\\DataConcentrator.axf" 
* JLink Info: Device "STM32F407ZG" selected (1024 KB flash, 128 KB RAM).
Set JLink Project File to "F:\SZP\项目\集中控制器\程序软件\APP\MDK-ARM\JLinkSettings.ini"
 
JLink info:
------------
DLL: V4.40c, compiled Jan 24 2012 09:30:33
Firmware: J-Link V9 compiled Oct 25 2018 11:46:07
Hardware: V9.70
S/N : 59700618 
Feature(s) : RDI, FlashBP, FlashDL, JFlash, GDB 
 
* JLink Info: Found SWD-DP with ID 0x2BA01477
* JLink Info: TPIU fitted.
* JLink Info: ETM fitted.
* JLink Info:   FPUnit: 6 code (BP) slots and 2 literal slots
* JLink Info: Found Cortex-M4 r0p1, Little endian.
ROMTableAddr = 0xE00FF003
* JLink Info: Found SWD-DP with ID 0x2BA01477
* JLink Info: TPIU fitted.
* JLink Info: ETM fitted.
* JLink Info:   FPUnit: 6 code (BP) slots and 2 literal slots
* JLink Info: Found Cortex-M4 r0p1, Little endian.
 
Target info:
------------
Device: STM32F407ZG
VTarget = 3.011V
State of Pins: 
TCK: 0, TDI: 0, TDO: 0, TMS: 1, TRES: 1, TRST: 1
Hardware-Breakpoints: 6
Software-Breakpoints: 8192
Watchpoints:          4
JTAG speed: 2000 kHz
 
Erase Done.
Programming Done.
Verify OK.
* JLink Info: Found SWD-DP with ID 0x2BA01477
* JLink Info: TPIU fitted.
* JLink Info: ETM fitted.
* JLink Info:   FPUnit: 6 code (BP) slots and 2 literal slots
* JLink Info: Found Cortex-M4 r0p1, Little endian.
Application running ...
Build target 'DataConcentrator'
compiling rtos_task.c...
linking...
Program Size: Code=67688 RO-data=3160 RW-data=8656 ZI-data=94432  
FromELF: creating hex file...
After Build - User command #1: C:\Keil\ARM\ARMCC\bin\fromelf.exe  --bin -o   ..\OUTPUT\Obj\DataConcentrator.bin ..\OUTPUT\Obj\DataConcentrator.axf
"..\OUTPUT\Obj\DataConcentrator.axf" - 0 Errors, 0 Warning(s).
Load "..\\OUTPUT\\Obj\\DataConcentrator.axf" 
* JLink Info: Device "STM32F407ZG" selected (1024 KB flash, 128 KB RAM).
Set JLink Project File to "F:\SZP\项目\集中控制器\程序软件\APP\MDK-ARM\JLinkSettings.ini"
 
JLink info:
------------
DLL: V4.40c, compiled Jan 24 2012 09:30:33
Firmware: J-Link V9 compiled Oct 25 2018 11:46:07
Hardware: V9.70
S/N : 59700618 
Feature(s) : RDI, FlashBP, FlashDL, JFlash, GDB 
 
* JLink Info: Found SWD-DP with ID 0x2BA01477
* JLink Info: TPIU fitted.
* JLink Info: ETM fitted.
* JLink Info:   FPUnit: 6 code (BP) slots and 2 literal slots
* JLink Info: Found Cortex-M4 r0p1, Little endian.
ROMTableAddr = 0xE00FF003
* JLink Info: Found SWD-DP with ID 0x2BA01477
* JLink Info: TPIU fitted.
* JLink Info: ETM fitted.
* JLink Info:   FPUnit: 6 code (BP) slots and 2 literal slots
* JLink Info: Found Cortex-M4 r0p1, Little endian.
 
Target info:
------------
Device: STM32F407ZG
VTarget = 3.092V
State of Pins: 
TCK: 0, TDI: 0, TDO: 0, TMS: 1, TRES: 1, TRST: 1
Hardware-Breakpoints: 6
Software-Breakpoints: 8192
Watchpoints:          4
JTAG speed: 2000 kHz
 
Erase Done.
Programming Done.
Verify OK.
* JLink Info: Found SWD-DP with ID 0x2BA01477
* JLink Info: TPIU fitted.
* JLink Info: ETM fitted.
* JLink Info:   FPUnit: 6 code (BP) slots and 2 literal slots
* JLink Info: Found Cortex-M4 r0p1, Little endian.
Application running ...
Build target 'DataConcentrator'
compiling task_concentrator.c...
..\USER\task_concentrator.c(22): warning:  #177-D: variable "i" was declared but never referenced
..\USER\task_concentrator.c(92): warning:  #177-D: variable "i" was declared but never referenced
linking...
Program Size: Code=67348 RO-data=3156 RW-data=8656 ZI-data=94432  
FromELF: creating hex file...
After Build - User command #1: C:\Keil\ARM\ARMCC\bin\fromelf.exe  --bin -o   ..\OUTPUT\Obj\DataConcentrator.bin ..\OUTPUT\Obj\DataConcentrator.axf
"..\OUTPUT\Obj\DataConcentrator.axf" - 0 Errors, 2 Warning(s).
Load "..\\OUTPUT\\Obj\\DataConcentrator.axf" 
* JLink Info: Device "STM32F407ZG" selected (1024 KB flash, 128 KB RAM).
Set JLink Project File to "F:\SZP\项目\集中控制器\程序软件\APP\MDK-ARM\JLinkSettings.ini"
 
JLink info:
------------
DLL: V4.40c, compiled Jan 24 2012 09:30:33
Firmware: J-Link V9 compiled Oct 25 2018 11:46:07
Hardware: V9.70
S/N : 59700618 
Feature(s) : RDI, FlashBP, FlashDL, JFlash, GDB 
 
* JLink Info: Found SWD-DP with ID 0x2BA01477
* JLink Info: TPIU fitted.
* JLink Info: ETM fitted.
* JLink Info:   FPUnit: 6 code (BP) slots and 2 literal slots
* JLink Info: Found Cortex-M4 r0p1, Little endian.
ROMTableAddr = 0xE00FF003
* JLink Info: Found SWD-DP with ID 0x2BA01477
* JLink Info: TPIU fitted.
* JLink Info: ETM fitted.
* JLink Info:   FPUnit: 6 code (BP) slots and 2 literal slots
* JLink Info: Found Cortex-M4 r0p1, Little endian.
 
Target info:
------------
Device: STM32F407ZG
VTarget = 3.005V
State of Pins: 
TCK: 0, TDI: 0, TDO: 0, TMS: 1, TRES: 1, TRST: 1
Hardware-Breakpoints: 6
Software-Breakpoints: 8192
Watchpoints:          4
JTAG speed: 2000 kHz
 
Erase Done.
Programming Done.
Verify OK.
* JLink Info: Found SWD-DP with ID 0x2BA01477
* JLink Info: TPIU fitted.
* JLink Info: ETM fitted.
* JLink Info:   FPUnit: 6 code (BP) slots and 2 literal slots
* JLink Info: Found Cortex-M4 r0p1, Little endian.
Application running ...
Build target 'DataConcentrator'
compiling task_concentrator.c...
..\USER\task_concentrator.c(22): warning:  #177-D: variable "i" was declared but never referenced
..\USER\task_concentrator.c(92): warning:  #177-D: variable "i" was declared but never referenced
linking...
Program Size: Code=67600 RO-data=3160 RW-data=8656 ZI-data=94432  
FromELF: creating hex file...
After Build - User command #1: C:\Keil\ARM\ARMCC\bin\fromelf.exe  --bin -o   ..\OUTPUT\Obj\DataConcentrator.bin ..\OUTPUT\Obj\DataConcentrator.axf
"..\OUTPUT\Obj\DataConcentrator.axf" - 0 Errors, 2 Warning(s).
Load "..\\OUTPUT\\Obj\\DataConcentrator.axf" 
* JLink Info: Device "STM32F407ZG" selected (1024 KB flash, 128 KB RAM).
Set JLink Project File to "F:\SZP\项目\集中控制器\程序软件\APP\MDK-ARM\JLinkSettings.ini"
 
JLink info:
------------
DLL: V4.40c, compiled Jan 24 2012 09:30:33
Firmware: J-Link V9 compiled Oct 25 2018 11:46:07
Hardware: V9.70
S/N : 59700618 
Feature(s) : RDI, FlashBP, FlashDL, JFlash, GDB 
 
* JLink Info: Found SWD-DP with ID 0x2BA01477
* JLink Info: TPIU fitted.
* JLink Info: ETM fitted.
* JLink Info:   FPUnit: 6 code (BP) slots and 2 literal slots
* JLink Info: Found Cortex-M4 r0p1, Little endian.
ROMTableAddr = 0xE00FF003
* JLink Info: Found SWD-DP with ID 0x2BA01477
* JLink Info: TPIU fitted.
* JLink Info: ETM fitted.
* JLink Info:   FPUnit: 6 code (BP) slots and 2 literal slots
* JLink Info: Found Cortex-M4 r0p1, Little endian.
 
Target info:
------------
Device: STM32F407ZG
VTarget = 3.053V
State of Pins: 
TCK: 0, TDI: 0, TDO: 0, TMS: 1, TRES: 1, TRST: 1
Hardware-Breakpoints: 6
Software-Breakpoints: 8192
Watchpoints:          4
JTAG speed: 2000 kHz
 
Erase Done.
Programming Done.
Verify OK.
* JLink Info: Found SWD-DP with ID 0x2BA01477
* JLink Info: TPIU fitted.
* JLink Info: ETM fitted.
* JLink Info:   FPUnit: 6 code (BP) slots and 2 literal slots
* JLink Info: Found Cortex-M4 r0p1, Little endian.
Application running ...
Build target 'DataConcentrator'
compiling task_concentrator.c...
..\USER\task_concentrator.c(22): warning:  #177-D: variable "i" was declared but never referenced
..\USER\task_concentrator.c(92): warning:  #177-D: variable "i" was declared but never referenced
linking...
Program Size: Code=67640 RO-data=3160 RW-data=8656 ZI-data=94432  
FromELF: creating hex file...
After Build - User command #1: C:\Keil\ARM\ARMCC\bin\fromelf.exe  --bin -o   ..\OUTPUT\Obj\DataConcentrator.bin ..\OUTPUT\Obj\DataConcentrator.axf
"..\OUTPUT\Obj\DataConcentrator.axf" - 0 Errors, 2 Warning(s).
Load "..\\OUTPUT\\Obj\\DataConcentrator.axf" 
* JLink Info: Device "STM32F407ZG" selected (1024 KB flash, 128 KB RAM).
Set JLink Project File to "F:\SZP\项目\集中控制器\程序软件\APP\MDK-ARM\JLinkSettings.ini"
 
JLink info:
------------
DLL: V4.40c, compiled Jan 24 2012 09:30:33
Firmware: J-Link V9 compiled Oct 25 2018 11:46:07
Hardware: V9.70
S/N : 59700618 
Feature(s) : RDI, FlashBP, FlashDL, JFlash, GDB 
 
* JLink Info: Found SWD-DP with ID 0x2BA01477
* JLink Info: TPIU fitted.
* JLink Info: ETM fitted.
* JLink Info:   FPUnit: 6 code (BP) slots and 2 literal slots
* JLink Info: Found Cortex-M4 r0p1, Little endian.
ROMTableAddr = 0xE00FF003
* JLink Info: Found SWD-DP with ID 0x2BA01477
* JLink Info: TPIU fitted.
* JLink Info: ETM fitted.
* JLink Info:   FPUnit: 6 code (BP) slots and 2 literal slots
* JLink Info: Found Cortex-M4 r0p1, Little endian.
 
Target info:
------------
Device: STM32F407ZG
VTarget = 3.063V
State of Pins: 
TCK: 0, TDI: 0, TDO: 0, TMS: 1, TRES: 1, TRST: 1
Hardware-Breakpoints: 6
Software-Breakpoints: 8192
Watchpoints:          4
JTAG speed: 2000 kHz
 
Erase Done.
Programming Done.
Verify OK.
* JLink Info: Found SWD-DP with ID 0x2BA01477
* JLink Info: TPIU fitted.
* JLink Info: ETM fitted.
* JLink Info:   FPUnit: 6 code (BP) slots and 2 literal slots
* JLink Info: Found Cortex-M4 r0p1, Little endian.
Application running ...
Build target 'DataConcentrator'
compiling rtos_task.c...
linking...
Program Size: Code=67640 RO-data=3160 RW-data=8656 ZI-data=94432  
FromELF: creating hex file...
After Build - User command #1: C:\Keil\ARM\ARMCC\bin\fromelf.exe  --bin -o   ..\OUTPUT\Obj\DataConcentrator.bin ..\OUTPUT\Obj\DataConcentrator.axf
"..\OUTPUT\Obj\DataConcentrator.axf" - 0 Errors, 0 Warning(s).
Build target 'DataConcentrator'
compiling task_concentrator.c...
..\USER\task_concentrator.c(92): warning:  #177-D: variable "i" was declared but never referenced
linking...
Program Size: Code=67600 RO-data=3160 RW-data=8656 ZI-data=94432  
FromELF: creating hex file...
After Build - User command #1: C:\Keil\ARM\ARMCC\bin\fromelf.exe  --bin -o   ..\OUTPUT\Obj\DataConcentrator.bin ..\OUTPUT\Obj\DataConcentrator.axf
"..\OUTPUT\Obj\DataConcentrator.axf" - 0 Errors, 1 Warning(s).
Load "..\\OUTPUT\\Obj\\DataConcentrator.axf" 
* JLink Info: Device "STM32F407ZG" selected (1024 KB flash, 128 KB RAM).
Set JLink Project File to "F:\SZP\项目\集中控制器\程序软件\APP\MDK-ARM\JLinkSettings.ini"
 
JLink info:
------------
DLL: V4.40c, compiled Jan 24 2012 09:30:33
Firmware: J-Link V9 compiled Oct 25 2018 11:46:07
Hardware: V9.70
S/N : 59700618 
Feature(s) : RDI, FlashBP, FlashDL, JFlash, GDB 
 
* JLink Info: Found SWD-DP with ID 0x2BA01477
* JLink Info: TPIU fitted.
* JLink Info: ETM fitted.
* JLink Info:   FPUnit: 6 code (BP) slots and 2 literal slots
* JLink Info: Found Cortex-M4 r0p1, Little endian.
ROMTableAddr = 0xE00FF003
* JLink Info: Found SWD-DP with ID 0x2BA01477
* JLink Info: TPIU fitted.
* JLink Info: ETM fitted.
* JLink Info:   FPUnit: 6 code (BP) slots and 2 literal slots
* JLink Info: Found Cortex-M4 r0p1, Little endian.
 
Target info:
------------
Device: STM32F407ZG
VTarget = 3.053V
State of Pins: 
TCK: 0, TDI: 0, TDO: 0, TMS: 1, TRES: 1, TRST: 1
Hardware-Breakpoints: 6
Software-Breakpoints: 8192
Watchpoints:          4
JTAG speed: 2000 kHz
 
Erase Done.
Programming Done.
Verify OK.
* JLink Info: Found SWD-DP with ID 0x2BA01477
* JLink Info: TPIU fitted.
* JLink Info: ETM fitted.
* JLink Info:   FPUnit: 6 code (BP) slots and 2 literal slots
* JLink Info: Found Cortex-M4 r0p1, Little endian.
Application running ...
compiling event_alarm.c...
"..\MIDDLEWARE\event_alarm.c" - 0 Errors, 0 Warning(s).
Build target 'DataConcentrator'
compiling rtos_task.c...
compiling task_led.c...
..\USER\task_led.c(24): warning:  #177-D: variable "al_rp" was declared but never referenced
..\USER\task_led.c(25): warning:  #177-D: variable "xResult" was declared but never referenced
compiling task_concentrator.c...
..\USER\task_concentrator.c(22): warning:  #177-D: variable "i" was declared but never referenced
..\USER\task_concentrator.c(72): error:  #144: a value of type "int" cannot be used to initialize an entity of type "AlarmReport_S"
..\USER\task_concentrator.c(96): warning:  #177-D: variable "i" was declared but never referenced
compiling task_store.c...
"..\OUTPUT\Obj\DataConcentrator.axf" - 1 Errors, 4 Warning(s).
Target not created
Build target 'DataConcentrator'
compiling task_concentrator.c...
..\USER\task_concentrator.c(22): warning:  #177-D: variable "i" was declared but never referenced
..\USER\task_concentrator.c(72): error:  #144: a value of type "int" cannot be used to initialize an entity of type "AlarmReport_S"
..\USER\task_concentrator.c(80): error:  #44: expression must have pointer type
..\USER\task_concentrator.c(81): error:  #44: expression must have pointer type
..\USER\task_concentrator.c(82): error:  #44: expression must have pointer type
..\USER\task_concentrator.c(83): error:  #44: expression must have pointer type
..\USER\task_concentrator.c(84): error:  #44: expression must have pointer type
..\USER\task_concentrator.c(85): error:  #44: expression must have pointer type
..\USER\task_concentrator.c(86): error:  #167: argument of type "AlarmReport_S" is incompatible with parameter of type "void *"
..\USER\task_concentrator.c(88): error:  #513: a value of type "int" cannot be assigned to an entity of type "AlarmReport_S"
..\USER\task_concentrator.c(96): warning:  #177-D: variable "i" was declared but never referenced
"..\OUTPUT\Obj\DataConcentrator.axf" - 9 Errors, 2 Warning(s).
Target not created
Build target 'DataConcentrator'
compiling task_concentrator.c...
..\USER\task_concentrator.c(22): warning:  #177-D: variable "i" was declared but never referenced
..\USER\task_concentrator.c(96): warning:  #177-D: variable "i" was declared but never referenced
linking...
Program Size: Code=67696 RO-data=3160 RW-data=8656 ZI-data=94432  
FromELF: creating hex file...
After Build - User command #1: C:\Keil\ARM\ARMCC\bin\fromelf.exe  --bin -o   ..\OUTPUT\Obj\DataConcentrator.bin ..\OUTPUT\Obj\DataConcentrator.axf
"..\OUTPUT\Obj\DataConcentrator.axf" - 0 Errors, 2 Warning(s).
Load "..\\OUTPUT\\Obj\\DataConcentrator.axf" 
* JLink Info: Device "STM32F407ZG" selected (1024 KB flash, 128 KB RAM).
Set JLink Project File to "F:\SZP\项目\集中控制器\程序软件\APP\MDK-ARM\JLinkSettings.ini"
 
JLink info:
------------
DLL: V4.40c, compiled Jan 24 2012 09:30:33
Firmware: J-Link V9 compiled Oct 25 2018 11:46:07
Hardware: V9.70
S/N : 59700618 
Feature(s) : RDI, FlashBP, FlashDL, JFlash, GDB 
 
* JLink Info: Found SWD-DP with ID 0x2BA01477
* JLink Info: TPIU fitted.
* JLink Info: ETM fitted.
* JLink Info:   FPUnit: 6 code (BP) slots and 2 literal slots
* JLink Info: Found Cortex-M4 r0p1, Little endian.
ROMTableAddr = 0xE00FF003
* JLink Info: Found SWD-DP with ID 0x2BA01477
* JLink Info: TPIU fitted.
* JLink Info: ETM fitted.
* JLink Info:   FPUnit: 6 code (BP) slots and 2 literal slots
* JLink Info: Found Cortex-M4 r0p1, Little endian.
 
Target info:
------------
Device: STM32F407ZG
VTarget = 3.059V
State of Pins: 
TCK: 0, TDI: 0, TDO: 0, TMS: 1, TRES: 1, TRST: 1
Hardware-Breakpoints: 6
Software-Breakpoints: 8192
Watchpoints:          4
JTAG speed: 2000 kHz
 
Erase Done.
Programming Done.
Verify OK.
* JLink Info: Found SWD-DP with ID 0x2BA01477
* JLink Info: TPIU fitted.
* JLink Info: ETM fitted.
* JLink Info:   FPUnit: 6 code (BP) slots and 2 literal slots
* JLink Info: Found Cortex-M4 r0p1, Little endian.
Application running ...
Build target 'DataConcentrator'
compiling rtos_task.c...
compiling task_led.c...
..\USER\task_led.c(24): warning:  #177-D: variable "al_rp" was declared but never referenced
..\USER\task_led.c(25): warning:  #177-D: variable "xResult" was declared but never referenced
compiling task_concentrator.c...
..\USER\task_concentrator.c(22): warning:  #177-D: variable "i" was declared but never referenced
..\USER\task_concentrator.c(96): warning:  #177-D: variable "i" was declared but never referenced
linking...
Program Size: Code=67696 RO-data=3160 RW-data=8656 ZI-data=94432  
FromELF: creating hex file...
After Build - User command #1: C:\Keil\ARM\ARMCC\bin\fromelf.exe  --bin -o   ..\OUTPUT\Obj\DataConcentrator.bin ..\OUTPUT\Obj\DataConcentrator.axf
"..\OUTPUT\Obj\DataConcentrator.axf" - 0 Errors, 4 Warning(s).
Load "..\\OUTPUT\\Obj\\DataConcentrator.axf" 
* JLink Info: Device "STM32F407ZG" selected (1024 KB flash, 128 KB RAM).
Set JLink Project File to "F:\SZP\项目\集中控制器\程序软件\APP\MDK-ARM\JLinkSettings.ini"
 
JLink info:
------------
DLL: V4.40c, compiled Jan 24 2012 09:30:33
Firmware: J-Link V9 compiled Oct 25 2018 11:46:07
Hardware: V9.70
S/N : 59700618 
Feature(s) : RDI, FlashBP, FlashDL, JFlash, GDB 
 
* JLink Info: Found SWD-DP with ID 0x2BA01477
* JLink Info: TPIU fitted.
* JLink Info: ETM fitted.
* JLink Info:   FPUnit: 6 code (BP) slots and 2 literal slots
* JLink Info: Found Cortex-M4 r0p1, Little endian.
ROMTableAddr = 0xE00FF003
* JLink Info: Found SWD-DP with ID 0x2BA01477
* JLink Info: TPIU fitted.
* JLink Info: ETM fitted.
* JLink Info:   FPUnit: 6 code (BP) slots and 2 literal slots
* JLink Info: Found Cortex-M4 r0p1, Little endian.
 
Target info:
------------
Device: STM32F407ZG
VTarget = 3.053V
State of Pins: 
TCK: 0, TDI: 0, TDO: 0, TMS: 1, TRES: 1, TRST: 1
Hardware-Breakpoints: 6
Software-Breakpoints: 8192
Watchpoints:          4
JTAG speed: 2000 kHz
 
Erase Done.
Programming Done.
Verify OK.
* JLink Info: Found SWD-DP with ID 0x2BA01477
* JLink Info: TPIU fitted.
* JLink Info: ETM fitted.
* JLink Info:   FPUnit: 6 code (BP) slots and 2 literal slots
* JLink Info: Found Cortex-M4 r0p1, Little endian.
Application running ...
Build target 'DataConcentrator'
compiling task_concentrator.c...
..\USER\task_concentrator.c(22): warning:  #177-D: variable "i" was declared but never referenced
..\USER\task_concentrator.c(98): warning:  #177-D: variable "i" was declared but never referenced
linking...
Program Size: Code=67708 RO-data=3156 RW-data=8656 ZI-data=94432  
FromELF: creating hex file...
After Build - User command #1: C:\Keil\ARM\ARMCC\bin\fromelf.exe  --bin -o   ..\OUTPUT\Obj\DataConcentrator.bin ..\OUTPUT\Obj\DataConcentrator.axf
"..\OUTPUT\Obj\DataConcentrator.axf" - 0 Errors, 2 Warning(s).
Load "..\\OUTPUT\\Obj\\DataConcentrator.axf" 
* JLink Info: Device "STM32F407ZG" selected (1024 KB flash, 128 KB RAM).
Set JLink Project File to "F:\SZP\项目\集中控制器\程序软件\APP\MDK-ARM\JLinkSettings.ini"
 
JLink info:
------------
DLL: V4.40c, compiled Jan 24 2012 09:30:33
Firmware: J-Link V9 compiled Oct 25 2018 11:46:07
Hardware: V9.70
S/N : 59700618 
Feature(s) : RDI, FlashBP, FlashDL, JFlash, GDB 
 
* JLink Info: Found SWD-DP with ID 0x2BA01477
* JLink Info: TPIU fitted.
* JLink Info: ETM fitted.
* JLink Info:   FPUnit: 6 code (BP) slots and 2 literal slots
* JLink Info: Found Cortex-M4 r0p1, Little endian.
ROMTableAddr = 0xE00FF003
* JLink Info: Found SWD-DP with ID 0x2BA01477
* JLink Info: TPIU fitted.
* JLink Info: ETM fitted.
* JLink Info:   FPUnit: 6 code (BP) slots and 2 literal slots
* JLink Info: Found Cortex-M4 r0p1, Little endian.
 
Target info:
------------
Device: STM32F407ZG
VTarget = 2.955V
State of Pins: 
TCK: 0, TDI: 0, TDO: 0, TMS: 1, TRES: 1, TRST: 1
Hardware-Breakpoints: 6
Software-Breakpoints: 8192
Watchpoints:          4
JTAG speed: 2000 kHz
 
Erase Done.
Programming Done.
Verify OK.
* JLink Info: Found SWD-DP with ID 0x2BA01477
* JLink Info: TPIU fitted.
* JLink Info: ETM fitted.
* JLink Info:   FPUnit: 6 code (BP) slots and 2 literal slots
* JLink Info: Found Cortex-M4 r0p1, Little endian.
Application running ...
Build target 'DataConcentrator'
compiling rtos_task.c...
linking...
Program Size: Code=67708 RO-data=3156 RW-data=8656 ZI-data=94432  
FromELF: creating hex file...
After Build - User command #1: C:\Keil\ARM\ARMCC\bin\fromelf.exe  --bin -o   ..\OUTPUT\Obj\DataConcentrator.bin ..\OUTPUT\Obj\DataConcentrator.axf
"..\OUTPUT\Obj\DataConcentrator.axf" - 0 Errors, 0 Warning(s).
Load "..\\OUTPUT\\Obj\\DataConcentrator.axf" 
* JLink Info: Device "STM32F407ZG" selected (1024 KB flash, 128 KB RAM).
Set JLink Project File to "F:\SZP\项目\集中控制器\程序软件\APP\MDK-ARM\JLinkSettings.ini"
 
JLink info:
------------
DLL: V4.40c, compiled Jan 24 2012 09:30:33
Firmware: J-Link V9 compiled Oct 25 2018 11:46:07
Hardware: V9.70
S/N : 59700618 
Feature(s) : RDI, FlashBP, FlashDL, JFlash, GDB 
 
* JLink Info: Found SWD-DP with ID 0x2BA01477
* JLink Info: TPIU fitted.
* JLink Info: ETM fitted.
* JLink Info:   FPUnit: 6 code (BP) slots and 2 literal slots
* JLink Info: Found Cortex-M4 r0p1, Little endian.
ROMTableAddr = 0xE00FF003
* JLink Info: Found SWD-DP with ID 0x2BA01477
* JLink Info: TPIU fitted.
* JLink Info: ETM fitted.
* JLink Info:   FPUnit: 6 code (BP) slots and 2 literal slots
* JLink Info: Found Cortex-M4 r0p1, Little endian.
 
Target info:
------------
Device: STM32F407ZG
VTarget = 3.098V
State of Pins: 
TCK: 0, TDI: 0, TDO: 0, TMS: 1, TRES: 1, TRST: 1
Hardware-Breakpoints: 6
Software-Breakpoints: 8192
Watchpoints:          4
JTAG speed: 2000 kHz
 
Erase Done.
Programming Done.
Verify OK.
* JLink Info: Found SWD-DP with ID 0x2BA01477
* JLink Info: TPIU fitted.
* JLink Info: ETM fitted.
* JLink Info:   FPUnit: 6 code (BP) slots and 2 literal slots
* JLink Info: Found Cortex-M4 r0p1, Little endian.
Application running ...
Build target 'DataConcentrator'
compiling rtos_task.c...
linking...
Program Size: Code=67716 RO-data=3156 RW-data=9172 ZI-data=94428  
FromELF: creating hex file...
After Build - User command #1: C:\Keil\ARM\ARMCC\bin\fromelf.exe  --bin -o   ..\OUTPUT\Obj\DataConcentrator.bin ..\OUTPUT\Obj\DataConcentrator.axf
"..\OUTPUT\Obj\DataConcentrator.axf" - 0 Errors, 0 Warning(s).
Load "..\\OUTPUT\\Obj\\DataConcentrator.axf" 
* JLink Info: Device "STM32F407ZG" selected (1024 KB flash, 128 KB RAM).
Set JLink Project File to "F:\SZP\项目\集中控制器\程序软件\APP\MDK-ARM\JLinkSettings.ini"
 
JLink info:
------------
DLL: V4.40c, compiled Jan 24 2012 09:30:33
Firmware: J-Link V9 compiled Oct 25 2018 11:46:07
Hardware: V9.70
S/N : 59700618 
Feature(s) : RDI, FlashBP, FlashDL, JFlash, GDB 
 
* JLink Info: Found SWD-DP with ID 0x2BA01477
* JLink Info: TPIU fitted.
* JLink Info: ETM fitted.
* JLink Info:   FPUnit: 6 code (BP) slots and 2 literal slots
* JLink Info: Found Cortex-M4 r0p1, Little endian.
ROMTableAddr = 0xE00FF003
* JLink Info: Found SWD-DP with ID 0x2BA01477
* JLink Info: TPIU fitted.
* JLink Info: ETM fitted.
* JLink Info:   FPUnit: 6 code (BP) slots and 2 literal slots
* JLink Info: Found Cortex-M4 r0p1, Little endian.
 
Target info:
------------
Device: STM32F407ZG
VTarget = 3.109V
State of Pins: 
TCK: 0, TDI: 0, TDO: 0, TMS: 1, TRES: 1, TRST: 1
Hardware-Breakpoints: 6
Software-Breakpoints: 8192
Watchpoints:          4
JTAG speed: 2000 kHz
 
Erase Done.
Programming Done.
Verify OK.
* JLink Info: Found SWD-DP with ID 0x2BA01477
* JLink Info: TPIU fitted.
* JLink Info: ETM fitted.
* JLink Info:   FPUnit: 6 code (BP) slots and 2 literal slots
* JLink Info: Found Cortex-M4 r0p1, Little endian.
Application running ...
Build target 'DataConcentrator'
compiling rtos_task.c...
linking...
Program Size: Code=67716 RO-data=3156 RW-data=9172 ZI-data=94428  
FromELF: creating hex file...
After Build - User command #1: C:\Keil\ARM\ARMCC\bin\fromelf.exe  --bin -o   ..\OUTPUT\Obj\DataConcentrator.bin ..\OUTPUT\Obj\DataConcentrator.axf
"..\OUTPUT\Obj\DataConcentrator.axf" - 0 Errors, 0 Warning(s).
Load "..\\OUTPUT\\Obj\\DataConcentrator.axf" 
* JLink Info: Device "STM32F407ZG" selected (1024 KB flash, 128 KB RAM).
Set JLink Project File to "F:\SZP\项目\集中控制器\程序软件\APP\MDK-ARM\JLinkSettings.ini"
 
JLink info:
------------
DLL: V4.40c, compiled Jan 24 2012 09:30:33
Firmware: J-Link V9 compiled Oct 25 2018 11:46:07
Hardware: V9.70
S/N : 59700618 
Feature(s) : RDI, FlashBP, FlashDL, JFlash, GDB 
 
* JLink Info: Found SWD-DP with ID 0x2BA01477
* JLink Info: TPIU fitted.
* JLink Info: ETM fitted.
* JLink Info:   FPUnit: 6 code (BP) slots and 2 literal slots
* JLink Info: Found Cortex-M4 r0p1, Little endian.
ROMTableAddr = 0xE00FF003
* JLink Info: Found SWD-DP with ID 0x2BA01477
* JLink Info: TPIU fitted.
* JLink Info: ETM fitted.
* JLink Info:   FPUnit: 6 code (BP) slots and 2 literal slots
* JLink Info: Found Cortex-M4 r0p1, Little endian.
 
Target info:
------------
Device: STM32F407ZG
VTarget = 3.100V
State of Pins: 
TCK: 0, TDI: 0, TDO: 0, TMS: 1, TRES: 1, TRST: 1
Hardware-Breakpoints: 6
Software-Breakpoints: 8192
Watchpoints:          4
JTAG speed: 2000 kHz
 
Erase Done.
Programming Done.
Verify OK.
* JLink Info: Found SWD-DP with ID 0x2BA01477
* JLink Info: TPIU fitted.
* JLink Info: ETM fitted.
* JLink Info:   FPUnit: 6 code (BP) slots and 2 literal slots
* JLink Info: Found Cortex-M4 r0p1, Little endian.
Application running ...
Build target 'DataConcentrator'
compiling rtos_task.c...
linking...
Program Size: Code=67684 RO-data=3156 RW-data=9172 ZI-data=94428  
FromELF: creating hex file...
After Build - User command #1: C:\Keil\ARM\ARMCC\bin\fromelf.exe  --bin -o   ..\OUTPUT\Obj\DataConcentrator.bin ..\OUTPUT\Obj\DataConcentrator.axf
"..\OUTPUT\Obj\DataConcentrator.axf" - 0 Errors, 0 Warning(s).
Load "..\\OUTPUT\\Obj\\DataConcentrator.axf" 
* JLink Info: Device "STM32F407ZG" selected (1024 KB flash, 128 KB RAM).
Set JLink Project File to "F:\SZP\项目\集中控制器\程序软件\APP\MDK-ARM\JLinkSettings.ini"
 
JLink info:
------------
DLL: V4.40c, compiled Jan 24 2012 09:30:33
Firmware: J-Link V9 compiled Oct 25 2018 11:46:07
Hardware: V9.70
S/N : 59700618 
Feature(s) : RDI, FlashBP, FlashDL, JFlash, GDB 
 
* JLink Info: Found SWD-DP with ID 0x2BA01477
* JLink Info: TPIU fitted.
* JLink Info: ETM fitted.
* JLink Info:   FPUnit: 6 code (BP) slots and 2 literal slots
* JLink Info: Found Cortex-M4 r0p1, Little endian.
ROMTableAddr = 0xE00FF003
* JLink Info: Found SWD-DP with ID 0x2BA01477
* JLink Info: TPIU fitted.
* JLink Info: ETM fitted.
* JLink Info:   FPUnit: 6 code (BP) slots and 2 literal slots
* JLink Info: Found Cortex-M4 r0p1, Little endian.
 
Target info:
------------
Device: STM32F407ZG
VTarget = 2.993V
State of Pins: 
TCK: 0, TDI: 0, TDO: 0, TMS: 1, TRES: 1, TRST: 1
Hardware-Breakpoints: 6
Software-Breakpoints: 8192
Watchpoints:          4
JTAG speed: 2000 kHz
 
Erase Done.
Programming Done.
Verify OK.
* JLink Info: Found SWD-DP with ID 0x2BA01477
* JLink Info: TPIU fitted.
* JLink Info: ETM fitted.
* JLink Info:   FPUnit: 6 code (BP) slots and 2 literal slots
* JLink Info: Found Cortex-M4 r0p1, Little endian.
Application running ...
Build target 'DataConcentrator'
compiling rtos_task.c...
linking...
Program Size: Code=67708 RO-data=3156 RW-data=8656 ZI-data=94432  
FromELF: creating hex file...
After Build - User command #1: C:\Keil\ARM\ARMCC\bin\fromelf.exe  --bin -o   ..\OUTPUT\Obj\DataConcentrator.bin ..\OUTPUT\Obj\DataConcentrator.axf
"..\OUTPUT\Obj\DataConcentrator.axf" - 0 Errors, 0 Warning(s).
Build target 'DataConcentrator'
compiling task_concentrator.c...
..\USER\task_concentrator.c(98): warning:  #177-D: variable "i" was declared but never referenced
linking...
Program Size: Code=67612 RO-data=3156 RW-data=8656 ZI-data=94432  
FromELF: creating hex file...
After Build - User command #1: C:\Keil\ARM\ARMCC\bin\fromelf.exe  --bin -o   ..\OUTPUT\Obj\DataConcentrator.bin ..\OUTPUT\Obj\DataConcentrator.axf
"..\OUTPUT\Obj\DataConcentrator.axf" - 0 Errors, 1 Warning(s).
Load "..\\OUTPUT\\Obj\\DataConcentrator.axf" 
* JLink Info: Device "STM32F407ZG" selected (1024 KB flash, 128 KB RAM).
Set JLink Project File to "F:\SZP\项目\集中控制器\程序软件\APP\MDK-ARM\JLinkSettings.ini"
 
JLink info:
------------
DLL: V4.40c, compiled Jan 24 2012 09:30:33
Firmware: J-Link V9 compiled Oct 25 2018 11:46:07
Hardware: V9.70
S/N : 59700618 
Feature(s) : RDI, FlashBP, FlashDL, JFlash, GDB 
 
* JLink Info: Found SWD-DP with ID 0x2BA01477
* JLink Info: TPIU fitted.
* JLink Info: ETM fitted.
* JLink Info:   FPUnit: 6 code (BP) slots and 2 literal slots
* JLink Info: Found Cortex-M4 r0p1, Little endian.
ROMTableAddr = 0xE00FF003
* JLink Info: Found SWD-DP with ID 0x2BA01477
* JLink Info: TPIU fitted.
* JLink Info: ETM fitted.
* JLink Info:   FPUnit: 6 code (BP) slots and 2 literal slots
* JLink Info: Found Cortex-M4 r0p1, Little endian.
 
Target info:
------------
Device: STM32F407ZG
VTarget = 3.024V
State of Pins: 
TCK: 0, TDI: 0, TDO: 0, TMS: 1, TRES: 1, TRST: 1
Hardware-Breakpoints: 6
Software-Breakpoints: 8192
Watchpoints:          4
JTAG speed: 2000 kHz
 
Erase Done.
Programming Done.
Verify OK.
* JLink Info: Found SWD-DP with ID 0x2BA01477
* JLink Info: TPIU fitted.
* JLink Info: ETM fitted.
* JLink Info:   FPUnit: 6 code (BP) slots and 2 literal slots
* JLink Info: Found Cortex-M4 r0p1, Little endian.
Application running ...
Build target 'DataConcentrator'
compiling task_concentrator.c...
..\USER\task_concentrator.c(98): warning:  #177-D: variable "i" was declared but never referenced
linking...
Program Size: Code=67612 RO-data=3156 RW-data=8656 ZI-data=94432  
FromELF: creating hex file...
After Build - User command #1: C:\Keil\ARM\ARMCC\bin\fromelf.exe  --bin -o   ..\OUTPUT\Obj\DataConcentrator.bin ..\OUTPUT\Obj\DataConcentrator.axf
"..\OUTPUT\Obj\DataConcentrator.axf" - 0 Errors, 1 Warning(s).
Load "..\\OUTPUT\\Obj\\DataConcentrator.axf" 
* JLink Info: Device "STM32F407ZG" selected (1024 KB flash, 128 KB RAM).
Set JLink Project File to "F:\SZP\项目\集中控制器\程序软件\APP\MDK-ARM\JLinkSettings.ini"
 
JLink info:
------------
DLL: V4.40c, compiled Jan 24 2012 09:30:33
Firmware: J-Link V9 compiled Oct 25 2018 11:46:07
Hardware: V9.70
S/N : 59700618 
Feature(s) : RDI, FlashBP, FlashDL, JFlash, GDB 
 
* JLink Info: Found SWD-DP with ID 0x2BA01477
* JLink Info: TPIU fitted.
* JLink Info: ETM fitted.
* JLink Info:   FPUnit: 6 code (BP) slots and 2 literal slots
* JLink Info: Found Cortex-M4 r0p1, Little endian.
ROMTableAddr = 0xE00FF003
* JLink Info: Found SWD-DP with ID 0x2BA01477
* JLink Info: TPIU fitted.
* JLink Info: ETM fitted.
* JLink Info:   FPUnit: 6 code (BP) slots and 2 literal slots
* JLink Info: Found Cortex-M4 r0p1, Little endian.
 
Target info:
------------
Device: STM32F407ZG
VTarget = 3.095V
State of Pins: 
TCK: 0, TDI: 0, TDO: 0, TMS: 1, TRES: 1, TRST: 1
Hardware-Breakpoints: 6
Software-Breakpoints: 8192
Watchpoints:          4
JTAG speed: 2000 kHz
 
Erase Done.
Programming Done.
Verify OK.
* JLink Info: Found SWD-DP with ID 0x2BA01477
* JLink Info: TPIU fitted.
* JLink Info: ETM fitted.
* JLink Info:   FPUnit: 6 code (BP) slots and 2 literal slots
* JLink Info: Found Cortex-M4 r0p1, Little endian.
Application running ...
Build target 'DataConcentrator'
compiling rtos_task.c...
linking...
Program Size: Code=52360 RO-data=2996 RW-data=7068 ZI-data=90044  
FromELF: creating hex file...
After Build - User command #1: C:\Keil\ARM\ARMCC\bin\fromelf.exe  --bin -o   ..\OUTPUT\Obj\DataConcentrator.bin ..\OUTPUT\Obj\DataConcentrator.axf
"..\OUTPUT\Obj\DataConcentrator.axf" - 0 Errors, 0 Warning(s).
Load "..\\OUTPUT\\Obj\\DataConcentrator.axf" 
* JLink Info: Device "STM32F407ZG" selected (1024 KB flash, 128 KB RAM).
Set JLink Project File to "F:\SZP\项目\集中控制器\程序软件\APP\MDK-ARM\JLinkSettings.ini"
 
JLink info:
------------
DLL: V4.40c, compiled Jan 24 2012 09:30:33
Firmware: J-Link V9 compiled Oct 25 2018 11:46:07
Hardware: V9.70
S/N : 59700618 
Feature(s) : RDI, FlashBP, FlashDL, JFlash, GDB 
 
* JLink Info: Found SWD-DP with ID 0x2BA01477
* JLink Info: TPIU fitted.
* JLink Info: ETM fitted.
* JLink Info:   FPUnit: 6 code (BP) slots and 2 literal slots
* JLink Info: Found Cortex-M4 r0p1, Little endian.
ROMTableAddr = 0xE00FF003
* JLink Info: Found SWD-DP with ID 0x2BA01477
* JLink Info: TPIU fitted.
* JLink Info: ETM fitted.
* JLink Info:   FPUnit: 6 code (BP) slots and 2 literal slots
* JLink Info: Found Cortex-M4 r0p1, Little endian.
 
Target info:
------------
Device: STM32F407ZG
VTarget = 3.100V
State of Pins: 
TCK: 0, TDI: 0, TDO: 0, TMS: 1, TRES: 1, TRST: 1
Hardware-Breakpoints: 6
Software-Breakpoints: 8192
Watchpoints:          4
JTAG speed: 2000 kHz
 
Erase Done.
Programming Done.
Verify OK.
* JLink Info: Found SWD-DP with ID 0x2BA01477
* JLink Info: TPIU fitted.
* JLink Info: ETM fitted.
* JLink Info:   FPUnit: 6 code (BP) slots and 2 literal slots
* JLink Info: Found Cortex-M4 r0p1, Little endian.
Application running ...
Build target 'DataConcentrator'
compiling rtos_task.c...
compiling task_concentrator.c...
..\USER\task_concentrator.c(22): warning:  #177-D: variable "i" was declared but never referenced
..\USER\task_concentrator.c(98): warning:  #177-D: variable "i" was declared but never referenced
linking...
Program Size: Code=67708 RO-data=3156 RW-data=8656 ZI-data=94432  
FromELF: creating hex file...
After Build - User command #1: C:\Keil\ARM\ARMCC\bin\fromelf.exe  --bin -o   ..\OUTPUT\Obj\DataConcentrator.bin ..\OUTPUT\Obj\DataConcentrator.axf
"..\OUTPUT\Obj\DataConcentrator.axf" - 0 Errors, 2 Warning(s).
Build target 'DataConcentrator'
linking...
Program Size: Code=67708 RO-data=3156 RW-data=8656 ZI-data=94432  
FromELF: creating hex file...
After Build - User command #1: C:\Keil\ARM\ARMCC\bin\fromelf.exe  --bin -o   ..\OUTPUT\Obj\DataConcentrator.bin ..\OUTPUT\Obj\DataConcentrator.axf
"..\OUTPUT\Obj\DataConcentrator.axf" - 0 Errors, 0 Warning(s).
Build target 'DataConcentrator'
compiling task_concentrator.c...
..\USER\task_concentrator.c(22): warning:  #177-D: variable "i" was declared but never referenced
..\USER\task_concentrator.c(98): warning:  #177-D: variable "i" was declared but never referenced
linking...
Program Size: Code=67708 RO-data=3156 RW-data=8656 ZI-data=94432  
FromELF: creating hex file...
After Build - User command #1: C:\Keil\ARM\ARMCC\bin\fromelf.exe  --bin -o   ..\OUTPUT\Obj\DataConcentrator.bin ..\OUTPUT\Obj\DataConcentrator.axf
"..\OUTPUT\Obj\DataConcentrator.axf" - 0 Errors, 2 Warning(s).
Load "..\\OUTPUT\\Obj\\DataConcentrator.axf" 
* JLink Info: Device "STM32F407ZG" selected (1024 KB flash, 128 KB RAM).
Set JLink Project File to "F:\SZP\项目\集中控制器\程序软件\APP\MDK-ARM\JLinkSettings.ini"
 
JLink info:
------------
DLL: V4.40c, compiled Jan 24 2012 09:30:33
Firmware: J-Link V9 compiled Oct 25 2018 11:46:07
Hardware: V9.70
S/N : 59700618 
Feature(s) : RDI, FlashBP, FlashDL, JFlash, GDB 
 
* JLink Info: Found SWD-DP with ID 0x2BA01477
* JLink Info: TPIU fitted.
* JLink Info: ETM fitted.
* JLink Info:   FPUnit: 6 code (BP) slots and 2 literal slots
* JLink Info: Found Cortex-M4 r0p1, Little endian.
ROMTableAddr = 0xE00FF003
* JLink Info: Found SWD-DP with ID 0x2BA01477
* JLink Info: TPIU fitted.
* JLink Info: ETM fitted.
* JLink Info:   FPUnit: 6 code (BP) slots and 2 literal slots
* JLink Info: Found Cortex-M4 r0p1, Little endian.
 
Target info:
------------
Device: STM32F407ZG
VTarget = 3.056V
State of Pins: 
TCK: 0, TDI: 0, TDO: 0, TMS: 1, TRES: 1, TRST: 1
Hardware-Breakpoints: 6
Software-Breakpoints: 8192
Watchpoints:          4
JTAG speed: 2000 kHz
 
Erase Done.
Programming Done.
Verify OK.
* JLink Info: Found SWD-DP with ID 0x2BA01477
* JLink Info: TPIU fitted.
* JLink Info: ETM fitted.
* JLink Info:   FPUnit: 6 code (BP) slots and 2 literal slots
* JLink Info: Found Cortex-M4 r0p1, Little endian.
Application running ...
Build target 'DataConcentrator'
compiling rtos_task.c...
linking...
Program Size: Code=67708 RO-data=3156 RW-data=8656 ZI-data=94432  
FromELF: creating hex file...
After Build - User command #1: C:\Keil\ARM\ARMCC\bin\fromelf.exe  --bin -o   ..\OUTPUT\Obj\DataConcentrator.bin ..\OUTPUT\Obj\DataConcentrator.axf
"..\OUTPUT\Obj\DataConcentrator.axf" - 0 Errors, 0 Warning(s).
Load "..\\OUTPUT\\Obj\\DataConcentrator.axf" 
* JLink Info: Device "STM32F407ZG" selected (1024 KB flash, 128 KB RAM).
Set JLink Project File to "F:\SZP\项目\集中控制器\程序软件\APP\MDK-ARM\JLinkSettings.ini"
 
JLink info:
------------
DLL: V4.40c, compiled Jan 24 2012 09:30:33
Firmware: J-Link V9 compiled Oct 25 2018 11:46:07
Hardware: V9.70
S/N : 59700618 
Feature(s) : RDI, FlashBP, FlashDL, JFlash, GDB 
 
* JLink Info: Found SWD-DP with ID 0x2BA01477
* JLink Info: TPIU fitted.
* JLink Info: ETM fitted.
* JLink Info:   FPUnit: 6 code (BP) slots and 2 literal slots
* JLink Info: Found Cortex-M4 r0p1, Little endian.
ROMTableAddr = 0xE00FF003
* JLink Info: Found SWD-DP with ID 0x2BA01477
* JLink Info: TPIU fitted.
* JLink Info: ETM fitted.
* JLink Info:   FPUnit: 6 code (BP) slots and 2 literal slots
* JLink Info: Found Cortex-M4 r0p1, Little endian.
 
Target info:
------------
Device: STM32F407ZG
VTarget = 3.105V
State of Pins: 
TCK: 0, TDI: 0, TDO: 0, TMS: 1, TRES: 1, TRST: 1
Hardware-Breakpoints: 6
Software-Breakpoints: 8192
Watchpoints:          4
JTAG speed: 2000 kHz
 
Erase Done.
Programming Done.
Verify OK.
* JLink Info: Found SWD-DP with ID 0x2BA01477
* JLink Info: TPIU fitted.
* JLink Info: ETM fitted.
* JLink Info:   FPUnit: 6 code (BP) slots and 2 literal slots
* JLink Info: Found Cortex-M4 r0p1, Little endian.
Application running ...
Build target 'DataConcentrator'
compiling rtos_task.c...
compiling task_concentrator.c...
..\USER\task_concentrator.c(22): warning:  #177-D: variable "i" was declared but never referenced
..\USER\task_concentrator.c(98): warning:  #177-D: variable "i" was declared but never referenced
linking...
Program Size: Code=67708 RO-data=3156 RW-data=8656 ZI-data=94432  
FromELF: creating hex file...
After Build - User command #1: C:\Keil\ARM\ARMCC\bin\fromelf.exe  --bin -o   ..\OUTPUT\Obj\DataConcentrator.bin ..\OUTPUT\Obj\DataConcentrator.axf
"..\OUTPUT\Obj\DataConcentrator.axf" - 0 Errors, 2 Warning(s).
Load "..\\OUTPUT\\Obj\\DataConcentrator.axf" 
* JLink Info: Device "STM32F407ZG" selected (1024 KB flash, 128 KB RAM).
Set JLink Project File to "F:\SZP\项目\集中控制器\程序软件\APP\MDK-ARM\JLinkSettings.ini"
 
JLink info:
------------
DLL: V4.40c, compiled Jan 24 2012 09:30:33
Firmware: J-Link V9 compiled Oct 25 2018 11:46:07
Hardware: V9.70
S/N : 59700618 
Feature(s) : RDI, FlashBP, FlashDL, JFlash, GDB 
 
* JLink Info: Found SWD-DP with ID 0x2BA01477
* JLink Info: TPIU fitted.
* JLink Info: ETM fitted.
* JLink Info:   FPUnit: 6 code (BP) slots and 2 literal slots
* JLink Info: Found Cortex-M4 r0p1, Little endian.
ROMTableAddr = 0xE00FF003
* JLink Info: Found SWD-DP with ID 0x2BA01477
* JLink Info: TPIU fitted.
* JLink Info: ETM fitted.
* JLink Info:   FPUnit: 6 code (BP) slots and 2 literal slots
* JLink Info: Found Cortex-M4 r0p1, Little endian.
 
Target info:
------------
Device: STM32F407ZG
VTarget = 3.045V
State of Pins: 
TCK: 0, TDI: 0, TDO: 0, TMS: 1, TRES: 1, TRST: 1
Hardware-Breakpoints: 6
Software-Breakpoints: 8192
Watchpoints:          4
JTAG speed: 2000 kHz
 
Erase Done.
Programming Done.
Verify OK.
* JLink Info: Found SWD-DP with ID 0x2BA01477
* JLink Info: TPIU fitted.
* JLink Info: ETM fitted.
* JLink Info:   FPUnit: 6 code (BP) slots and 2 literal slots
* JLink Info: Found Cortex-M4 r0p1, Little endian.
Application running ...
Build target 'DataConcentrator'
compiling rtos_task.c...
..\USER\rtos_task.c(70): error:  #77-D: this declaration has no storage class or type specifier
..\USER\rtos_task.c(180): error:  #65: expected a ";"
"..\OUTPUT\Obj\DataConcentrator.axf" - 2 Errors, 0 Warning(s).
Target not created
Build target 'DataConcentrator'
compiling rtos_task.c...
..\USER\rtos_task.c(70): error:  #77-D: this declaration has no storage class or type specifier
"..\OUTPUT\Obj\DataConcentrator.axf" - 1 Errors, 0 Warning(s).
Target not created
Build target 'DataConcentrator'
compiling rtos_task.c...
linking...
Program Size: Code=67732 RO-data=3156 RW-data=9172 ZI-data=94428  
FromELF: creating hex file...
After Build - User command #1: C:\Keil\ARM\ARMCC\bin\fromelf.exe  --bin -o   ..\OUTPUT\Obj\DataConcentrator.bin ..\OUTPUT\Obj\DataConcentrator.axf
"..\OUTPUT\Obj\DataConcentrator.axf" - 0 Errors, 0 Warning(s).
Load "..\\OUTPUT\\Obj\\DataConcentrator.axf" 
* JLink Info: Device "STM32F407ZG" selected (1024 KB flash, 128 KB RAM).
Set JLink Project File to "F:\SZP\项目\集中控制器\程序软件\APP\MDK-ARM\JLinkSettings.ini"
 
JLink info:
------------
DLL: V4.40c, compiled Jan 24 2012 09:30:33
Firmware: J-Link V9 compiled Oct 25 2018 11:46:07
Hardware: V9.70
S/N : 59700618 
Feature(s) : RDI, FlashBP, FlashDL, JFlash, GDB 
 
* JLink Info: Found SWD-DP with ID 0x2BA01477
* JLink Info: TPIU fitted.
* JLink Info: ETM fitted.
* JLink Info:   FPUnit: 6 code (BP) slots and 2 literal slots
* JLink Info: Found Cortex-M4 r0p1, Little endian.
ROMTableAddr = 0xE00FF003
* JLink Info: Found SWD-DP with ID 0x2BA01477
* JLink Info: TPIU fitted.
* JLink Info: ETM fitted.
* JLink Info:   FPUnit: 6 code (BP) slots and 2 literal slots
* JLink Info: Found Cortex-M4 r0p1, Little endian.
 
Target info:
------------
Device: STM32F407ZG
VTarget = 3.053V
State of Pins: 
TCK: 0, TDI: 0, TDO: 0, TMS: 1, TRES: 1, TRST: 1
Hardware-Breakpoints: 6
Software-Breakpoints: 8192
Watchpoints:          4
JTAG speed: 2000 kHz
 
Erase Done.
Programming Done.
Verify OK.
* JLink Info: Found SWD-DP with ID 0x2BA01477
* JLink Info: TPIU fitted.
* JLink Info: ETM fitted.
* JLink Info:   FPUnit: 6 code (BP) slots and 2 literal slots
* JLink Info: Found Cortex-M4 r0p1, Little endian.
Application running ...
Build target 'DataConcentrator'
compiling rtos_task.c...
linking...
Program Size: Code=67732 RO-data=3156 RW-data=9176 ZI-data=94432  
FromELF: creating hex file...
After Build - User command #1: C:\Keil\ARM\ARMCC\bin\fromelf.exe  --bin -o   ..\OUTPUT\Obj\DataConcentrator.bin ..\OUTPUT\Obj\DataConcentrator.axf
"..\OUTPUT\Obj\DataConcentrator.axf" - 0 Errors, 0 Warning(s).
Load "..\\OUTPUT\\Obj\\DataConcentrator.axf" 
* JLink Info: Device "STM32F407ZG" selected (1024 KB flash, 128 KB RAM).
Set JLink Project File to "F:\SZP\项目\集中控制器\程序软件\APP\MDK-ARM\JLinkSettings.ini"
 
JLink info:
------------
DLL: V4.40c, compiled Jan 24 2012 09:30:33
Firmware: J-Link V9 compiled Oct 25 2018 11:46:07
Hardware: V9.70
S/N : 59700618 
Feature(s) : RDI, FlashBP, FlashDL, JFlash, GDB 
 
* JLink Info: Found SWD-DP with ID 0x2BA01477
* JLink Info: TPIU fitted.
* JLink Info: ETM fitted.
* JLink Info:   FPUnit: 6 code (BP) slots and 2 literal slots
* JLink Info: Found Cortex-M4 r0p1, Little endian.
ROMTableAddr = 0xE00FF003
* JLink Info: Found SWD-DP with ID 0x2BA01477
* JLink Info: TPIU fitted.
* JLink Info: ETM fitted.
* JLink Info:   FPUnit: 6 code (BP) slots and 2 literal slots
* JLink Info: Found Cortex-M4 r0p1, Little endian.
 
Target info:
------------
Device: STM32F407ZG
VTarget = 3.085V
State of Pins: 
TCK: 0, TDI: 0, TDO: 0, TMS: 1, TRES: 1, TRST: 1
Hardware-Breakpoints: 6
Software-Breakpoints: 8192
Watchpoints:          4
JTAG speed: 2000 kHz
 
Erase Done.
Programming Done.
Verify OK.
* JLink Info: Found SWD-DP with ID 0x2BA01477
* JLink Info: TPIU fitted.
* JLink Info: ETM fitted.
* JLink Info:   FPUnit: 6 code (BP) slots and 2 literal slots
* JLink Info: Found Cortex-M4 r0p1, Little endian.
Application running ...
Build target 'DataConcentrator'
compiling rtos_task.c...
linking...
Program Size: Code=67732 RO-data=3156 RW-data=9176 ZI-data=94432  
FromELF: creating hex file...
After Build - User command #1: C:\Keil\ARM\ARMCC\bin\fromelf.exe  --bin -o   ..\OUTPUT\Obj\DataConcentrator.bin ..\OUTPUT\Obj\DataConcentrator.axf
"..\OUTPUT\Obj\DataConcentrator.axf" - 0 Errors, 0 Warning(s).
Load "..\\OUTPUT\\Obj\\DataConcentrator.axf" 
* JLink Info: Device "STM32F407ZG" selected (1024 KB flash, 128 KB RAM).
Set JLink Project File to "F:\SZP\项目\集中控制器\程序软件\APP\MDK-ARM\JLinkSettings.ini"
 
JLink info:
------------
DLL: V4.40c, compiled Jan 24 2012 09:30:33
Firmware: J-Link V9 compiled Oct 25 2018 11:46:07
Hardware: V9.70
S/N : 59700618 
Feature(s) : RDI, FlashBP, FlashDL, JFlash, GDB 
 
* JLink Info: Found SWD-DP with ID 0x2BA01477
* JLink Info: TPIU fitted.
* JLink Info: ETM fitted.
* JLink Info:   FPUnit: 6 code (BP) slots and 2 literal slots
* JLink Info: Found Cortex-M4 r0p1, Little endian.
ROMTableAddr = 0xE00FF003
* JLink Info: Found SWD-DP with ID 0x2BA01477
* JLink Info: TPIU fitted.
* JLink Info: ETM fitted.
* JLink Info:   FPUnit: 6 code (BP) slots and 2 literal slots
* JLink Info: Found Cortex-M4 r0p1, Little endian.
 
Target info:
------------
Device: STM32F407ZG
VTarget = 3.006V
State of Pins: 
TCK: 0, TDI: 0, TDO: 0, TMS: 1, TRES: 1, TRST: 1
Hardware-Breakpoints: 6
Software-Breakpoints: 8192
Watchpoints:          4
JTAG speed: 2000 kHz
 
Erase Done.
Programming Done.
Verify OK.
* JLink Info: Found SWD-DP with ID 0x2BA01477
* JLink Info: TPIU fitted.
* JLink Info: ETM fitted.
* JLink Info:   FPUnit: 6 code (BP) slots and 2 literal slots
* JLink Info: Found Cortex-M4 r0p1, Little endian.
Application running ...
Build target 'DataConcentrator'
compiling rtos_task.c...
linking...
Program Size: Code=67732 RO-data=3156 RW-data=9176 ZI-data=94432  
FromELF: creating hex file...
After Build - User command #1: C:\Keil\ARM\ARMCC\bin\fromelf.exe  --bin -o   ..\OUTPUT\Obj\DataConcentrator.bin ..\OUTPUT\Obj\DataConcentrator.axf
"..\OUTPUT\Obj\DataConcentrator.axf" - 0 Errors, 0 Warning(s).
Load "..\\OUTPUT\\Obj\\DataConcentrator.axf" 
* JLink Info: Device "STM32F407ZG" selected (1024 KB flash, 128 KB RAM).
Set JLink Project File to "F:\SZP\项目\集中控制器\程序软件\APP\MDK-ARM\JLinkSettings.ini"
 
JLink info:
------------
DLL: V4.40c, compiled Jan 24 2012 09:30:33
Firmware: J-Link V9 compiled Oct 25 2018 11:46:07
Hardware: V9.70
S/N : 59700618 
Feature(s) : RDI, FlashBP, FlashDL, JFlash, GDB 
 
* JLink Info: Found SWD-DP with ID 0x2BA01477
* JLink Info: TPIU fitted.
* JLink Info: ETM fitted.
* JLink Info:   FPUnit: 6 code (BP) slots and 2 literal slots
* JLink Info: Found Cortex-M4 r0p1, Little endian.
ROMTableAddr = 0xE00FF003
* JLink Info: Found SWD-DP with ID 0x2BA01477
* JLink Info: TPIU fitted.
* JLink Info: ETM fitted.
* JLink Info:   FPUnit: 6 code (BP) slots and 2 literal slots
* JLink Info: Found Cortex-M4 r0p1, Little endian.
 
Target info:
------------
Device: STM32F407ZG
VTarget = 3.038V
State of Pins: 
TCK: 0, TDI: 0, TDO: 0, TMS: 1, TRES: 1, TRST: 1
Hardware-Breakpoints: 6
Software-Breakpoints: 8192
Watchpoints:          4
JTAG speed: 2000 kHz
 
Erase Done.
Programming Done.
Verify OK.
* JLink Info: Found SWD-DP with ID 0x2BA01477
* JLink Info: TPIU fitted.
* JLink Info: ETM fitted.
* JLink Info:   FPUnit: 6 code (BP) slots and 2 literal slots
* JLink Info: Found Cortex-M4 r0p1, Little endian.
Application running ...
Build target 'DataConcentrator'
compiling rtos_task.c...
linking...
Program Size: Code=67732 RO-data=3156 RW-data=9176 ZI-data=94432  
FromELF: creating hex file...
After Build - User command #1: C:\Keil\ARM\ARMCC\bin\fromelf.exe  --bin -o   ..\OUTPUT\Obj\DataConcentrator.bin ..\OUTPUT\Obj\DataConcentrator.axf
"..\OUTPUT\Obj\DataConcentrator.axf" - 0 Errors, 0 Warning(s).
Build target 'DataConcentrator'
linking...
Program Size: Code=67732 RO-data=3156 RW-data=9176 ZI-data=94432  
FromELF: creating hex file...
After Build - User command #1: C:\Keil\ARM\ARMCC\bin\fromelf.exe  --bin -o   ..\OUTPUT\Obj\DataConcentrator.bin ..\OUTPUT\Obj\DataConcentrator.axf
"..\OUTPUT\Obj\DataConcentrator.axf" - 0 Errors, 0 Warning(s).
Load "..\\OUTPUT\\Obj\\DataConcentrator.axf" 
* JLink Info: Device "STM32F407ZG" selected (1024 KB flash, 128 KB RAM).
Set JLink Project File to "F:\SZP\项目\集中控制器\程序软件\APP\MDK-ARM\JLinkSettings.ini"
 
JLink info:
------------
DLL: V4.40c, compiled Jan 24 2012 09:30:33
Firmware: J-Link V9 compiled Oct 25 2018 11:46:07
Hardware: V9.70
S/N : 59700618 
Feature(s) : RDI, FlashBP, FlashDL, JFlash, GDB 
 
* JLink Info: Found SWD-DP with ID 0x2BA01477
* JLink Info: TPIU fitted.
* JLink Info: ETM fitted.
* JLink Info:   FPUnit: 6 code (BP) slots and 2 literal slots
* JLink Info: Found Cortex-M4 r0p1, Little endian.
ROMTableAddr = 0xE00FF003
* JLink Info: Found SWD-DP with ID 0x2BA01477
* JLink Info: TPIU fitted.
* JLink Info: ETM fitted.
* JLink Info:   FPUnit: 6 code (BP) slots and 2 literal slots
* JLink Info: Found Cortex-M4 r0p1, Little endian.
 
Target info:
------------
Device: STM32F407ZG
VTarget = 3.100V
State of Pins: 
TCK: 0, TDI: 0, TDO: 0, TMS: 1, TRES: 1, TRST: 1
Hardware-Breakpoints: 6
Software-Breakpoints: 8192
Watchpoints:          4
JTAG speed: 2000 kHz
 
Erase Done.
Programming Done.
Verify OK.
* JLink Info: Found SWD-DP with ID 0x2BA01477
* JLink Info: TPIU fitted.
* JLink Info: ETM fitted.
* JLink Info:   FPUnit: 6 code (BP) slots and 2 literal slots
* JLink Info: Found Cortex-M4 r0p1, Little endian.
Application running ...
Build target 'DataConcentrator'
compiling rtos_task.c...
linking...
Program Size: Code=67732 RO-data=3156 RW-data=9176 ZI-data=94432  
FromELF: creating hex file...
After Build - User command #1: C:\Keil\ARM\ARMCC\bin\fromelf.exe  --bin -o   ..\OUTPUT\Obj\DataConcentrator.bin ..\OUTPUT\Obj\DataConcentrator.axf
"..\OUTPUT\Obj\DataConcentrator.axf" - 0 Errors, 0 Warning(s).
Load "..\\OUTPUT\\Obj\\DataConcentrator.axf" 
* JLink Info: Device "STM32F407ZG" selected (1024 KB flash, 128 KB RAM).
Set JLink Project File to "F:\SZP\项目\集中控制器\程序软件\APP\MDK-ARM\JLinkSettings.ini"
 
JLink info:
------------
DLL: V4.40c, compiled Jan 24 2012 09:30:33
Firmware: J-Link V9 compiled Oct 25 2018 11:46:07
Hardware: V9.70
S/N : 59700618 
Feature(s) : RDI, FlashBP, FlashDL, JFlash, GDB 
 
* JLink Info: Found SWD-DP with ID 0x2BA01477
* JLink Info: TPIU fitted.
[...]
Firmware: J-Link V9 compiled Oct 25 2018 11:46:07
Hardware: V9.70
S/N : 59700618 
Feature(s) : RDI, FlashBP, FlashDL, JFlash, GDB 
 
* JLink Info: Found SWD-DP with ID 0x2BA01477
* JLink Info: TPIU fitted.
* JLink Info: ETM fitted.
* JLink Info:   FPUnit: 6 code (BP) slots and 2 literal slots
* JLink Info: Found Cortex-M4 r0p1, Little endian.
ROMTableAddr = 0xE00FF003
* JLink Info: Found SWD-DP with ID 0x2BA01477
* JLink Info: TPIU fitted.
* JLink Info: ETM fitted.
* JLink Info:   FPUnit: 6 code (BP) slots and 2 literal slots
* JLink Info: Found Cortex-M4 r0p1, Little endian.
 
Target info:
------------
Device: STM32F407ZG
VTarget = 3.043V
State of Pins: 
TCK: 0, TDI: 0, TDO: 0, TMS: 1, TRES: 1, TRST: 1
Hardware-Breakpoints: 6
Software-Breakpoints: 8192
Watchpoints:          4
JTAG speed: 2000 kHz
 
Erase Done.
Programming Done.
Verify OK.
* JLink Info: Found SWD-DP with ID 0x2BA01477
* JLink Info: TPIU fitted.
* JLink Info: ETM fitted.
* JLink Info:   FPUnit: 6 code (BP) slots and 2 literal slots
* JLink Info: Found Cortex-M4 r0p1, Little endian.
Application running ...
Build target 'DataConcentrator'
compiling task_concentrator.c...
..\USER\task_concentrator.c(104): warning:  #223-D: function "nnnnnnn" declared implicitly
..\USER\task_concentrator.c(22): warning:  #177-D: variable "i" was declared but never referenced
linking...
..\OUTPUT\Obj\DataConcentrator.axf: Error: L6218E: Undefined symbol nnnnnnn (referred from task_concentrator.o).
"..\OUTPUT\Obj\DataConcentrator.axf" - 1 Errors, 2 Warning(s).
Target not created
Build target 'DataConcentrator'
compiling task_concentrator.c...
..\USER\task_concentrator.c(22): warning:  #177-D: variable "i" was declared but never referenced
linking...
Program Size: Code=67452 RO-data=3156 RW-data=9172 ZI-data=94428  
FromELF: creating hex file...
After Build - User command #1: C:\Keil\ARM\ARMCC\bin\fromelf.exe  --bin -o   ..\OUTPUT\Obj\DataConcentrator.bin ..\OUTPUT\Obj\DataConcentrator.axf
"..\OUTPUT\Obj\DataConcentrator.axf" - 0 Errors, 1 Warning(s).
Build target 'DataConcentrator'
compiling task_led.c...
linking...
Program Size: Code=67448 RO-data=3160 RW-data=9172 ZI-data=94428  
FromELF: creating hex file...
After Build - User command #1: C:\Keil\ARM\ARMCC\bin\fromelf.exe  --bin -o   ..\OUTPUT\Obj\DataConcentrator.bin ..\OUTPUT\Obj\DataConcentrator.axf
"..\OUTPUT\Obj\DataConcentrator.axf" - 0 Errors, 0 Warning(s).
Build target 'DataConcentrator'
compiling task_concentrator.c...
..\USER\task_concentrator.c(22): warning:  #177-D: variable "i" was declared but never referenced
linking...
Program Size: Code=67448 RO-data=3160 RW-data=9176 ZI-data=94432  
FromELF: creating hex file...
After Build - User command #1: C:\Keil\ARM\ARMCC\bin\fromelf.exe  --bin -o   ..\OUTPUT\Obj\DataConcentrator.bin ..\OUTPUT\Obj\DataConcentrator.axf
"..\OUTPUT\Obj\DataConcentrator.axf" - 0 Errors, 1 Warning(s).
Build target 'DataConcentrator'
compiling rtos_task.c...
compiling task_led.c...
compiling task_concentrator.c...
..\USER\task_concentrator.c(22): warning:  #177-D: variable "i" was declared but never referenced
compiling task_store.c...
compiling event_alarm.c...
linking...
Program Size: Code=67404 RO-data=3156 RW-data=9176 ZI-data=94432  
FromELF: creating hex file...
After Build - User command #1: C:\Keil\ARM\ARMCC\bin\fromelf.exe  --bin -o   ..\OUTPUT\Obj\DataConcentrator.bin ..\OUTPUT\Obj\DataConcentrator.axf
"..\OUTPUT\Obj\DataConcentrator.axf" - 0 Errors, 1 Warning(s).
Build target 'DataConcentrator'
compiling task_concentrator.c...
linking...
Program Size: Code=67400 RO-data=3160 RW-data=9176 ZI-data=94432  
FromELF: creating hex file...
After Build - User command #1: C:\Keil\ARM\ARMCC\bin\fromelf.exe  --bin -o   ..\OUTPUT\Obj\DataConcentrator.bin ..\OUTPUT\Obj\DataConcentrator.axf
"..\OUTPUT\Obj\DataConcentrator.axf" - 0 Errors, 0 Warning(s).
Build target 'DataConcentrator'
compiling task_store.c...
linking...
Program Size: Code=71896 RO-data=3160 RW-data=9176 ZI-data=94432  
FromELF: creating hex file...
After Build - User command #1: C:\Keil\ARM\ARMCC\bin\fromelf.exe  --bin -o   ..\OUTPUT\Obj\DataConcentrator.bin ..\OUTPUT\Obj\DataConcentrator.axf
"..\OUTPUT\Obj\DataConcentrator.axf" - 0 Errors, 0 Warning(s).
Build target 'DataConcentrator'
compiling concentrator.c...
..\EXTERNALDEVICE\concentrator\concentrator.c(583): error:  #20: identifier "AlarmReport_S" is undefined
..\EXTERNALDEVICE\concentrator\concentrator.c(601): error:  #132: expression must have pointer-to-struct-or-union type
..\EXTERNALDEVICE\concentrator\concentrator.c(605): error:  #132: expression must have pointer-to-struct-or-union type
..\EXTERNALDEVICE\concentrator\concentrator.c(610): error:  #132: expression must have pointer-to-struct-or-union type
..\EXTERNALDEVICE\concentrator\concentrator.c(614): error:  #65: expected a ";"
..\EXTERNALDEVICE\concentrator\concentrator.c(640): error:  #20: identifier "frame_ware_state" is undefined
"..\OUTPUT\Obj\DataConcentrator.axf" - 6 Errors, 0 Warning(s).
Target not created
Build target 'DataConcentrator'
compiling main.c...
..\EXTERNALDEVICE\concentrator\concentrator.h(165): error:  #20: identifier "AlarmReport_S" is undefined
compiling common.c...
..\EXTERNALDEVICE\concentrator\concentrator.h(165): error:  #20: identifier "AlarmReport_S" is undefined
compiling rtos_task.c...
compiling task_led.c...
compiling task_4g.c...
..\EXTERNALDEVICE\concentrator\concentrator.h(165): error:  #20: identifier "AlarmReport_S" is undefined
compiling task_handle_server_frame.c...
..\EXTERNALDEVICE\concentrator\concentrator.h(165): error:  #20: identifier "AlarmReport_S" is undefined
compiling task_concentrator.c...
..\EXTERNALDEVICE\concentrator\concentrator.h(165): error:  #20: identifier "AlarmReport_S" is undefined
compiling task_store.c...
compiling server_protocol.c...
..\EXTERNALDEVICE\concentrator\concentrator.h(165): error:  #20: identifier "AlarmReport_S" is undefined
compiling event_alarm.c...
..\MIDDLEWARE\event_alarm.c(192): warning:  #167-D: argument of type "u8 *" is incompatible with parameter of type "const char *restrict"
..\MIDDLEWARE\event_alarm.c(195): warning:  #167-D: argument of type "u8 *" is incompatible with parameter of type "const char *restrict"
compiling concentrator.c...
..\EXTERNALDEVICE\concentrator\concentrator.h(165): error:  #20: identifier "AlarmReport_S" is undefined
..\EXTERNALDEVICE\concentrator\concentrator.c(613): error:  #65: expected a ";"
"..\OUTPUT\Obj\DataConcentrator.axf" - 8 Errors, 2 Warning(s).
Target not created
Build target 'DataConcentrator'
compiling main.c...
compiling common.c...
compiling task_4g.c...
compiling task_handle_server_frame.c...
compiling task_concentrator.c...
compiling server_protocol.c...
compiling event_alarm.c...
..\MIDDLEWARE\event_alarm.c(192): warning:  #167-D: argument of type "u8 *" is incompatible with parameter of type "const char *restrict"
..\MIDDLEWARE\event_alarm.c(195): warning:  #167-D: argument of type "u8 *" is incompatible with parameter of type "const char *restrict"
compiling concentrator.c...
..\EXTERNALDEVICE\concentrator\concentrator.c(613): error:  #65: expected a ";"
"..\OUTPUT\Obj\DataConcentrator.axf" - 1 Errors, 2 Warning(s).
Target not created
Build target 'DataConcentrator'
compiling event_alarm.c...
compiling concentrator.c...
..\EXTERNALDEVICE\concentrator\concentrator.c(613): error:  #65: expected a ";"
"..\OUTPUT\Obj\DataConcentrator.axf" - 1 Errors, 0 Warning(s).
Target not created
Build target 'DataConcentrator'
compiling concentrator.c...
linking...
Program Size: Code=71912 RO-data=3160 RW-data=9176 ZI-data=94432  
FromELF: creating hex file...
After Build - User command #1: C:\Keil\ARM\ARMCC\bin\fromelf.exe  --bin -o   ..\OUTPUT\Obj\DataConcentrator.bin ..\OUTPUT\Obj\DataConcentrator.axf
"..\OUTPUT\Obj\DataConcentrator.axf" - 0 Errors, 0 Warning(s).
Build target 'DataConcentrator'
compiling task_store.c...
..\USER\task_store.c(28): error:  #20: identifier "xQueue_AlarmReportRecv" is undefined
compiling event_alarm.c...
compiling concentrator.c...
..\EXTERNALDEVICE\concentrator\concentrator.c(714): warning:  #550-D: variable "xResult" was set but never used
"..\OUTPUT\Obj\DataConcentrator.axf" - 1 Errors, 1 Warning(s).
Target not created
Build target 'DataConcentrator'
compiling task_store.c...
compiling concentrator.c...
..\EXTERNALDEVICE\concentrator\concentrator.c(714): warning:  #550-D: variable "xResult" was set but never used
linking...
Program Size: Code=72928 RO-data=3160 RW-data=9188 ZI-data=94428  
FromELF: creating hex file...
After Build - User command #1: C:\Keil\ARM\ARMCC\bin\fromelf.exe  --bin -o   ..\OUTPUT\Obj\DataConcentrator.bin ..\OUTPUT\Obj\DataConcentrator.axf
"..\OUTPUT\Obj\DataConcentrator.axf" - 0 Errors, 1 Warning(s).
Build target 'DataConcentrator'
compiling concentrator.c...
..\EXTERNALDEVICE\concentrator\concentrator.c(839): error:  #20: identifier "xResult" is undefined
"..\OUTPUT\Obj\DataConcentrator.axf" - 1 Errors, 0 Warning(s).
Target not created
Build target 'DataConcentrator'
compiling concentrator.c...
linking...
Program Size: Code=72936 RO-data=3160 RW-data=9188 ZI-data=94428  
FromELF: creating hex file...
After Build - User command #1: C:\Keil\ARM\ARMCC\bin\fromelf.exe  --bin -o   ..\OUTPUT\Obj\DataConcentrator.bin ..\OUTPUT\Obj\DataConcentrator.axf
"..\OUTPUT\Obj\DataConcentrator.axf" - 0 Errors, 0 Warning(s).
Build target 'DataConcentrator'
compiling concentrator.c...
linking...
Program Size: Code=72944 RO-data=3160 RW-data=9188 ZI-data=94428  
FromELF: creating hex file...
After Build - User command #1: C:\Keil\ARM\ARMCC\bin\fromelf.exe  --bin -o   ..\OUTPUT\Obj\DataConcentrator.bin ..\OUTPUT\Obj\DataConcentrator.axf
"..\OUTPUT\Obj\DataConcentrator.axf" - 0 Errors, 0 Warning(s).
Build target 'DataConcentrator'
compiling concentrator.c...
linking...
Program Size: Code=72952 RO-data=3160 RW-data=9188 ZI-data=94428  
FromELF: creating hex file...
After Build - User command #1: C:\Keil\ARM\ARMCC\bin\fromelf.exe  --bin -o   ..\OUTPUT\Obj\DataConcentrator.bin ..\OUTPUT\Obj\DataConcentrator.axf
"..\OUTPUT\Obj\DataConcentrator.axf" - 0 Errors, 0 Warning(s).
Build target 'DataConcentrator'
compiling task_concentrator.c...
..\USER\task_concentrator.c(30): error:  #513: a value of type "int" cannot be assigned to an entity of type "u8 *"
..\USER\task_concentrator.c(31): error:  #513: a value of type "int" cannot be assigned to an entity of type "u8 *"
..\USER\task_concentrator.c(65): error:  #268: declaration may not appear after executable statement in block
..\USER\task_concentrator.c(65): error:  #67: expected a "}"
compiling concentrator.c...
"..\OUTPUT\Obj\DataConcentrator.axf" - 4 Errors, 0 Warning(s).
Target not created
Build target 'DataConcentrator'
compiling task_concentrator.c...
..\USER\task_concentrator.c(30): error:  #513: a value of type "int" cannot be assigned to an entity of type "u8 *"
..\USER\task_concentrator.c(31): error:  #513: a value of type "int" cannot be assigned to an entity of type "u8 *"
..\USER\task_concentrator.c(65): error:  #268: declaration may not appear after executable statement in block
..\USER\task_concentrator.c(65): error:  #67: expected a "}"
"..\OUTPUT\Obj\DataConcentrator.axf" - 4 Errors, 0 Warning(s).
Target not created
Build target 'DataConcentrator'
compiling task_concentrator.c...
..\USER\task_concentrator.c(79): error:  #268: declaration may not appear after executable statement in block
..\USER\task_concentrator.c(79): error:  #67: expected a "}"
"..\OUTPUT\Obj\DataConcentrator.axf" - 2 Errors, 0 Warning(s).
Target not created
Build target 'DataConcentrator'
compiling task_concentrator.c...
linking...
Program Size: Code=72968 RO-data=3160 RW-data=9188 ZI-data=94428  
FromELF: creating hex file...
After Build - User command #1: C:\Keil\ARM\ARMCC\bin\fromelf.exe  --bin -o   ..\OUTPUT\Obj\DataConcentrator.bin ..\OUTPUT\Obj\DataConcentrator.axf
"..\OUTPUT\Obj\DataConcentrator.axf" - 0 Errors, 0 Warning(s).
Build target 'DataConcentrator'
compiling task_concentrator.c...
linking...
Program Size: Code=72968 RO-data=3160 RW-data=9188 ZI-data=94428  
FromELF: creating hex file...
After Build - User command #1: C:\Keil\ARM\ARMCC\bin\fromelf.exe  --bin -o   ..\OUTPUT\Obj\DataConcentrator.bin ..\OUTPUT\Obj\DataConcentrator.axf
"..\OUTPUT\Obj\DataConcentrator.axf" - 0 Errors, 0 Warning(s).
Build target 'DataConcentrator'
compiling task_concentrator.c...
..\USER\task_concentrator.c(166): warning:  #174-D: expression has no effect
linking...
Program Size: Code=73368 RO-data=3160 RW-data=9188 ZI-data=94428  
FromELF: creating hex file...
After Build - User command #1: C:\Keil\ARM\ARMCC\bin\fromelf.exe  --bin -o   ..\OUTPUT\Obj\DataConcentrator.bin ..\OUTPUT\Obj\DataConcentrator.axf
"..\OUTPUT\Obj\DataConcentrator.axf" - 0 Errors, 1 Warning(s).
Build target 'DataConcentrator'
compiling task_concentrator.c...
linking...
Program Size: Code=73372 RO-data=3156 RW-data=9188 ZI-data=94428  
FromELF: creating hex file...
After Build - User command #1: C:\Keil\ARM\ARMCC\bin\fromelf.exe  --bin -o   ..\OUTPUT\Obj\DataConcentrator.bin ..\OUTPUT\Obj\DataConcentrator.axf
"..\OUTPUT\Obj\DataConcentrator.axf" - 0 Errors, 0 Warning(s).
Build target 'DataConcentrator'
compiling task_concentrator.c...
..\USER\task_concentrator.c(78): warning:  #223-D: function "CopyAlarmReport" declared implicitly
linking...
Program Size: Code=73664 RO-data=3160 RW-data=9188 ZI-data=94428  
FromELF: creating hex file...
After Build - User command #1: C:\Keil\ARM\ARMCC\bin\fromelf.exe  --bin -o   ..\OUTPUT\Obj\DataConcentrator.bin ..\OUTPUT\Obj\DataConcentrator.axf
"..\OUTPUT\Obj\DataConcentrator.axf" - 0 Errors, 1 Warning(s).
Build target 'DataConcentrator'
compiling main.c...
compiling common.c...
compiling rtos_task.c...
compiling task_led.c...
compiling task_4g.c...
compiling task_handle_server_frame.c...
compiling task_concentrator.c...
compiling task_store.c...
compiling server_protocol.c...
compiling event_alarm.c...
compiling concentrator.c...
linking...
Program Size: Code=73664 RO-data=3160 RW-data=9188 ZI-data=94428  
FromELF: creating hex file...
After Build - User command #1: C:\Keil\ARM\ARMCC\bin\fromelf.exe  --bin -o   ..\OUTPUT\Obj\DataConcentrator.bin ..\OUTPUT\Obj\DataConcentrator.axf
"..\OUTPUT\Obj\DataConcentrator.axf" - 0 Errors, 0 Warning(s).
Load "..\\OUTPUT\\Obj\\DataConcentrator.axf" 
* JLink Info: Device "STM32F407ZG" selected (1024 KB flash, 128 KB RAM).
Set JLink Project File to "F:\SZP\项目\集中控制器\程序软件\APP\MDK-ARM\JLinkSettings.ini"
 
JLink info:
------------
DLL: V4.40c, compiled Jan 24 2012 09:30:33
Firmware: J-Link V9 compiled Oct 25 2018 11:46:07
Hardware: V9.70
S/N : 59700618 
Feature(s) : RDI, FlashBP, FlashDL, JFlash, GDB 
 
* JLink Info: Found SWD-DP with ID 0x2BA01477
* JLink Info: TPIU fitted.
* JLink Info: ETM fitted.
* JLink Info:   FPUnit: 6 code (BP) slots and 2 literal slots
* JLink Info: Found Cortex-M4 r0p1, Little endian.
ROMTableAddr = 0xE00FF003
* JLink Info: Found SWD-DP with ID 0x2BA01477
* JLink Info: TPIU fitted.
* JLink Info: ETM fitted.
* JLink Info:   FPUnit: 6 code (BP) slots and 2 literal slots
* JLink Info: Found Cortex-M4 r0p1, Little endian.
 
Target info:
------------
Device: STM32F407ZG
VTarget = 3.024V
State of Pins: 
TCK: 0, TDI: 0, TDO: 0, TMS: 1, TRES: 1, TRST: 1
Hardware-Breakpoints: 6
Software-Breakpoints: 8192
Watchpoints:          4
JTAG speed: 2000 kHz
 
Erase Done.
Programming Done.
Verify OK.
* JLink Info: Found SWD-DP with ID 0x2BA01477
* JLink Info: TPIU fitted.
* JLink Info: ETM fitted.
* JLink Info:   FPUnit: 6 code (BP) slots and 2 literal slots
* JLink Info: Found Cortex-M4 r0p1, Little endian.
Application running ...
Build target 'DataConcentrator'
compiling task_concentrator.c...
..\USER\task_concentrator.c(87): warning:  #177-D: variable "i" was declared but never referenced
linking...
Program Size: Code=72972 RO-data=3156 RW-data=9188 ZI-data=94428  
FromELF: creating hex file...
After Build - User command #1: C:\Keil\ARM\ARMCC\bin\fromelf.exe  --bin -o   ..\OUTPUT\Obj\DataConcentrator.bin ..\OUTPUT\Obj\DataConcentrator.axf
"..\OUTPUT\Obj\DataConcentrator.axf" - 0 Errors, 1 Warning(s).
Load "..\\OUTPUT\\Obj\\DataConcentrator.axf" 
* JLink Info: Device "STM32F407ZG" selected (1024 KB flash, 128 KB RAM).
Set JLink Project File to "F:\SZP\项目\集中控制器\程序软件\APP\MDK-ARM\JLinkSettings.ini"
 
JLink info:
------------
DLL: V4.40c, compiled Jan 24 2012 09:30:33
Firmware: J-Link V9 compiled Oct 25 2018 11:46:07
Hardware: V9.70
S/N : 59700618 
Feature(s) : RDI, FlashBP, FlashDL, JFlash, GDB 
 
* JLink Info: Found SWD-DP with ID 0x2BA01477
* JLink Info: TPIU fitted.
* JLink Info: ETM fitted.
* JLink Info:   FPUnit: 6 code (BP) slots and 2 literal slots
* JLink Info: Found Cortex-M4 r0p1, Little endian.
ROMTableAddr = 0xE00FF003
* JLink Info: Found SWD-DP with ID 0x2BA01477
* JLink Info: TPIU fitted.
* JLink Info: ETM fitted.
* JLink Info:   FPUnit: 6 code (BP) slots and 2 literal slots
* JLink Info: Found Cortex-M4 r0p1, Little endian.
 
Target info:
------------
Device: STM32F407ZG
VTarget = 3.074V
State of Pins: 
TCK: 0, TDI: 0, TDO: 0, TMS: 1, TRES: 1, TRST: 1
Hardware-Breakpoints: 6
Software-Breakpoints: 8192
Watchpoints:          4
JTAG speed: 2000 kHz
 
Erase Done.
Programming Done.
Verify OK.
* JLink Info: Found SWD-DP with ID 0x2BA01477
* JLink Info: TPIU fitted.
* JLink Info: ETM fitted.
* JLink Info:   FPUnit: 6 code (BP) slots and 2 literal slots
* JLink Info: Found Cortex-M4 r0p1, Little endian.
Application running ...
Build target 'DataConcentrator'
compiling task_concentrator.c...
compiling task_store.c...
..\USER\task_store.c(34): warning:  #223-D: function "mf_scan_files" declared implicitly
linking...
Program Size: Code=73788 RO-data=3156 RW-data=9188 ZI-data=94428  
FromELF: creating hex file...
After Build - User command #1: C:\Keil\ARM\ARMCC\bin\fromelf.exe  --bin -o   ..\OUTPUT\Obj\DataConcentrator.bin ..\OUTPUT\Obj\DataConcentrator.axf
"..\OUTPUT\Obj\DataConcentrator.axf" - 0 Errors, 1 Warning(s).
Load "..\\OUTPUT\\Obj\\DataConcentrator.axf" 
* JLink Info: Device "STM32F407ZG" selected (1024 KB flash, 128 KB RAM).
Set JLink Project File to "F:\SZP\项目\集中控制器\程序软件\APP\MDK-ARM\JLinkSettings.ini"
 
JLink info:
------------
DLL: V4.40c, compiled Jan 24 2012 09:30:33
Firmware: J-Link V9 compiled Oct 25 2018 11:46:07
Hardware: V9.70
S/N : 59700618 
Feature(s) : RDI, FlashBP, FlashDL, JFlash, GDB 
 
* JLink Info: Found SWD-DP with ID 0x2BA01477
* JLink Info: TPIU fitted.
* JLink Info: ETM fitted.
* JLink Info:   FPUnit: 6 code (BP) slots and 2 literal slots
* JLink Info: Found Cortex-M4 r0p1, Little endian.
ROMTableAddr = 0xE00FF003
* JLink Info: Found SWD-DP with ID 0x2BA01477
* JLink Info: TPIU fitted.
* JLink Info: ETM fitted.
* JLink Info:   FPUnit: 6 code (BP) slots and 2 literal slots
* JLink Info: Found Cortex-M4 r0p1, Little endian.
 
Target info:
------------
Device: STM32F407ZG
VTarget = 3.022V
State of Pins: 
TCK: 0, TDI: 0, TDO: 0, TMS: 1, TRES: 1, TRST: 1
Hardware-Breakpoints: 6
Software-Breakpoints: 8192
Watchpoints:          4
JTAG speed: 2000 kHz
 
Erase Done.
Programming Done.
Verify OK.
* JLink Info: Found SWD-DP with ID 0x2BA01477
* JLink Info: TPIU fitted.
* JLink Info: ETM fitted.
* JLink Info:   FPUnit: 6 code (BP) slots and 2 literal slots
* JLink Info: Found Cortex-M4 r0p1, Little endian.
Application running ...
Build target 'DataConcentrator'
compiling task_concentrator.c...
..\USER\task_concentrator.c(87): warning:  #177-D: variable "i" was declared but never referenced
compiling task_store.c...
linking...
Program Size: Code=72972 RO-data=3156 RW-data=9188 ZI-data=94428  
FromELF: creating hex file...
After Build - User command #1: C:\Keil\ARM\ARMCC\bin\fromelf.exe  --bin -o   ..\OUTPUT\Obj\DataConcentrator.bin ..\OUTPUT\Obj\DataConcentrator.axf
"..\OUTPUT\Obj\DataConcentrator.axf" - 0 Errors, 1 Warning(s).
Clean started: Project: 'DataConcentrator'
   deleting intermediate output files for target 'DataConcentrator'
