ARM Linker, 5.03 [Build 76] [MDK-ARM Standard]

==============================================================================

Section Cross References

    main.o(.text) refers to stm32f4xx_rcc.o(.text) for RCC_GetClocksFreq
    main.o(.text) refers to misc.o(.text) for NVIC_PriorityGroupConfig
    main.o(.text) refers to delay.o(.text) for delay_init
    main.o(.text) refers to led.o(.text) for LED_Init
    main.o(.text) refers to usart.o(.text) for TIM2_Config
    main.o(.text) refers to watch_dog.o(.text) for IWDG_Feed_Thread
    main.o(.text) refers to rtos_task.o(.text) for AppObjCreate
    main.o(.text) refers to tasks.o(.text) for vTaskStartScheduler
    main.o(.text) refers to main.o(.bss) for RCC_Clocks
    common.o(.text) refers to common.o(.constdata) for crc32tab
    common.o(.text) refers to common.o(.data) for auchCRCHi
    rtos_task.o(.text) refers to tasks.o(.text) for xTaskCreate
    rtos_task.o(.text) refers to task_lwip_init.o(.data) for xHandleTaskLWIP_INIT
    rtos_task.o(.text) refers to task_lwip_init.o(.text) for vTaskLWIP_INIT
    rtos_task.o(.text) refers to task_led.o(.data) for xHandleTaskLED
    rtos_task.o(.text) refers to task_led.o(.text) for vTaskLED
    stm32f4xx_it.o(.text) refers to stm32f4xx_exti.o(.text) for EXTI_GetITStatus
    stm32f4xx_it.o(.text) refers to queue.o(.text) for xQueueGiveFromISR
    stm32f4xx_it.o(.text) refers to stm32f4x7_eth.o(.text) for ETH_GetDMAFlagStatus
    stm32f4xx_it.o(.text) refers to dp83848.o(.data) for ETH_link_xSemaphore
    stm32f4xx_it.o(.text) refers to ethernetif.o(.data) for s_xSemaphore
    task_led.o(.text) refers to key.o(.text) for KEY_Scan
    task_led.o(.text) refers to watch_dog.o(.text) for IWDG_Feed_Thread
    task_led.o(.text) refers to delay.o(.text) for delay_ms
    task_led.o(.text) refers to task_tcp_client.o(.data) for tcp_client_flag
    startup_stm32f40_41xxx.o(STACK) refers (Special) to heapauxi.o(.text) for __use_two_region_memory
    startup_stm32f40_41xxx.o(HEAP) refers (Special) to heapauxi.o(.text) for __use_two_region_memory
    startup_stm32f40_41xxx.o(RESET) refers (Special) to heapauxi.o(.text) for __use_two_region_memory
    startup_stm32f40_41xxx.o(RESET) refers to startup_stm32f40_41xxx.o(STACK) for __initial_sp
    startup_stm32f40_41xxx.o(RESET) refers to startup_stm32f40_41xxx.o(.text) for Reset_Handler
    startup_stm32f40_41xxx.o(RESET) refers to stm32f4xx_it.o(.text) for NMI_Handler
    startup_stm32f40_41xxx.o(RESET) refers to port.o(.emb_text) for SVC_Handler
    startup_stm32f40_41xxx.o(RESET) refers to delay.o(.text) for SysTick_Handler
    startup_stm32f40_41xxx.o(RESET) refers to usart.o(.text) for TIM2_IRQHandler
    startup_stm32f40_41xxx.o(.text) refers (Special) to heapauxi.o(.text) for __use_two_region_memory
    startup_stm32f40_41xxx.o(.text) refers to system_stm32f4xx.o(.text) for SystemInit
    startup_stm32f40_41xxx.o(.text) refers to __main.o(!!!main) for __main
    startup_stm32f40_41xxx.o(.text) refers to startup_stm32f40_41xxx.o(HEAP) for Heap_Mem
    startup_stm32f40_41xxx.o(.text) refers to startup_stm32f40_41xxx.o(STACK) for Stack_Mem
    system_stm32f4xx.o(.text) refers to system_stm32f4xx.o(.data) for SystemCoreClock
    delay.o(.text) refers to tasks.o(.text) for xTaskGetSchedulerState
    delay.o(.text) refers to port.o(.text) for xPortSysTickHandler
    delay.o(.text) refers to misc.o(.text) for SysTick_CLKSourceConfig
    delay.o(.text) refers to delay.o(.data) for fac_us
    stm32f4xx_adc.o(.text) refers to stm32f4xx_rcc.o(.text) for RCC_APB2PeriphResetCmd
    stm32f4xx_can.o(.text) refers to stm32f4xx_rcc.o(.text) for RCC_APB1PeriphResetCmd
    stm32f4xx_dac.o(.text) refers to stm32f4xx_rcc.o(.text) for RCC_APB1PeriphResetCmd
    stm32f4xx_fsmc.o(.text) refers to stm32f4xx_fsmc.o(.constdata) for FSMC_DefaultTimingStruct
    stm32f4xx_gpio.o(.text) refers to stm32f4xx_rcc.o(.text) for RCC_AHB1PeriphResetCmd
    stm32f4xx_i2c.o(.text) refers to stm32f4xx_rcc.o(.text) for RCC_APB1PeriphResetCmd
    stm32f4xx_ltdc.o(.text) refers to stm32f4xx_rcc.o(.text) for RCC_APB2PeriphResetCmd
    stm32f4xx_pwr.o(.text) refers to stm32f4xx_rcc.o(.text) for RCC_APB1PeriphResetCmd
    stm32f4xx_rcc.o(.text) refers to stm32f4xx_rcc.o(.data) for APBAHBPrescTable
    stm32f4xx_rng.o(.text) refers to stm32f4xx_rcc.o(.text) for RCC_AHB2PeriphResetCmd
    stm32f4xx_sai.o(.text) refers to stm32f4xx_rcc.o(.text) for RCC_APB2PeriphResetCmd
    stm32f4xx_sdio.o(.text) refers to stm32f4xx_rcc.o(.text) for RCC_APB2PeriphResetCmd
    stm32f4xx_spi.o(.text) refers to stm32f4xx_rcc.o(.text) for RCC_APB2PeriphResetCmd
    stm32f4xx_syscfg.o(.text) refers to stm32f4xx_rcc.o(.text) for RCC_APB2PeriphResetCmd
    stm32f4xx_tim.o(.text) refers to stm32f4xx_rcc.o(.text) for RCC_APB2PeriphResetCmd
    stm32f4xx_usart.o(.text) refers to stm32f4xx_rcc.o(.text) for RCC_APB2PeriphResetCmd
    stm32f4xx_wwdg.o(.text) refers to stm32f4xx_rcc.o(.text) for RCC_APB1PeriphResetCmd
[...]
    TIM_ForcedOC4Config                      0x08001971   Thumb Code    26  stm32f4xx_tim.o(.text)
    TIM_OC1PreloadConfig                     0x0800198b   Thumb Code    18  stm32f4xx_tim.o(.text)
    TIM_OC2PreloadConfig                     0x0800199d   Thumb Code    26  stm32f4xx_tim.o(.text)
    TIM_OC3PreloadConfig                     0x080019b7   Thumb Code    18  stm32f4xx_tim.o(.text)
    TIM_OC4PreloadConfig                     0x080019c9   Thumb Code    26  stm32f4xx_tim.o(.text)
    TIM_OC1FastConfig                        0x080019e3   Thumb Code    18  stm32f4xx_tim.o(.text)
    TIM_OC2FastConfig                        0x080019f5   Thumb Code    26  stm32f4xx_tim.o(.text)
    TIM_OC3FastConfig                        0x08001a0f   Thumb Code    18  stm32f4xx_tim.o(.text)
    TIM_OC4FastConfig                        0x08001a21   Thumb Code    26  stm32f4xx_tim.o(.text)
    TIM_ClearOC1Ref                          0x08001a3b   Thumb Code    18  stm32f4xx_tim.o(.text)
    TIM_ClearOC2Ref                          0x08001a4d   Thumb Code    24  stm32f4xx_tim.o(.text)
    TIM_ClearOC3Ref                          0x08001a65   Thumb Code    18  stm32f4xx_tim.o(.text)
    TIM_ClearOC4Ref                          0x08001a77   Thumb Code    24  stm32f4xx_tim.o(.text)
    TIM_OC1PolarityConfig                    0x08001a8f   Thumb Code    18  stm32f4xx_tim.o(.text)
    TIM_OC1NPolarityConfig                   0x08001aa1   Thumb Code    18  stm32f4xx_tim.o(.text)
    TIM_OC2PolarityConfig                    0x08001ab3   Thumb Code    26  stm32f4xx_tim.o(.text)
    TIM_OC2NPolarityConfig                   0x08001acd   Thumb Code    26  stm32f4xx_tim.o(.text)
    TIM_OC3PolarityConfig                    0x08001ae7   Thumb Code    26  stm32f4xx_tim.o(.text)
    TIM_OC3NPolarityConfig                   0x08001b01   Thumb Code    26  stm32f4xx_tim.o(.text)
    TIM_OC4PolarityConfig                    0x08001b1b   Thumb Code    26  stm32f4xx_tim.o(.text)
    TIM_CCxCmd                               0x08001b35   Thumb Code    30  stm32f4xx_tim.o(.text)
    TIM_CCxNCmd                              0x08001b53   Thumb Code    30  stm32f4xx_tim.o(.text)
    TIM_SetIC4Prescaler                      0x08001b71   Thumb Code    26  stm32f4xx_tim.o(.text)
    TIM_SetIC3Prescaler                      0x08001bdb   Thumb Code    18  stm32f4xx_tim.o(.text)
    TIM_SetIC2Prescaler                      0x08001c35   Thumb Code    26  stm32f4xx_tim.o(.text)
    TIM_SetIC1Prescaler                      0x08001ca9   Thumb Code    18  stm32f4xx_tim.o(.text)
    TIM_ICInit                               0x08001cf5   Thumb Code   110  stm32f4xx_tim.o(.text)
    TIM_ICStructInit                         0x08001d63   Thumb Code    18  stm32f4xx_tim.o(.text)
    TIM_PWMIConfig                           0x08001d75   Thumb Code   124  stm32f4xx_tim.o(.text)
    TIM_GetCapture1                          0x08001df1   Thumb Code     6  stm32f4xx_tim.o(.text)
    TIM_GetCapture2                          0x08001df7   Thumb Code     6  stm32f4xx_tim.o(.text)
    TIM_GetCapture3                          0x08001dfd   Thumb Code     6  stm32f4xx_tim.o(.text)
    TIM_GetCapture4                          0x08001e03   Thumb Code     6  stm32f4xx_tim.o(.text)
    TIM_BDTRConfig                           0x08001e09   Thumb Code    32  stm32f4xx_tim.o(.text)
    TIM_BDTRStructInit                       0x08001e29   Thumb Code    18  stm32f4xx_tim.o(.text)
    TIM_CtrlPWMOutputs                       0x08001e3b   Thumb Code    30  stm32f4xx_tim.o(.text)
    TIM_SelectCOM                            0x08001e59   Thumb Code    24  stm32f4xx_tim.o(.text)
    TIM_CCPreloadControl                     0x08001e71   Thumb Code    24  stm32f4xx_tim.o(.text)
    TIM_ITConfig                             0x08001e89   Thumb Code    18  stm32f4xx_tim.o(.text)
    TIM_GenerateEvent                        0x08001e9b   Thumb Code     4  stm32f4xx_tim.o(.text)
    TIM_GetFlagStatus                        0x08001e9f   Thumb Code    18  stm32f4xx_tim.o(.text)
    TIM_ClearFlag                            0x08001eb1   Thumb Code     6  stm32f4xx_tim.o(.text)
    TIM_GetITStatus                          0x08001eb7   Thumb Code    34  stm32f4xx_tim.o(.text)
    TIM_ClearITPendingBit                    0x08001ed9   Thumb Code     6  stm32f4xx_tim.o(.text)
    TIM_DMAConfig                            0x08001edf   Thumb Code    10  stm32f4xx_tim.o(.text)
    TIM_DMACmd                               0x08001ee9   Thumb Code    18  stm32f4xx_tim.o(.text)
    TIM_SelectCCDMA                          0x08001efb   Thumb Code    24  stm32f4xx_tim.o(.text)
    TIM_InternalClockConfig                  0x08001f13   Thumb Code    12  stm32f4xx_tim.o(.text)
    TIM_SelectInputTrigger                   0x08001f1f   Thumb Code    18  stm32f4xx_tim.o(.text)
    TIM_ITRxExternalClockConfig              0x08001f31   Thumb Code    24  stm32f4xx_tim.o(.text)
    TIM_TIxExternalClockConfig               0x08001f49   Thumb Code    62  stm32f4xx_tim.o(.text)
    TIM_ETRConfig                            0x08001f87   Thumb Code    28  stm32f4xx_tim.o(.text)
    TIM_ETRClockMode1Config                  0x08001fa3   Thumb Code    54  stm32f4xx_tim.o(.text)
    TIM_ETRClockMode2Config                  0x08001fd9   Thumb Code    32  stm32f4xx_tim.o(.text)
    TIM_SelectOutputTrigger                  0x08001ff9   Thumb Code    18  stm32f4xx_tim.o(.text)
    TIM_SelectSlaveMode                      0x0800200b   Thumb Code    18  stm32f4xx_tim.o(.text)
    TIM_SelectMasterSlaveMode                0x0800201d   Thumb Code    18  stm32f4xx_tim.o(.text)
    TIM_EncoderInterfaceConfig               0x0800202f   Thumb Code    66  stm32f4xx_tim.o(.text)
    TIM_SelectHallSensor                     0x08002071   Thumb Code    24  stm32f4xx_tim.o(.text)
    TIM_RemapConfig                          0x08002089   Thumb Code     6  stm32f4xx_tim.o(.text)
    USART_DeInit                             0x08002091   Thumb Code   206  stm32f4xx_usart.o(.text)
    USART_Init                               0x0800215f   Thumb Code   204  stm32f4xx_usart.o(.text)
    USART_StructInit                         0x0800222b   Thumb Code    24  stm32f4xx_usart.o(.text)
    USART_ClockInit                          0x08002243   Thumb Code    32  stm32f4xx_usart.o(.text)
    USART_ClockStructInit                    0x08002263   Thumb Code    12  stm32f4xx_usart.o(.text)
    USART_Cmd                                0x0800226f   Thumb Code    24  stm32f4xx_usart.o(.text)
    USART_SetPrescaler                       0x08002287   Thumb Code    16  stm32f4xx_usart.o(.text)
    USART_OverSampling8Cmd                   0x08002297   Thumb Code    22  stm32f4xx_usart.o(.text)
    USART_OneBitMethodCmd                    0x080022ad   Thumb Code    24  stm32f4xx_usart.o(.text)
    USART_SendData                           0x080022c5   Thumb Code     8  stm32f4xx_usart.o(.text)
    USART_ReceiveData                        0x080022cd   Thumb Code    10  stm32f4xx_usart.o(.text)
    USART_SetAddress                         0x080022d7   Thumb Code    18  stm32f4xx_usart.o(.text)
    USART_ReceiverWakeUpCmd                  0x080022e9   Thumb Code    24  stm32f4xx_usart.o(.text)
    USART_WakeUpConfig                       0x08002301   Thumb Code    18  stm32f4xx_usart.o(.text)
    USART_LINBreakDetectLengthConfig         0x08002313   Thumb Code    18  stm32f4xx_usart.o(.text)
    USART_LINCmd                             0x08002325   Thumb Code    24  stm32f4xx_usart.o(.text)
    USART_SendBreak                          0x0800233d   Thumb Code    10  stm32f4xx_usart.o(.text)
    USART_HalfDuplexCmd                      0x08002347   Thumb Code    24  stm32f4xx_usart.o(.text)
    USART_SetGuardTime                       0x0800235f   Thumb Code    16  stm32f4xx_usart.o(.text)
    USART_SmartCardCmd                       0x0800236f   Thumb Code    24  stm32f4xx_usart.o(.text)
    USART_SmartCardNACKCmd                   0x08002387   Thumb Code    24  stm32f4xx_usart.o(.text)
    USART_IrDAConfig                         0x0800239f   Thumb Code    18  stm32f4xx_usart.o(.text)
    USART_IrDACmd                            0x080023b1   Thumb Code    24  stm32f4xx_usart.o(.text)
    USART_DMACmd                             0x080023c9   Thumb Code    18  stm32f4xx_usart.o(.text)
    USART_ITConfig                           0x080023db   Thumb Code    74  stm32f4xx_usart.o(.text)
    USART_GetFlagStatus                      0x08002425   Thumb Code    26  stm32f4xx_usart.o(.text)
    USART_ClearFlag                          0x0800243f   Thumb Code    18  stm32f4xx_usart.o(.text)
    USART_GetITStatus                        0x08002451   Thumb Code   118  stm32f4xx_usart.o(.text)
    USART_ClearITPendingBit                  0x080024c7   Thumb Code    30  stm32f4xx_usart.o(.text)
    ETH_DeInit                               0x080024e5   Thumb Code    22  stm32f4x7_eth.o(.text)
    ETH_StructInit                           0x080024fb   Thumb Code   178  stm32f4x7_eth.o(.text)
    ETH_WritePHYRegister                     0x080025ad   Thumb Code    96  stm32f4x7_eth.o(.text)
    ETH_ReadPHYRegister                      0x0800260d   Thumb Code    98  stm32f4x7_eth.o(.text)
    ETH_Init                                 0x0800266f   Thumb Code   748  stm32f4x7_eth.o(.text)
    ETH_DMAReceptionCmd                      0x0800295b   Thumb Code    30  stm32f4x7_eth.o(.text)
    ETH_DMATransmissionCmd                   0x08002979   Thumb Code    72  stm32f4x7_eth.o(.text)
    ETH_FlushTransmitFIFO                    0x080029c1   Thumb Code    38  stm32f4x7_eth.o(.text)
    ETH_MACReceptionCmd                      0x080029e7   Thumb Code    56  stm32f4x7_eth.o(.text)
    ETH_MACTransmissionCmd                   0x08002a1f   Thumb Code    56  stm32f4x7_eth.o(.text)
    ETH_Start                                0x08002a57   Thumb Code    32  stm32f4x7_eth.o(.text)
    ETH_Stop                                 0x08002a77   Thumb Code    32  stm32f4x7_eth.o(.text)
    ETH_GetFlowControlBusyStatus             0x08002a97   Thumb Code    20  stm32f4x7_eth.o(.text)
    ETH_InitiatePauseControlFrame            0x08002aab   Thumb Code    38  stm32f4x7_eth.o(.text)
    ETH_BackPressureActivationCmd            0x08002ad1   Thumb Code    56  stm32f4x7_eth.o(.text)
    ETH_GetMACFlagStatus                     0x08002b09   Thumb Code    20  stm32f4x7_eth.o(.text)
    ETH_GetMACITStatus                       0x08002b1d   Thumb Code    20  stm32f4x7_eth.o(.text)
    ETH_MACITConfig                          0x08002b31   Thumb Code    26  stm32f4x7_eth.o(.text)
    ETH_MACAddressConfig                     0x08002b4b   Thumb Code    46  stm32f4x7_eth.o(.text)
    ETH_GetMACAddress                        0x08002b79   Thumb Code    36  stm32f4x7_eth.o(.text)
    ETH_MACAddressPerfectFilterCmd           0x08002b9d   Thumb Code    70  stm32f4x7_eth.o(.text)
    ETH_MACAddressFilterConfig               0x08002be3   Thumb Code    72  stm32f4x7_eth.o(.text)
    ETH_MACAddressMaskBytesFilterConfig      0x08002c2b   Thumb Code    86  stm32f4x7_eth.o(.text)
    ETH_Get_Received_Frame                   0x08002c81   Thumb Code    64  stm32f4x7_eth.o(.text)
    ETH_Get_Received_Frame_interrupt         0x08002cc1   Thumb Code   288  stm32f4x7_eth.o(.text)
    ETH_Prepare_Transmit_Descriptors         0x08002de1   Thumb Code   194  stm32f4x7_eth.o(.text)
    ETH_DMARxDescChainInit                   0x08002ea3   Thumb Code    82  stm32f4x7_eth.o(.text)
    ETH_CheckFrameReceived                   0x08002ef5   Thumb Code   210  stm32f4x7_eth.o(.text)
    ETH_DMATxDescChainInit                   0x08002fc7   Thumb Code    70  stm32f4x7_eth.o(.text)
    ETH_GetDMATxDescFlagStatus               0x0800300d   Thumb Code    18  stm32f4x7_eth.o(.text)
    ETH_GetDMATxDescCollisionCount           0x0800301f   Thumb Code    10  stm32f4x7_eth.o(.text)
    ETH_SetDMATxDescOwnBit                   0x08003029   Thumb Code    10  stm32f4x7_eth.o(.text)
    ETH_DMATxDescTransmitITConfig            0x08003033   Thumb Code    22  stm32f4x7_eth.o(.text)
    ETH_DMATxDescFrameSegmentConfig          0x08003049   Thumb Code     8  stm32f4x7_eth.o(.text)
    ETH_DMATxDescChecksumInsertionConfig     0x08003051   Thumb Code     8  stm32f4x7_eth.o(.text)
    ETH_DMATxDescCRCCmd                      0x08003059   Thumb Code    22  stm32f4x7_eth.o(.text)
    ETH_DMATxDescSecondAddressChainedCmd     0x0800306f   Thumb Code    22  stm32f4x7_eth.o(.text)
    ETH_DMATxDescShortFramePaddingCmd        0x08003085   Thumb Code    22  stm32f4x7_eth.o(.text)
    ETH_DMATxDescBufferSizeConfig            0x0800309b   Thumb Code    14  stm32f4x7_eth.o(.text)
    ETH_GetDMARxDescFlagStatus               0x080030a9   Thumb Code    18  stm32f4x7_eth.o(.text)
    ETH_GetDMAPTPRxDescExtendedFlagStatus    0x080030bb   Thumb Code    18  stm32f4x7_eth.o(.text)
    ETH_SetDMARxDescOwnBit                   0x080030cd   Thumb Code    10  stm32f4x7_eth.o(.text)
    ETH_GetDMARxDescFrameLength              0x080030d7   Thumb Code    10  stm32f4x7_eth.o(.text)
    ETH_DMARxDescReceiveITConfig             0x080030e1   Thumb Code    22  stm32f4x7_eth.o(.text)
    ETH_GetDMARxDescBufferSize               0x080030f7   Thumb Code    20  stm32f4x7_eth.o(.text)
    ETH_GetRxPktSize                         0x0800310b   Thumb Code    42  stm32f4x7_eth.o(.text)
    ETH_EnhancedDescriptorCmd                0x08003135   Thumb Code    56  stm32f4x7_eth.o(.text)
    ETH_SoftwareReset                        0x0800316d   Thumb Code    14  stm32f4x7_eth.o(.text)
    ETH_GetSoftwareResetStatus               0x0800317b   Thumb Code    20  stm32f4x7_eth.o(.text)
    ETH_GetDMAFlagStatus                     0x0800318f   Thumb Code    42  stm32f4x7_eth.o(.text)
    ETH_DMAClearFlag                         0x080031b9   Thumb Code     6  stm32f4x7_eth.o(.text)
    ETH_DMAITConfig                          0x080031bf   Thumb Code    26  stm32f4x7_eth.o(.text)
    ETH_GetDMAITStatus                       0x080031d9   Thumb Code    20  stm32f4x7_eth.o(.text)
    ETH_DMAClearITPendingBit                 0x080031ed   Thumb Code     6  stm32f4x7_eth.o(.text)
    ETH_GetTransmitProcessState              0x080031f3   Thumb Code    10  stm32f4x7_eth.o(.text)
    ETH_GetReceiveProcessState               0x080031fd   Thumb Code    10  stm32f4x7_eth.o(.text)
    ETH_GetFlushTransmitFIFOStatus           0x08003207   Thumb Code    20  stm32f4x7_eth.o(.text)
    ETH_GetDMAOverflowStatus                 0x0800321b   Thumb Code    20  stm32f4x7_eth.o(.text)
    ETH_GetRxOverflowMissedFrameCounter      0x0800322f   Thumb Code    10  stm32f4x7_eth.o(.text)
    ETH_GetBufferUnavailableMissedFrameCounter 0x08003239   Thumb Code     8  stm32f4x7_eth.o(.text)
    ETH_GetCurrentTxDescStartAddress         0x08003241   Thumb Code     6  stm32f4x7_eth.o(.text)
    ETH_GetCurrentRxDescStartAddress         0x08003247   Thumb Code     6  stm32f4x7_eth.o(.text)
    ETH_GetCurrentTxBufferAddress            0x0800324d   Thumb Code     6  stm32f4x7_eth.o(.text)
    ETH_GetCurrentRxBufferAddress            0x08003253   Thumb Code     6  stm32f4x7_eth.o(.text)
    ETH_ResumeDMATransmission                0x08003259   Thumb Code     8  stm32f4x7_eth.o(.text)
    ETH_ResumeDMAReception                   0x08003261   Thumb Code     8  stm32f4x7_eth.o(.text)
    ETH_SetReceiveWatchdogTimer              0x08003269   Thumb Code     6  stm32f4x7_eth.o(.text)
    ETH_PHYLoopBackCmd                       0x0800326f   Thumb Code    52  stm32f4x7_eth.o(.text)
    ETH_ResetWakeUpFrameFilterRegisterPointer 0x080032a3   Thumb Code    38  stm32f4x7_eth.o(.text)
    ETH_SetWakeUpFrameFilterRegister         0x080032c9   Thumb Code    48  stm32f4x7_eth.o(.text)
    ETH_GlobalUnicastWakeUpCmd               0x080032f9   Thumb Code    56  stm32f4x7_eth.o(.text)
    ETH_GetPMTFlagStatus                     0x08003331   Thumb Code    20  stm32f4x7_eth.o(.text)
    ETH_WakeUpFrameDetectionCmd              0x08003345   Thumb Code    56  stm32f4x7_eth.o(.text)
    ETH_MagicPacketDetectionCmd              0x0800337d   Thumb Code    56  stm32f4x7_eth.o(.text)
    ETH_PowerDownCmd                         0x080033b5   Thumb Code    56  stm32f4x7_eth.o(.text)
    ETH_MMCCounterFullPreset                 0x080033ed   Thumb Code    16  stm32f4x7_eth.o(.text)
    ETH_MMCCounterHalfPreset                 0x080033fd   Thumb Code    30  stm32f4x7_eth.o(.text)
    ETH_MMCCounterFreezeCmd                  0x0800341b   Thumb Code    34  stm32f4x7_eth.o(.text)
    ETH_MMCResetOnReadCmd                    0x0800343d   Thumb Code    34  stm32f4x7_eth.o(.text)
    ETH_MMCCounterRolloverCmd                0x0800345f   Thumb Code    34  stm32f4x7_eth.o(.text)
    ETH_MMCCountersReset                     0x08003481   Thumb Code    16  stm32f4x7_eth.o(.text)
    ETH_MMCITConfig                          0x08003491   Thumb Code    78  stm32f4x7_eth.o(.text)
    ETH_GetMMCITStatus                       0x080034df   Thumb Code    58  stm32f4x7_eth.o(.text)
    ETH_GetMMCRegister                       0x08003519   Thumb Code     8  stm32f4x7_eth.o(.text)
    _sys_exit                                0x0800353d   Thumb Code     4  usart.o(.text)
    fputc                                    0x08003541   Thumb Code    20  usart.o(.text)
    usart1_config                            0x08003555   Thumb Code   208  usart.o(.text)
    UsartSendString                          0x08003625   Thumb Code    66  usart.o(.text)
    Usart1ReciveFrameEnd                     0x08003667   Thumb Code    62  usart.o(.text)
    Usart1FrameSend                          0x080036a5   Thumb Code    94  usart.o(.text)
    USART1_IRQHandler                        0x08003703   Thumb Code   164  usart.o(.text)
    TIM2_Config                              0x080037a7   Thumb Code    96  usart.o(.text)
    TIM2_IRQHandler                          0x08003807   Thumb Code    58  usart.o(.text)
    IWDG_Init                                0x0800387d   Thumb Code    36  watch_dog.o(.text)
    IWDG_Feed_Thread                         0x080038a1   Thumb Code     8  watch_dog.o(.text)
    LED_Init                                 0x080038a9   Thumb Code    58  led.o(.text)
    Eth_Link_IT_task                         0x080038e9   Thumb Code    68  dp83848.o(.text)
    Eth_Link_EXTIConfig                      0x0800392d   Thumb Code   112  dp83848.o(.text)
    Eth_Link_PHYITConfig                     0x0800399d   Thumb Code    70  dp83848.o(.text)
    Eth_HardReset                            0x08003aa3   Thumb Code    30  dp83848.o(.text)
    ETH_BSP_Config                           0x08003ba5   Thumb Code   114  dp83848.o(.text)
    ETH_link_callback                        0x08003c17   Thumb Code   288  dp83848.o(.text)
    KEY_Init                                 0x08003d41   Thumb Code    44  key.o(.text)
    KEY_Scan                                 0x08003d6d   Thumb Code   192  key.o(.text)
    vListInitialise                          0x08003e39   Thumb Code    26  list.o(.text)
    vListInitialiseItem                      0x08003e53   Thumb Code     6  list.o(.text)
    vListInsertEnd                           0x08003e59   Thumb Code    24  list.o(.text)
    vListInsert                              0x08003e71   Thumb Code    52  list.o(.text)
    uxListRemove                             0x08003ea5   Thumb Code    40  list.o(.text)
    xQueueGenericReset                       0x08003ecd   Thumb Code   136  queue.o(.text)
    xQueueGenericCreate                      0x08003f83   Thumb Code    78  queue.o(.text)
    xQueueGenericSend                        0x08004179   Thumb Code   452  queue.o(.text)
    xQueueCreateMutex                        0x08004359   Thumb Code    34  queue.o(.text)
    xQueueGiveMutexRecursive                 0x0800437b   Thumb Code    66  queue.o(.text)
    xQueueGenericReceive                     0x08004401   Thumb Code   424  queue.o(.text)
    xQueueTakeMutexRecursive                 0x080045a9   Thumb Code    76  queue.o(.text)
    xQueueCreateCountingSemaphore            0x080045f5   Thumb Code    80  queue.o(.text)
    xQueueGenericSendFromISR                 0x08004645   Thumb Code   252  queue.o(.text)
    xQueueGiveFromISR                        0x08004741   Thumb Code   228  queue.o(.text)
    xQueueReceiveFromISR                     0x08004825   Thumb Code   190  queue.o(.text)
    xQueuePeekFromISR                        0x080048e3   Thumb Code   158  queue.o(.text)
    uxQueueMessagesWaiting                   0x08004981   Thumb Code    36  queue.o(.text)
    uxQueueSpacesAvailable                   0x080049a5   Thumb Code    42  queue.o(.text)
    uxQueueMessagesWaitingFromISR            0x080049cf   Thumb Code    28  queue.o(.text)
    vQueueUnregisterQueue                    0x080049eb   Thumb Code    44  queue.o(.text)
    vQueueDelete                             0x08004a17   Thumb Code    38  queue.o(.text)
    uxQueueGetQueueNumber                    0x08004a3d   Thumb Code     6  queue.o(.text)
    vQueueSetQueueNumber                     0x08004a43   Thumb Code     4  queue.o(.text)
    ucQueueGetQueueType                      0x08004a47   Thumb Code     8  queue.o(.text)
    xQueueIsQueueEmptyFromISR                0x08004a4f   Thumb Code    36  queue.o(.text)
    xQueueIsQueueFullFromISR                 0x08004a73   Thumb Code    40  queue.o(.text)
    vQueueAddToRegistry                      0x08004a9b   Thumb Code    38  queue.o(.text)
    pcQueueGetName                           0x08004ac1   Thumb Code    38  queue.o(.text)
    vQueueWaitForMessageRestricted           0x08004ae7   Thumb Code    70  queue.o(.text)
    xQueueCreateSet                          0x08004b2d   Thumb Code    20  queue.o(.text)
    xQueueAddToSet                           0x08004b41   Thumb Code    38  queue.o(.text)
    xQueueRemoveFromSet                      0x08004b67   Thumb Code    48  queue.o(.text)
    xQueueSelectFromSet                      0x08004b97   Thumb Code    26  queue.o(.text)
    xQueueSelectFromSetFromISR               0x08004bb1   Thumb Code    22  queue.o(.text)
    xTaskCreate                              0x08004d59   Thumb Code    96  tasks.o(.text)
    vTaskDelete                              0x08004df5   Thumb Code   192  tasks.o(.text)
    xTaskIncrementTick                       0x08004eb5   Thumb Code   392  tasks.o(.text)
    xTaskResumeAll                           0x0800503d   Thumb Code   218  tasks.o(.text)
    vTaskSuspendAll                          0x08005193   Thumb Code    12  tasks.o(.text)
    vTaskDelayUntil                          0x0800519f   Thumb Code   182  tasks.o(.text)
    vTaskDelay                               0x08005255   Thumb Code    76  tasks.o(.text)
    eTaskGetState                            0x080052a1   Thumb Code   106  tasks.o(.text)
    uxTaskPriorityGet                        0x0800530b   Thumb Code    30  tasks.o(.text)
    uxTaskPriorityGetFromISR                 0x08005329   Thumb Code    62  tasks.o(.text)
    vTaskPrioritySet                         0x08005367   Thumb Code   320  tasks.o(.text)
    vTaskSwitchContext                       0x080054a7   Thumb Code   114  tasks.o(.text)
    vTaskSuspend                             0x08005519   Thumb Code   190  tasks.o(.text)
    vTaskResume                              0x08005623   Thumb Code   122  tasks.o(.text)
    xTaskResumeFromISR                       0x0800569d   Thumb Code   152  tasks.o(.text)
    vTaskStartScheduler                      0x080057ab   Thumb Code   112  tasks.o(.text)
    vTaskEndScheduler                        0x0800581b   Thumb Code    32  tasks.o(.text)
    xTaskGetTickCount                        0x0800583b   Thumb Code     6  tasks.o(.text)
    xTaskGetTickCountFromISR                 0x08005841   Thumb Code    16  tasks.o(.text)
    uxTaskGetNumberOfTasks                   0x08005851   Thumb Code     6  tasks.o(.text)
    pcTaskGetName                            0x08005857   Thumb Code   114  tasks.o(.text)
    vTaskGetInfo                             0x080058df   Thumb Code   114  tasks.o(.text)
    uxTaskGetSystemState                     0x080059bb   Thumb Code   152  tasks.o(.text)
    vTaskPlaceOnEventList                    0x08005a53   Thumb Code    46  tasks.o(.text)
    vTaskPlaceOnUnorderedEventList           0x08005a81   Thumb Code    88  tasks.o(.text)
    vTaskPlaceOnEventListRestricted          0x08005ad9   Thumb Code    54  tasks.o(.text)
    xTaskRemoveFromEventList                 0x08005b0f   Thumb Code   122  tasks.o(.text)
    xTaskRemoveFromUnorderedEventList        0x08005b89   Thumb Code   142  tasks.o(.text)
    vTaskSetTimeOutState                     0x08005c17   Thumb Code    36  tasks.o(.text)
    xTaskCheckForTimeOut                     0x08005c3b   Thumb Code   124  tasks.o(.text)
    vTaskMissedYield                         0x08005cb7   Thumb Code     8  tasks.o(.text)
    uxTaskGetTaskNumber                      0x08005cbf   Thumb Code    66  tasks.o(.text)
    vTaskSetTaskNumber                       0x08005d01   Thumb Code     8  tasks.o(.text)
    xTaskGetCurrentTaskHandle                0x08005d09   Thumb Code     6  tasks.o(.text)
    xTaskGetSchedulerState                   0x08005d0f   Thumb Code    24  tasks.o(.text)
    vTaskPriorityInherit                     0x08005d27   Thumb Code   164  tasks.o(.text)
    xTaskPriorityDisinherit                  0x08005dcb   Thumb Code   176  tasks.o(.text)
    vTaskList                                0x08005ea5   Thumb Code   204  tasks.o(.text)
    uxTaskResetEventItemValue                0x08005f71   Thumb Code    24  tasks.o(.text)
    pvTaskIncrementMutexHeldCount            0x08005f89   Thumb Code    26  tasks.o(.text)
    ulTaskNotifyTake                         0x08005fa3   Thumb Code   108  tasks.o(.text)
    xTaskNotifyWait                          0x0800600f   Thumb Code   150  tasks.o(.text)
    xTaskGenericNotify                       0x080060a5   Thumb Code   276  tasks.o(.text)
    xTaskGenericNotifyFromISR                0x080061b9   Thumb Code   282  tasks.o(.text)
    vTaskNotifyGiveFromISR                   0x080062d3   Thumb Code   200  tasks.o(.text)
    xTaskNotifyStateClear                    0x0800639b   Thumb Code    48  tasks.o(.text)
    xTimerGenericCommand                     0x0800643d   Thumb Code   118  timers.o(.text)
    xTimerCreateTimerTask                    0x080067a5   Thumb Code    56  timers.o(.text)
    xTimerCreate                             0x08006883   Thumb Code    48  timers.o(.text)
    xTimerGetTimerDaemonTaskHandle           0x080068b3   Thumb Code    38  timers.o(.text)
    xTimerGetPeriod                          0x080068d9   Thumb Code    28  timers.o(.text)
    xTimerGetExpiryTime                      0x080068f5   Thumb Code    30  timers.o(.text)
    pcTimerGetName                           0x08006913   Thumb Code    28  timers.o(.text)
    xTimerIsTimerActive                      0x0800692f   Thumb Code    50  timers.o(.text)
    pvTimerGetTimerID                        0x08006961   Thumb Code    38  timers.o(.text)
    vTimerSetTimerID                         0x08006987   Thumb Code    38  timers.o(.text)
    xTimerPendFunctionCallFromISR            0x080069ad   Thumb Code    48  timers.o(.text)
    xTimerPendFunctionCall                   0x080069dd   Thumb Code    70  timers.o(.text)
    pxPortInitialiseStack                    0x08006a5f   Thumb Code    38  port.o(.text)
    vPortSetupTimerInterrupt                 0x08006a85   Thumb Code    26  port.o(.text)
    xPortStartScheduler                      0x08006a9f   Thumb Code   254  port.o(.text)
    vPortEndScheduler                        0x08006b9d   Thumb Code    34  port.o(.text)
    vPortEnterCritical                       0x08006bbf   Thumb Code    72  port.o(.text)
    vPortExitCritical                        0x08006c07   Thumb Code    48  port.o(.text)
    xPortSysTickHandler                      0x08006c37   Thumb Code    48  port.o(.text)
    vPortValidateInterruptPriority           0x08006c67   Thumb Code    90  port.o(.text)
    pvPortMalloc                             0x08006de3   Thumb Code   260  heap_4.o(.text)
    vPortFree                                0x08006ee7   Thumb Code   120  heap_4.o(.text)
    xPortGetFreeHeapSize                     0x08006f5f   Thumb Code     6  heap_4.o(.text)
    xPortGetMinimumEverFreeHeapSize          0x08006f65   Thumb Code     6  heap_4.o(.text)
    vPortInitialiseBlocks                    0x08006f6b   Thumb Code     2  heap_4.o(.text)
    LwIP_Init                                0x08006fbd   Thumb Code   118  netconf.o(.text)
    LwIP_DHCP_task                           0x08007033   Thumb Code   444  netconf.o(.text)
    vTaskLWIP_INIT                           0x080073a1   Thumb Code    52  task_lwip_init.o(.text)
    vTaskTCP_CLIENT                          0x080073f1   Thumb Code   502  task_tcp_client.o(.text)
    tcp_client_init                          0x080075e7   Thumb Code    28  task_tcp_client.o(.text)
    lwip_comm_default_ip_set                 0x080076c9   Thumb Code    92  lwip_comm.o(.text)
    fs_open                                  0x0800778f   Thumb Code    70  fs.o(.text)
    fs_close                                 0x080077d5   Thumb Code    12  fs.o(.text)
    fs_read                                  0x080077e1   Thumb Code    62  fs.o(.text)
    fs_bytes_left                            0x0800781f   Thumb Code    10  fs.o(.text)
    httpd_init                               0x080085e5   Thumb Code    22  httpd.o(.text)
    http_set_ssi_handler                     0x080085fb   Thumb Code    30  httpd.o(.text)
    http_set_cgi_handlers                    0x08008619   Thumb Code    18  httpd.o(.text)
    ADC_Handler                              0x08008671   Thumb Code    34  httpd_cgi_ssi.o(.text)
    Temperate_Handler                        0x08008693   Thumb Code   114  httpd_cgi_ssi.o(.text)
    RTCTime_Handler                          0x08008705   Thumb Code    84  httpd_cgi_ssi.o(.text)
    RTCdate_Handler                          0x08008759   Thumb Code   120  httpd_cgi_ssi.o(.text)
    LEDS_CGI_Handler                         0x08008815   Thumb Code   162  httpd_cgi_ssi.o(.text)
    BEEP_CGI_Handler                         0x080088b7   Thumb Code   162  httpd_cgi_ssi.o(.text)
    httpd_ssi_init                           0x08008959   Thumb Code    14  httpd_cgi_ssi.o(.text)
    httpd_cgi_init                           0x08008967   Thumb Code    12  httpd_cgi_ssi.o(.text)
    netconn_new_with_proto_and_callback      0x08008a35   Thumb Code   114  api_lib.o(.text)
    netconn_delete                           0x08008aa7   Thumb Code    36  api_lib.o(.text)
    netconn_getaddr                          0x08008acb   Thumb Code    96  api_lib.o(.text)
    netconn_bind                             0x08008b2b   Thumb Code    64  api_lib.o(.text)
    netconn_connect                          0x08008b6b   Thumb Code    64  api_lib.o(.text)
    netconn_disconnect                       0x08008bab   Thumb Code    54  api_lib.o(.text)
    netconn_listen_with_backlog              0x08008be1   Thumb Code    56  api_lib.o(.text)
    netconn_accept                           0x08008c19   Thumb Code   158  api_lib.o(.text)
    netconn_recv_tcp_pbuf                    0x08008dad   Thumb Code    34  api_lib.o(.text)
    netconn_recv                             0x08008dcf   Thumb Code   190  api_lib.o(.text)
    netconn_recved                           0x08008e8d   Thumb Code    44  api_lib.o(.text)
    netconn_send                             0x08008eb9   Thumb Code    62  api_lib.o(.text)
    netconn_sendto                           0x08008ef7   Thumb Code    44  api_lib.o(.text)
    netconn_write_partly                     0x08008f23   Thumb Code   152  api_lib.o(.text)
    netconn_close                            0x08008ff7   Thumb Code    14  api_lib.o(.text)
    netconn_shutdown                         0x08009005   Thumb Code    36  api_lib.o(.text)
    netconn_free                             0x080095dd   Thumb Code    58  api_msg.o(.text)
    netconn_alloc                            0x08009617   Thumb Code   146  api_msg.o(.text)
    do_newconn                               0x080097ed   Thumb Code    32  api_msg.o(.text)
    do_delconn                               0x080098b3   Thumb Code   220  api_msg.o(.text)
    do_bind                                  0x0800998f   Thumb Code   116  api_msg.o(.text)
    do_connect                               0x08009a81   Thumb Code   198  api_msg.o(.text)
    do_disconnect                            0x08009b47   Thumb Code    46  api_msg.o(.text)
    do_listen                                0x08009b75   Thumb Code   200  api_msg.o(.text)
    do_send                                  0x08009c3d   Thumb Code   166  api_msg.o(.text)
    do_recv                                  0x08009ce3   Thumb Code    72  api_msg.o(.text)
    do_write                                 0x08009d2b   Thumb Code   106  api_msg.o(.text)
    do_getaddr                               0x08009d95   Thumb Code   178  api_msg.o(.text)
    do_close                                 0x08009e47   Thumb Code   126  api_msg.o(.text)
    netbuf_new                               0x08009ec5   Thumb Code    30  netbuf.o(.text)
    netbuf_delete                            0x08009ee3   Thumb Code    32  netbuf.o(.text)
    netbuf_alloc                             0x08009f03   Thumb Code    60  netbuf.o(.text)
    netbuf_free                              0x08009f3f   Thumb Code    32  netbuf.o(.text)
    netbuf_ref                               0x08009f5f   Thumb Code    74  netbuf.o(.text)
    netbuf_chain                             0x08009fa9   Thumb Code    46  netbuf.o(.text)
    netbuf_data                              0x08009fd7   Thumb Code    64  netbuf.o(.text)
    netbuf_next                              0x0800a017   Thumb Code    46  netbuf.o(.text)
    netbuf_first                             0x0800a045   Thumb Code    16  netbuf.o(.text)
    tcpip_input                              0x0800a12b   Thumb Code    72  tcpip.o(.text)
    tcpip_callback_with_block                0x0800a173   Thumb Code    90  tcpip.o(.text)
    tcpip_timeout                            0x0800a1cd   Thumb Code    64  tcpip.o(.text)
    tcpip_untimeout                          0x0800a20d   Thumb Code    56  tcpip.o(.text)
    tcpip_apimsg                             0x0800a245   Thumb Code    60  tcpip.o(.text)
    tcpip_callbackmsg_new                    0x0800a281   Thumb Code    32  tcpip.o(.text)
    tcpip_callbackmsg_delete                 0x0800a2a1   Thumb Code    14  tcpip.o(.text)
    tcpip_trycallback                        0x0800a2af   Thumb Code    28  tcpip.o(.text)
    tcpip_init                               0x0800a2cb   Thumb Code    52  tcpip.o(.text)
    pbuf_free_callback                       0x0800a30d   Thumb Code    16  tcpip.o(.text)
    mem_free_callback                        0x0800a31d   Thumb Code    16  tcpip.o(.text)
    lwip_htons                               0x0800a34d   Thumb Code    12  def.o(.text)
    lwip_ntohs                               0x0800a359   Thumb Code    12  def.o(.text)
    lwip_htonl                               0x0800a365   Thumb Code    26  def.o(.text)
    lwip_ntohl                               0x0800a37f   Thumb Code    12  def.o(.text)
    dhcp_renew                               0x0800a891   Thumb Code   150  dhcp.o(.text)
    dhcp_coarse_tmr                          0x0800aa0b   Thumb Code    74  dhcp.o(.text)
    dhcp_release                             0x0800ab09   Thumb Code   178  dhcp.o(.text)
    dhcp_fine_tmr                            0x0800ad91   Thumb Code    68  dhcp.o(.text)
    dhcp_set_struct                          0x0800ae45   Thumb Code    30  dhcp.o(.text)
    dhcp_cleanup                             0x0800ae63   Thumb Code    24  dhcp.o(.text)
    dhcp_stop                                0x0800ae7b   Thumb Code    62  dhcp.o(.text)
    dhcp_start                               0x0800b30b   Thumb Code   238  dhcp.o(.text)
    dhcp_inform                              0x0800b3f9   Thumb Code   188  dhcp.o(.text)
    dhcp_network_changed                     0x0800b4b5   Thumb Code    80  dhcp.o(.text)
    dhcp_arp_reply                           0x0800b593   Thumb Code    58  dhcp.o(.text)
    lwip_init                                0x0800b5e1   Thumb Code    32  init.o(.text)
    mem_init                                 0x0800b67d   Thumb Code    90  mem.o(.text)
    mem_free                                 0x0800b6d7   Thumb Code    90  mem.o(.text)
    mem_trim                                 0x0800b731   Thumb Code   270  mem.o(.text)
    mem_malloc                               0x0800b83f   Thumb Code   258  mem.o(.text)
    mem_calloc                               0x0800b941   Thumb Code    34  mem.o(.text)
    memp_init                                0x0800b979   Thumb Code    82  memp.o(.text)
    memp_malloc                              0x0800b9cb   Thumb Code    44  memp.o(.text)
    memp_free                                0x0800b9f7   Thumb Code    28  memp.o(.text)
    netif_init                               0x0800ba25   Thumb Code     2  netif.o(.text)
    netif_set_gw                             0x0800ba27   Thumb Code    16  netif.o(.text)
    netif_set_netmask                        0x0800ba37   Thumb Code    16  netif.o(.text)
    netif_set_ipaddr                         0x0800ba47   Thumb Code   124  netif.o(.text)
    netif_set_addr                           0x0800bac3   Thumb Code    40  netif.o(.text)
    netif_add                                0x0800baeb   Thumb Code   132  netif.o(.text)
    netif_set_default                        0x0800bb6f   Thumb Code    10  netif.o(.text)
    netif_set_down                           0x0800bb79   Thumb Code    42  netif.o(.text)
    netif_remove                             0x0800bba3   Thumb Code    94  netif.o(.text)
    netif_find                               0x0800bc01   Thumb Code    72  netif.o(.text)
    netif_set_up                             0x0800bc49   Thumb Code    54  netif.o(.text)
    netif_set_link_up                        0x0800bc7f   Thumb Code    80  netif.o(.text)
    netif_set_link_down                      0x0800bccf   Thumb Code    42  netif.o(.text)
    netif_set_link_callback                  0x0800bcf9   Thumb Code     6  netif.o(.text)
    pbuf_free                                0x0800bd15   Thumb Code   126  pbuf.o(.text)
    pbuf_alloc                               0x0800bd93   Thumb Code   418  pbuf.o(.text)
    pbuf_realloc                             0x0800bf35   Thumb Code   120  pbuf.o(.text)
    pbuf_header                              0x0800bfad   Thumb Code   134  pbuf.o(.text)
    pbuf_clen                                0x0800c033   Thumb Code    18  pbuf.o(.text)
    pbuf_ref                                 0x0800c045   Thumb Code    10  pbuf.o(.text)
    pbuf_cat                                 0x0800c04f   Thumb Code    56  pbuf.o(.text)
    pbuf_chain                               0x0800c087   Thumb Code    26  pbuf.o(.text)
    pbuf_dechain                             0x0800c0a1   Thumb Code    66  pbuf.o(.text)
    pbuf_copy                                0x0800c0e3   Thumb Code   200  pbuf.o(.text)
    pbuf_copy_partial                        0x0800c1ab   Thumb Code   146  pbuf.o(.text)
    pbuf_take                                0x0800c23d   Thumb Code   116  pbuf.o(.text)
    pbuf_coalesce                            0x0800c2b1   Thumb Code    60  pbuf.o(.text)
    pbuf_get_at                              0x0800c2ed   Thumb Code    46  pbuf.o(.text)
    pbuf_memcmp                              0x0800c31b   Thumb Code    96  pbuf.o(.text)
    pbuf_memfind                             0x0800c37b   Thumb Code    76  pbuf.o(.text)
    pbuf_strstr                              0x0800c3c7   Thumb Code    60  pbuf.o(.text)
    raw_input                                0x0800c405   Thumb Code   102  raw.o(.text)
    raw_bind                                 0x0800c46b   Thumb Code    16  raw.o(.text)
    raw_connect                              0x0800c47b   Thumb Code    16  raw.o(.text)
    raw_recv                                 0x0800c48b   Thumb Code     6  raw.o(.text)
    raw_sendto                               0x0800c491   Thumb Code   172  raw.o(.text)
    raw_send                                 0x0800c53d   Thumb Code    18  raw.o(.text)
    raw_remove                               0x0800c54f   Thumb Code    60  raw.o(.text)
    raw_new                                  0x0800c58b   Thumb Code    46  raw.o(.text)
    tcp_init                                 0x0800c5c5   Thumb Code     2  tcp.o(.text)
    tcp_seg_free                             0x0800c5c7   Thumb Code    26  tcp.o(.text)
    tcp_segs_free                            0x0800c5e1   Thumb Code    24  tcp.o(.text)
    tcp_pcb_purge                            0x0800c5f9   Thumb Code    88  tcp.o(.text)
    tcp_slowtmr                              0x0800c651   Thumb Code   844  tcp.o(.text)
    tcp_pcb_remove                           0x0800c99d   Thumb Code   140  tcp.o(.text)
    tcp_close                                0x0800cbff   Thumb Code    28  tcp.o(.text)
    tcp_update_rcv_ann_wnd                   0x0800cc1b   Thumb Code    78  tcp.o(.text)
    tcp_recved                               0x0800cc69   Thumb Code    74  tcp.o(.text)
    tcp_recv_null                            0x0800ccb3   Thumb Code    46  tcp.o(.text)
    tcp_process_refused_data                 0x0800cce1   Thumb Code   148  tcp.o(.text)
    tcp_fasttmr                              0x0800cd75   Thumb Code   114  tcp.o(.text)
    tcp_tmr                                  0x0800cde7   Thumb Code    30  tcp.o(.text)
    tcp_shutdown                             0x0800ce05   Thumb Code    98  tcp.o(.text)
    tcp_abandon                              0x0800ce67   Thumb Code   174  tcp.o(.text)
    tcp_abort                                0x0800cf15   Thumb Code    14  tcp.o(.text)
    tcp_bind                                 0x0800cf83   Thumb Code   146  tcp.o(.text)
    tcp_listen_with_backlog                  0x0800d01d   Thumb Code   198  tcp.o(.text)
    tcp_eff_send_mss                         0x0800d0e3   Thumb Code    46  tcp.o(.text)
    tcp_next_iss                             0x0800d111   Thumb Code    20  tcp.o(.text)
    tcp_connect                              0x0800d125   Thumb Code   332  tcp.o(.text)
    tcp_setprio                              0x0800d271   Thumb Code     4  tcp.o(.text)
    tcp_alloc                                0x0800d325   Thumb Code   202  tcp.o(.text)
    tcp_new                                  0x0800d3ef   Thumb Code    10  tcp.o(.text)
    tcp_arg                                  0x0800d3f9   Thumb Code     4  tcp.o(.text)
    tcp_recv                                 0x0800d3fd   Thumb Code     8  tcp.o(.text)
    tcp_sent                                 0x0800d405   Thumb Code     8  tcp.o(.text)
    tcp_err                                  0x0800d40d   Thumb Code    10  tcp.o(.text)
    tcp_accept                               0x0800d417   Thumb Code     4  tcp.o(.text)
    tcp_poll                                 0x0800d41b   Thumb Code    14  tcp.o(.text)
    tcp_debug_state_str                      0x0800d429   Thumb Code    10  tcp.o(.text)
    tcp_input                                0x0800e2e3   Thumb Code  1150  tcp_in.o(.text)
    tcp_enqueue_flags                        0x0800e8c5   Thumb Code   294  tcp_out.o(.text)
    tcp_send_fin                             0x0800e9eb   Thumb Code    74  tcp_out.o(.text)
    tcp_write                                0x0800eb2d   Thumb Code   978  tcp_out.o(.text)
    tcp_send_empty_ack                       0x0800eeff   Thumb Code    86  tcp_out.o(.text)
    tcp_output                               0x0800f025   Thumb Code   444  tcp_out.o(.text)
    tcp_rst                                  0x0800f1e1   Thumb Code   132  tcp_out.o(.text)
    tcp_rexmit_rto                           0x0800f265   Thumb Code    58  tcp_out.o(.text)
    tcp_rexmit                               0x0800f29f   Thumb Code    90  tcp_out.o(.text)
    tcp_rexmit_fast                          0x0800f2f9   Thumb Code   120  tcp_out.o(.text)
    tcp_keepalive                            0x0800f371   Thumb Code    92  tcp_out.o(.text)
    tcp_zero_window_probe                    0x0800f3cd   Thumb Code   180  tcp_out.o(.text)
    sys_timeout                              0x0800f481   Thumb Code   152  lwip_timers.o(.text)
    tcp_timer_needed                         0x0800f541   Thumb Code    38  lwip_timers.o(.text)
    sys_timeouts_init                        0x0800f5b5   Thumb Code    40  lwip_timers.o(.text)
    sys_untimeout                            0x0800f5dd   Thumb Code    90  lwip_timers.o(.text)
    sys_timeouts_mbox_fetch                  0x0800f637   Thumb Code   132  lwip_timers.o(.text)
    udp_init                                 0x0800f6dd   Thumb Code     2  udp.o(.text)
    udp_input                                0x0800f72f   Thumb Code   470  udp.o(.text)
    udp_bind                                 0x0800f905   Thumb Code   146  udp.o(.text)
    udp_sendto_if                            0x0800f997   Thumb Code   240  udp.o(.text)
    udp_sendto                               0x0800fa87   Thumb Code    54  udp.o(.text)
    udp_send                                 0x0800fabd   Thumb Code    36  udp.o(.text)
    udp_connect                              0x0800fae1   Thumb Code    98  udp.o(.text)
    udp_disconnect                           0x0800fb43   Thumb Code    16  udp.o(.text)
    udp_recv                                 0x0800fb53   Thumb Code     6  udp.o(.text)
    udp_remove                               0x0800fb59   Thumb Code    60  udp.o(.text)
    udp_new                                  0x0800fb95   Thumb Code    28  udp.o(.text)
    icmp_input                               0x0800fbb5   Thumb Code   380  icmp.o(.text)
    icmp_dest_unreach                        0x0800fdb9   Thumb Code    18  icmp.o(.text)
    inet_chksum_pseudo                       0x0800fe33   Thumb Code   170  inet_chksum.o(.text)
    inet_chksum_pseudo_partial               0x0800fedd   Thumb Code   192  inet_chksum.o(.text)
    inet_chksum                              0x0800ff9d   Thumb Code    20  inet_chksum.o(.text)
    inet_chksum_pbuf                         0x0800ffb1   Thumb Code    86  inet_chksum.o(.text)
    ip_route                                 0x08010009   Thumb Code    80  ip.o(.text)
    ip_input                                 0x08010059   Thumb Code   480  ip.o(.text)
    ip_output_if                             0x08010239   Thumb Code   182  ip.o(.text)
    ip_output                                0x080102ef   Thumb Code    60  ip.o(.text)
    ip4_addr_isbroadcast                     0x08010349   Thumb Code    78  ip_addr.o(.text)
    ip4_addr_netmask_valid                   0x08010397   Thumb Code    52  ip_addr.o(.text)
    ipaddr_aton                              0x080103cb   Thumb Code   348  ip_addr.o(.text)
    ipaddr_addr                              0x08010527   Thumb Code    24  ip_addr.o(.text)
    ipaddr_ntoa_r                            0x0801053f   Thumb Code   168  ip_addr.o(.text)
    ipaddr_ntoa                              0x080105e7   Thumb Code    16  ip_addr.o(.text)
    etharp_tmr                               0x0801066d   Thumb Code   144  etharp.o(.text)
    etharp_cleanup_netif                     0x0801096d   Thumb Code    52  etharp.o(.text)
    etharp_find_addr                         0x080109a1   Thumb Code    90  etharp.o(.text)
    etharp_request                           0x08010be7   Thumb Code    40  etharp.o(.text)
    etharp_query                             0x08010c77   Thumb Code   362  etharp.o(.text)
    etharp_output                            0x08010de1   Thumb Code   318  etharp.o(.text)
    ethernet_input                           0x08010f1f   Thumb Code   198  etharp.o(.text)
    ethernetif_init                          0x080112fb   Thumb Code    50  ethernetif.o(.text)
    sys_mbox_new                             0x08011371   Thumb Code    32  sys_arch.o(.text)
    sys_mbox_free                            0x08011391   Thumb Code    18  sys_arch.o(.text)
    sys_mbox_post                            0x080113a3   Thumb Code    24  sys_arch.o(.text)
    sys_mbox_trypost                         0x080113bb   Thumb Code    32  sys_arch.o(.text)
    sys_arch_mbox_fetch                      0x080113db   Thumb Code    98  sys_arch.o(.text)
    sys_arch_mbox_tryfetch                   0x0801143d   Thumb Code    36  sys_arch.o(.text)
    sys_mbox_valid                           0x08011461   Thumb Code    14  sys_arch.o(.text)
    sys_mbox_set_invalid                     0x0801146f   Thumb Code     6  sys_arch.o(.text)
    sys_sem_new                              0x08011475   Thumb Code    62  sys_arch.o(.text)
    sys_arch_sem_wait                        0x080114b3   Thumb Code    86  sys_arch.o(.text)
    sys_sem_signal                           0x08011509   Thumb Code    18  sys_arch.o(.text)
    sys_sem_free                             0x0801151b   Thumb Code    12  sys_arch.o(.text)
    sys_sem_valid                            0x08011527   Thumb Code    14  sys_arch.o(.text)
    sys_sem_set_invalid                      0x08011535   Thumb Code     6  sys_arch.o(.text)
    sys_init                                 0x0801153b   Thumb Code     8  sys_arch.o(.text)
    sys_thread_new                           0x08011543   Thumb Code    64  sys_arch.o(.text)
    sys_arch_protect                         0x08011583   Thumb Code    10  sys_arch.o(.text)
    sys_arch_unprotect                       0x0801158d   Thumb Code    10  sys_arch.o(.text)
    sys_assert                               0x08011597   Thumb Code     8  sys_arch.o(.text)
    __use_no_semihosting                     0x080115a5   Thumb Code     2  use_no_semi_2.o(.text)
    __2printf                                0x080115a9   Thumb Code    20  noretval__2printf.o(.text)
    __2sprintf                               0x080115c1   Thumb Code    34  noretval__2sprintf.o(.text)
    __printf                                 0x080115e9   Thumb Code   104  __printf.o(.text)
    _printf_str                              0x08011651   Thumb Code    82  _printf_str.o(.text)
    _printf_int_dec                          0x080116a5   Thumb Code   102  _printf_dec.o(.text)
    strchr                                   0x0801171d   Thumb Code    20  strchr.o(.text)
    strstr                                   0x08011731   Thumb Code    36  strstr.o(.text)
    memcmp                                   0x08011755   Thumb Code    88  memcmp.o(.text)
    strcpy                                   0x080117ad   Thumb Code    72  strcpy.o(.text)
    strlen                                   0x080117f5   Thumb Code    62  strlen.o(.text)
    strncmp                                  0x08011833   Thumb Code   150  strncmp.o(.text)
    __aeabi_memcpy                           0x080118c9   Thumb Code     0  rt_memcpy_v6.o(.text)
    __rt_memcpy                              0x080118c9   Thumb Code   138  rt_memcpy_v6.o(.text)
    _memcpy_lastbytes                        0x0801192f   Thumb Code     0  rt_memcpy_v6.o(.text)
    __aeabi_memcpy4                          0x08011953   Thumb Code     0  rt_memcpy_w.o(.text)
    __aeabi_memcpy8                          0x08011953   Thumb Code     0  rt_memcpy_w.o(.text)
    __rt_memcpy_w                            0x08011953   Thumb Code   100  rt_memcpy_w.o(.text)
    _memcpy_lastbytes_aligned                0x0801199b   Thumb Code     0  rt_memcpy_w.o(.text)
    __aeabi_memset                           0x080119b7   Thumb Code    16  aeabi_memset.o(.text)
    __aeabi_memclr                           0x080119c7   Thumb Code     0  rt_memclr.o(.text)
    __rt_memclr                              0x080119c7   Thumb Code    68  rt_memclr.o(.text)
    _memset                                  0x080119cb   Thumb Code     0  rt_memclr.o(.text)
    __aeabi_memclr4                          0x08011a0b   Thumb Code     0  rt_memclr_w.o(.text)
    __aeabi_memclr8                          0x08011a0b   Thumb Code     0  rt_memclr_w.o(.text)
    __rt_memclr_w                            0x08011a0b   Thumb Code    78  rt_memclr_w.o(.text)
    _memset_w                                0x08011a0f   Thumb Code     0  rt_memclr_w.o(.text)
    strcmp                                   0x08011a59   Thumb Code   128  strcmpv7m.o(.text)
    __use_two_region_memory                  0x08011ad9   Thumb Code     2  heapauxi.o(.text)
    __rt_heap_escrow$2region                 0x08011adb   Thumb Code     2  heapauxi.o(.text)
    __rt_heap_expand$2region                 0x08011add   Thumb Code     2  heapauxi.o(.text)
    __I$use$semihosting                      0x08011adf   Thumb Code     0  use_no_semi.o(.text)
    __use_no_semihosting_swi                 0x08011adf   Thumb Code     2  use_no_semi.o(.text)
    _printf_int_common                       0x08011ae1   Thumb Code   184  _printf_intcommon.o(.text)
    _printf_char_common                      0x08011ba3   Thumb Code    32  _printf_char_common.o(.text)
    _sputc                                   0x08011bc9   Thumb Code    10  _sputc.o(.text)
    _printf_cs_common                        0x08011bd3   Thumb Code    20  _printf_char.o(.text)
    _printf_char                             0x08011be7   Thumb Code    16  _printf_char.o(.text)
    _printf_string                           0x08011bf7   Thumb Code     8  _printf_char.o(.text)
    _printf_char_file                        0x08011c01   Thumb Code    32  _printf_char_file.o(.text)
    ferror                                   0x08011c25   Thumb Code     8  ferror.o(.text)
    __user_setup_stackheap                   0x08011c2d   Thumb Code    74  sys_stackheap_outer.o(.text)
    exit                                     0x08011c77   Thumb Code    12  exit.o(.text)
    __user_libspace                          0x08011c85   Thumb Code     8  libspace.o(.text)
    __user_perproc_libspace                  0x08011c85   Thumb Code     0  libspace.o(.text)
    __user_perthread_libspace                0x08011c85   Thumb Code     0  libspace.o(.text)
    _fp_init                                 0x08011c8d   Thumb Code    10  fpinit.o(x$fpl$fpinit)
    __fplib_config_fpu_vfp                   0x08011c95   Thumb Code     0  fpinit.o(x$fpl$fpinit)
    __fplib_config_pureend_doubles           0x08011c95   Thumb Code     0  fpinit.o(x$fpl$fpinit)
    file__image_head_jpg                     0x0802c7d8   Data          20  fs.o(.constdata)
    file__image_stm32_jpg                    0x0802c7ec   Data          20  fs.o(.constdata)
    file__image_tab_jpg                      0x0802c800   Data          20  fs.o(.constdata)
    file__404_html                           0x0802c814   Data          20  fs.o(.constdata)
    file__index_html                         0x0802c828   Data          20  fs.o(.constdata)
    file__STM32_ADC_TEMPERATE_shtml          0x0802c83c   Data          20  fs.o(.constdata)
    file__STM32_LED_OFF_BEEP_OFF_shtml       0x0802c850   Data          20  fs.o(.constdata)
    file__STM32_LED_OFF_BEEP_ON_shtml        0x0802c864   Data          20  fs.o(.constdata)
    file__STM32_LED_ON_BEEP_OFF_shtml        0x0802c878   Data          20  fs.o(.constdata)
    file__STM32_LED_ON_BEEP_ON_shtml         0x0802c88c   Data          20  fs.o(.constdata)
    file__STM32_RTC_shtml                    0x0802c8a0   Data          20  fs.o(.constdata)
    g_psDefaultFilenames                     0x0802ccb4   Data          40  httpd.o(.constdata)
    g_pcTagLeadIn                            0x0802ccdc   Data           4  httpd.o(.constdata)
    g_pcTagLeadOut                           0x0802cce0   Data           4  httpd.o(.constdata)
    tcp_state_str                            0x0802d124   Data          44  tcp.o(.constdata)
    tcp_backoff                              0x0802d150   Data          13  tcp.o(.constdata)
    tcp_persist_backoff                      0x0802d15d   Data           7  tcp.o(.constdata)
    tcp_pcb_lists                            0x0802d164   Data          16  tcp.o(.constdata)
    ip_addr_any                              0x0802d174   Data           4  ip_addr.o(.constdata)
    ip_addr_broadcast                        0x0802d178   Data           4  ip_addr.o(.constdata)
    ethbroadcast                             0x0802d17c   Data           6  etharp.o(.constdata)
    ethzero                                  0x0802d182   Data           6  etharp.o(.constdata)
    Region$$Table$$Base                      0x0802d258   Number         0  anon$$obj.o(Region$$Table)
    Region$$Table$$Limit                     0x0802d278   Number         0  anon$$obj.o(Region$$Table)
    SysTick1s                                0x20000200   Data           4  common.o(.data)
    xHandleTaskLED                           0x20000404   Data           4  task_led.o(.data)
    SystemCoreClock                          0x20000408   Data           4  system_stm32f4xx.o(.data)
    AHBPrescTable                            0x2000040c   Data          16  system_stm32f4xx.o(.data)
    DMATxDescToSet                           0x20000430   Data           4  stm32f4x7_eth.o(.data)
    DMARxDescToGet                           0x20000434   Data           4  stm32f4x7_eth.o(.data)
    DMA_RX_FRAME_infos                       0x20000438   Data           4  stm32f4x7_eth.o(.data)
    Frame_Rx_index                           0x2000043c   Data           4  stm32f4x7_eth.o(.data)
    Usart1RxCnt                              0x20000640   Data           2  usart.o(.data)
    OldUsart1RxCnt                           0x20000642   Data           2  usart.o(.data)
    Usart1FrameLen                           0x20000644   Data           2  usart.o(.data)
    Usart1RecvEnd                            0x20000646   Data           1  usart.o(.data)
    Usart1Busy                               0x20000647   Data           1  usart.o(.data)
    Usart1SendLen                            0x20000648   Data           2  usart.o(.data)
    Usart1SendNum                            0x2000064a   Data           2  usart.o(.data)
    Usart1RecvCnt                            0x2000064c   Data           1  usart.o(.data)
    Usart1SendCnt                            0x2000064d   Data           1  usart.o(.data)
    __stdout                                 0x20000650   Data           4  usart.o(.data)
    EthStatus                                0x20000854   Data           4  dp83848.o(.data)
    ETH_link_xSemaphore                      0x20000858   Data           4  dp83848.o(.data)
    pxCurrentTCB                             0x20000860   Data           4  tasks.o(.data)
    xHandleTaskDHCP                          0x20000ad4   Data           4  netconf.o(.data)
    DHCP_state                               0x20000ad8   Data           1  netconf.o(.data)
    xHandleTaskLWIP_INIT                     0x20000cdc   Data           4  task_lwip_init.o(.data)
    xHandleTaskTCP_CLIENT                    0x20000ee0   Data           4  task_tcp_client.o(.data)
    tcp_clientconn                           0x20000ef0   Data           4  task_tcp_client.o(.data)
    tcp_client_flag                          0x20000ef4   Data           1  task_tcp_client.o(.data)
    g_pcSSIExtensions                        0x200010f8   Data          16  httpd.o(.data)
    g_pfnSSIHandler                          0x20001108   Data           4  httpd.o(.data)
    g_iNumTags                               0x2000110c   Data           4  httpd.o(.data)
    g_ppcTags                                0x20001110   Data           4  httpd.o(.data)
    g_pCGIs                                  0x20001114   Data           4  httpd.o(.data)
    g_iNumCGIs                               0x20001118   Data           4  httpd.o(.data)
    netif_list                               0x2000134c   Data           4  netif.o(.data)
    netif_default                            0x20001350   Data           4  netif.o(.data)
    tcp_ticks                                0x20001364   Data           4  tcp.o(.data)
    tcp_bound_pcbs                           0x20001368   Data           4  tcp.o(.data)
    tcp_listen_pcbs                          0x2000136c   Data           4  tcp.o(.data)
    tcp_active_pcbs                          0x20001370   Data           4  tcp.o(.data)
    tcp_tw_pcbs                              0x20001374   Data           4  tcp.o(.data)
    tcp_tmp_pcb                              0x20001378   Data           4  tcp.o(.data)
    tcp_active_pcbs_changed                  0x2000137c   Data           1  tcp.o(.data)
    tcp_input_pcb                            0x2000139c   Data           4  tcp_in.o(.data)
    udp_pcbs                                 0x200013ac   Data           4  udp.o(.data)
    current_netif                            0x200013b0   Data           4  ip.o(.data)
    current_header                           0x200013b4   Data           4  ip.o(.data)
    current_iphdr_src                        0x200013b8   Data           4  ip.o(.data)
    current_iphdr_dest                       0x200013bc   Data           4  ip.o(.data)
    s_xSemaphore                             0x200015c8   Data           4  ethernetif.o(.data)
    RCC_Clocks                               0x200015d4   Data          16  main.o(.bss)
    DMARxDscrTab                             0x200015e4   Data         128  stm32f4x7_eth.o(.bss)
    DMATxDscrTab                             0x20001664   Data         128  stm32f4x7_eth.o(.bss)
    Rx_Buff                                  0x200016e4   Data        6096  stm32f4x7_eth.o(.bss)
    Tx_Buff                                  0x20002eb4   Data        6096  stm32f4x7_eth.o(.bss)
    RX_Frame_Descriptor                      0x20004684   Data          12  stm32f4x7_eth.o(.bss)
    Usart1RxBuf                              0x20004690   Data        4096  usart.o(.bss)
    Usart1TxBuf                              0x20005690   Data        4096  usart.o(.bss)
    ETH_InitStructure                        0x20006690   Data         188  dp83848.o(.bss)
    xQueueRegistry                           0x2000674c   Data          64  queue.o(.bss)
    xnetif                                   0x2000e8e0   Data          56  netconf.o(.bss)
    tcp_client_recvbuf                       0x2000e918   Data        2000  task_tcp_client.o(.bss)
    tcp_client_sendbuf                       0x2000f0e8   Data        2000  task_tcp_client.o(.bss)
    lwipdev                                  0x2000f8b8   Data          23  lwip_comm.o(.bss)
    fs_memory                                0x2000f8d0   Data         240  fs.o(.bss)
    dhcp_rx_options_val                      0x2000fdc0   Data          40  dhcp.o(.bss)
    dhcp_rx_options_given                    0x2000fde8   Data          10  dhcp.o(.bss)
    ram_heap                                 0x2000fdf2   Data        5140  mem.o(.bss)
    __libspace_start                         0x20014d7c   Data          96  libspace.o(.bss)
    __temporary_stack_top$libspace           0x20014ddc   Data           0  libspace.o(.bss)



==============================================================================

Memory Map of the image

  Image Entry point : 0x08000189

  Load Region LR_IROM1 (Base: 0x08000000, Size: 0x0002e84c, Max: 0x00100000, ABSOLUTE, COMPRESSED[0x0002d438])

    Execution Region ER_IROM1 (Base: 0x08000000, Size: 0x0002d278, Max: 0x00100000, ABSOLUTE)

    Base Addr    Size         Type   Attr      Idx    E Section Name        Object

    0x08000000   0x00000188   Data   RO          425    RESET               startup_stm32f40_41xxx.o
    0x08000188   0x00000008   Code   RO         2409  * !!!main             c_w.l(__main.o)
    0x08000190   0x00000034   Code   RO         2580    !!!scatter          c_w.l(__scatter.o)
    0x080001c4   0x00000064   Code   RO         2578    !!dclz77c           c_w.l(__dclz77c.o)
    0x08000228   0x0000001c   Code   RO         2582    !!handler_zi        c_w.l(__scatter_zi.o)
    0x08000244   0x00000000   Code   RO         2382    .ARM.Collect$$_printf_percent$$00000000  c_w.l(_printf_percent.o)
    0x08000244   0x00000006   Code   RO         2380    .ARM.Collect$$_printf_percent$$00000009  c_w.l(_printf_d.o)
    0x0800024a   0x00000006   Code   RO         2381    .ARM.Collect$$_printf_percent$$0000000A  c_w.l(_printf_u.o)
    0x08000250   0x00000006   Code   RO         2378    .ARM.Collect$$_printf_percent$$00000013  c_w.l(_printf_c.o)
    0x08000256   0x00000006   Code   RO         2379    .ARM.Collect$$_printf_percent$$00000014  c_w.l(_printf_s.o)
    0x0800025c   0x00000004   Code   RO         2424    .ARM.Collect$$_printf_percent$$00000017  c_w.l(_printf_percent_end.o)
    0x08000260   0x00000002   Code   RO         2455    .ARM.Collect$$libinit$$00000000  c_w.l(libinit.o)
    0x08000262   0x00000004   Code   RO         2461    .ARM.Collect$$libinit$$00000001  c_w.l(libinit2.o)
    0x08000266   0x00000000   Code   RO         2465    .ARM.Collect$$libinit$$00000008  c_w.l(libinit2.o)
    0x08000266   0x00000000   Code   RO         2467    .ARM.Collect$$libinit$$0000000A  c_w.l(libinit2.o)
    0x08000266   0x00000000   Code   RO         2469    .ARM.Collect$$libinit$$0000000C  c_w.l(libinit2.o)
    0x08000266   0x00000000   Code   RO         2472    .ARM.Collect$$libinit$$0000000F  c_w.l(libinit2.o)
    0x08000266   0x00000000   Code   RO         2474    .ARM.Collect$$libinit$$00000011  c_w.l(libinit2.o)
    0x08000266   0x00000000   Code   RO         2476    .ARM.Collect$$libinit$$00000013  c_w.l(libinit2.o)
    0x08000266   0x00000000   Code   RO         2478    .ARM.Collect$$libinit$$00000015  c_w.l(libinit2.o)
    0x08000266   0x00000000   Code   RO         2480    .ARM.Collect$$libinit$$00000017  c_w.l(libinit2.o)
    0x08000266   0x00000000   Code   RO         2482    .ARM.Collect$$libinit$$00000019  c_w.l(libinit2.o)
    0x08000266   0x00000000   Code   RO         2484    .ARM.Collect$$libinit$$0000001B  c_w.l(libinit2.o)
    0x08000266   0x00000000   Code   RO         2486    .ARM.Collect$$libinit$$0000001D  c_w.l(libinit2.o)
    0x08000266   0x00000000   Code   RO         2488    .ARM.Collect$$libinit$$0000001F  c_w.l(libinit2.o)
    0x08000266   0x00000000   Code   RO         2490    .ARM.Collect$$libinit$$00000021  c_w.l(libinit2.o)
    0x08000266   0x00000000   Code   RO         2492    .ARM.Collect$$libinit$$00000023  c_w.l(libinit2.o)
    0x08000266   0x00000000   Code   RO         2496    .ARM.Collect$$libinit$$0000002A  c_w.l(libinit2.o)
    0x08000266   0x00000000   Code   RO         2498    .ARM.Collect$$libinit$$0000002C  c_w.l(libinit2.o)
    0x08000266   0x00000000   Code   RO         2500    .ARM.Collect$$libinit$$0000002E  c_w.l(libinit2.o)
    0x08000266   0x00000000   Code   RO         2502    .ARM.Collect$$libinit$$00000030  c_w.l(libinit2.o)
    0x08000266   0x00000002   Code   RO         2503    .ARM.Collect$$libinit$$00000031  c_w.l(libinit2.o)
    0x08000268   0x00000002   Code   RO         2521    .ARM.Collect$$libshutdown$$00000000  c_w.l(libshutdown.o)
    0x0800026a   0x00000000   Code   RO         2532    .ARM.Collect$$libshutdown$$00000003  c_w.l(libshutdown2.o)
    0x0800026a   0x00000000   Code   RO         2535    .ARM.Collect$$libshutdown$$00000006  c_w.l(libshutdown2.o)
    0x0800026a   0x00000000   Code   RO         2538    .ARM.Collect$$libshutdown$$00000009  c_w.l(libshutdown2.o)
    0x0800026a   0x00000000   Code   RO         2540    .ARM.Collect$$libshutdown$$0000000B  c_w.l(libshutdown2.o)
    0x0800026a   0x00000000   Code   RO         2543    .ARM.Collect$$libshutdown$$0000000E  c_w.l(libshutdown2.o)
    0x0800026a   0x00000002   Code   RO         2544    .ARM.Collect$$libshutdown$$0000000F  c_w.l(libshutdown2.o)
    0x0800026c   0x00000000   Code   RO         2413    .ARM.Collect$$rtentry$$00000000  c_w.l(rtentry.o)
    0x0800026c   0x00000000   Code   RO         2426    .ARM.Collect$$rtentry$$00000002  c_w.l(rtentry2.o)
    0x0800026c   0x00000006   Code   RO         2438    .ARM.Collect$$rtentry$$00000004  c_w.l(rtentry4.o)
    0x08000272   0x00000000   Code   RO         2428    .ARM.Collect$$rtentry$$00000009  c_w.l(rtentry2.o)
    0x08000272   0x00000004   Code   RO         2429    .ARM.Collect$$rtentry$$0000000A  c_w.l(rtentry2.o)
    0x08000276   0x00000000   Code   RO         2431    .ARM.Collect$$rtentry$$0000000C  c_w.l(rtentry2.o)
    0x08000276   0x00000008   Code   RO         2432    .ARM.Collect$$rtentry$$0000000D  c_w.l(rtentry2.o)
    0x0800027e   0x00000002   Code   RO         2459    .ARM.Collect$$rtexit$$00000000  c_w.l(rtexit.o)
    0x08000280   0x00000000   Code   RO         2505    .ARM.Collect$$rtexit$$00000002  c_w.l(rtexit2.o)
    0x08000280   0x00000004   Code   RO         2506    .ARM.Collect$$rtexit$$00000003  c_w.l(rtexit2.o)
    0x08000284   0x00000006   Code   RO         2507    .ARM.Collect$$rtexit$$00000004  c_w.l(rtexit2.o)
    0x0800028a   0x00000002   PAD
    0x0800028c   0x000000b6   Code   RO         1327    .emb_text           port.o
    0x08000342   0x00000002   PAD
    0x08000344   0x00000040   Code   RO            3    .text               main.o
    0x08000384   0x0000005c   Code   RO          244    .text               rtos_task.o
    0x080003e0   0x000000b4   Code   RO          347    .text               stm32f4xx_it.o
    0x08000494   0x00000064   Code   RO          391    .text               task_led.o
    0x080004f8   0x00000040   Code   RO          426    .text               startup_stm32f40_41xxx.o
    0x08000538   0x0000020c   Code   RO          432    .text               system_stm32f4xx.o
    0x08000744   0x000000ec   Code   RO          476    .text               delay.o
    0x08000830   0x000000e4   Code   RO          498    .text               misc.o
    0x08000914   0x00000110   Code   RO          618    .text               stm32f4xx_exti.o
    0x08000a24   0x00000294   Code   RO          681    .text               stm32f4xx_gpio.o
    0x08000cb8   0x00000040   Code   RO          721    .text               stm32f4xx_iwdg.o
    0x08000cf8   0x0000065c   Code   RO          784    .text               stm32f4xx_rcc.o
    0x08001354   0x00000098   Code   RO          909    .text               stm32f4xx_syscfg.o
    0x080013ec   0x00000ca2   Code   RO          929    .text               stm32f4xx_tim.o
    0x0800208e   0x00000002   PAD
    0x08002090   0x00000454   Code   RO          949    .text               stm32f4xx_usart.o
    0x080024e4   0x00001058   Code   RO          989    .text               stm32f4x7_eth.o
    0x0800353c   0x00000340   Code   RO         1016    .text               usart.o
    0x0800387c   0x0000002c   Code   RO         1051    .text               watch_dog.o
    0x080038a8   0x00000040   Code   RO         1071    .text               led.o
    0x080038e8   0x00000458   Code   RO         1091    .text               dp83848.o
    0x08003d40   0x000000f8   Code   RO         1136    .text               key.o
    0x08003e38   0x00000094   Code   RO         1219    .text               list.o
    0x08003ecc   0x00000d00   Code   RO         1239    .text               queue.o
    0x08004bcc   0x00001820   Code   RO         1265    .text               tasks.o
    0x080063ec   0x00000640   Code   RO         1304    .text               timers.o
    0x08006a2c   0x000002f4   Code   RO         1328    .text               port.o
    0x08006d20   0x0000029c   Code   RO         1365    .text               heap_4.o
    0x08006fbc   0x000003e4   Code   RO         1388    .text               netconf.o
    0x080073a0   0x00000050   Code   RO         1461    .text               task_lwip_init.o
    0x080073f0   0x000002d8   Code   RO         1491    .text               task_tcp_client.o
    0x080076c8   0x00000060   Code   RO         1522    .text               lwip_comm.o
    0x08007728   0x00000108   Code   RO         1585    .text               fs.o
    0x08007830   0x00000e14   Code   RO         1612    .text               httpd.o
    0x08008644   0x000003f0   Code   RO         1661    .text               httpd_cgi_ssi.o
    0x08008a34   0x00000604   Code   RO         1685    .text               api_lib.o
    0x08009038   0x00000e8c   Code   RO         1724    .text               api_msg.o
    0x08009ec4   0x00000190   Code   RO         1763    .text               netbuf.o
    0x0800a054   0x000002f8   Code   RO         1805    .text               tcpip.o
    0x0800a34c   0x0000003e   Code   RO         1840    .text               def.o
    0x0800a38a   0x00000002   PAD
    0x0800a38c   0x00001254   Code   RO         1852    .text               dhcp.o
    0x0800b5e0   0x00000020   Code   RO         1879    .text               init.o
    0x0800b600   0x00000378   Code   RO         1917    .text               mem.o
    0x0800b978   0x000000ac   Code   RO         1941    .text               memp.o
    0x0800ba24   0x000002f0   Code   RO         1976    .text               netif.o
    0x0800bd14   0x000006ee   Code   RO         2000    .text               pbuf.o
    0x0800c402   0x00000002   PAD
    0x0800c404   0x000001c0   Code   RO         2021    .text               raw.o
    0x0800c5c4   0x00000e84   Code   RO         2041    .text               tcp.o
    0x0800d448   0x0000134c   Code   RO         2068    .text               tcp_in.o
    0x0800e794   0x00000cec   Code   RO         2094    .text               tcp_out.o
    0x0800f480   0x0000025c   Code   RO         2108    .text               lwip_timers.o
    0x0800f6dc   0x000004d8   Code   RO         2152    .text               udp.o
    0x0800fbb4   0x00000220   Code   RO         2187    .text               icmp.o
    0x0800fdd4   0x00000232   Code   RO         2214    .text               inet_chksum.o
    0x08010006   0x00000002   PAD
    0x08010008   0x00000340   Code   RO         2226    .text               ip.o
    0x08010348   0x000002b4   Code   RO         2244    .text               ip_addr.o
    0x080105fc   0x000009e8   Code   RO         2273    .text               etharp.o
    0x08010fe4   0x0000038c   Code   RO         2295    .text               ethernetif.o
    0x08011370   0x00000234   Code   RO         2320    .text               sys_arch.o
    0x080115a4   0x00000002   Code   RO         2342    .text               c_w.l(use_no_semi_2.o)
    0x080115a6   0x00000002   PAD
    0x080115a8   0x00000018   Code   RO         2348    .text               c_w.l(noretval__2printf.o)
    0x080115c0   0x00000028   Code   RO         2350    .text               c_w.l(noretval__2sprintf.o)
    0x080115e8   0x00000068   Code   RO         2352    .text               c_w.l(__printf.o)
    0x08011650   0x00000052   Code   RO         2354    .text               c_w.l(_printf_str.o)
    0x080116a2   0x00000002   PAD
    0x080116a4   0x00000078   Code   RO         2356    .text               c_w.l(_printf_dec.o)
    0x0801171c   0x00000014   Code   RO         2383    .text               c_w.l(strchr.o)
    0x08011730   0x00000024   Code   RO         2385    .text               c_w.l(strstr.o)
    0x08011754   0x00000058   Code   RO         2387    .text               c_w.l(memcmp.o)
    0x080117ac   0x00000048   Code   RO         2389    .text               c_w.l(strcpy.o)
    0x080117f4   0x0000003e   Code   RO         2391    .text               c_w.l(strlen.o)
    0x08011832   0x00000096   Code   RO         2393    .text               c_w.l(strncmp.o)
    0x080118c8   0x0000008a   Code   RO         2395    .text               c_w.l(rt_memcpy_v6.o)
    0x08011952   0x00000064   Code   RO         2397    .text               c_w.l(rt_memcpy_w.o)
    0x080119b6   0x00000010   Code   RO         2399    .text               c_w.l(aeabi_memset.o)
    0x080119c6   0x00000044   Code   RO         2401    .text               c_w.l(rt_memclr.o)
    0x08011a0a   0x0000004e   Code   RO         2403    .text               c_w.l(rt_memclr_w.o)
    0x08011a58   0x00000080   Code   RO         2405    .text               c_w.l(strcmpv7m.o)
    0x08011ad8   0x00000006   Code   RO         2407    .text               c_w.l(heapauxi.o)
    0x08011ade   0x00000002   Code   RO         2411    .text               c_w.l(use_no_semi.o)
    0x08011ae0   0x000000b8   Code   RO         2414    .text               c_w.l(_printf_intcommon.o)
    0x08011b98   0x00000030   Code   RO         2416    .text               c_w.l(_printf_char_common.o)
    0x08011bc8   0x0000000a   Code   RO         2418    .text               c_w.l(_sputc.o)
    0x08011bd2   0x0000002c   Code   RO         2420    .text               c_w.l(_printf_char.o)
    0x08011bfe   0x00000002   PAD
    0x08011c00   0x00000024   Code   RO         2422    .text               c_w.l(_printf_char_file.o)
    0x08011c24   0x00000008   Code   RO         2442    .text               c_w.l(ferror.o)
    0x08011c2c   0x0000004a   Code   RO         2446    .text               c_w.l(sys_stackheap_outer.o)
    0x08011c76   0x0000000c   Code   RO         2448    .text               c_w.l(exit.o)
    0x08011c82   0x00000002   PAD
    0x08011c84   0x00000008   Code   RO         2456    .text               c_w.l(libspace.o)
    0x08011c8c   0x0000000a   Code   RO         2513    x$fpl$fpinit        fz_wm.l(fpinit.o)
    0x08011c96   0x00000002   PAD
    0x08011c98   0x0001ac1c   Data   RO         1587    .constdata          fs.o
    0x0802c8b4   0x00000430   Data   RO         1614    .constdata          httpd.o
    0x0802cce4   0x00000410   Data   RO         1662    .constdata          httpd_cgi_ssi.o
    0x0802d0f4   0x00000030   Data   RO         1943    .constdata          memp.o
    0x0802d124   0x00000050   Data   RO         2042    .constdata          tcp.o
    0x0802d174   0x00000008   Data   RO         2246    .constdata          ip_addr.o
    0x0802d17c   0x0000000c   Data   RO         2275    .constdata          etharp.o
    0x0802d188   0x0000004a   Data   RO         1615    .conststring        httpd.o
    0x0802d1d2   0x0000001c   Data   RO         1663    .conststring        httpd_cgi_ssi.o
    0x0802d1ee   0x00000068   Data   RO         2043    .conststring        tcp.o
    0x0802d256   0x00000002   PAD
    0x0802d258   0x00000020   Data   RO         2576    Region$$Table       anon$$obj.o


    Execution Region RW_IRAM1 (Base: 0x20000000, Size: 0x00015fe0, Max: 0x00020000, ABSOLUTE, COMPRESSED[0x000001c0])

    Base Addr    Size         Type   Attr      Idx    E Section Name        Object

    0x20000000   0x00000204   Data   RW          194    .data               common.o
    0x20000204   0x00000204   Data   RW          393    .data               task_led.o
    0x20000408   0x00000014   Data   RW          433    .data               system_stm32f4xx.o
    0x2000041c   0x00000004   Data   RW          477    .data               delay.o
    0x20000420   0x00000010   Data   RW          785    .data               stm32f4xx_rcc.o
    0x20000430   0x00000010   Data   RW          991    .data               stm32f4x7_eth.o
    0x20000440   0x00000214   Data   RW         1019    .data               usart.o
    0x20000654   0x00000208   Data   RW         1094    .data               dp83848.o
    0x2000085c   0x00000001   Data   RW         1137    .data               key.o
    0x2000085d   0x00000003   PAD
    0x20000860   0x0000003c   Data   RW         1267    .data               tasks.o
    0x2000089c   0x00000014   Data   RW         1306    .data               timers.o
    0x200008b0   0x0000000c   Data   RW         1329    .data               port.o
    0x200008bc   0x00000018   Data   RW         1367    .data               heap_4.o
    0x200008d4   0x00000205   Data   RW         1391    .data               netconf.o
    0x20000ad9   0x00000003   PAD
    0x20000adc   0x00000204   Data   RW         1463    .data               task_lwip_init.o
    0x20000ce0   0x00000215   Data   RW         1494    .data               task_tcp_client.o
    0x20000ef5   0x00000003   PAD
    0x20000ef8   0x00000224   Data   RW         1616    .data               httpd.o
    0x2000111c   0x00000210   Data   RW         1664    .data               httpd_cgi_ssi.o
    0x2000132c   0x0000000c   Data   RW         1806    .data               tcpip.o
    0x20001338   0x00000004   Data   RW         1854    .data               dhcp.o
    0x2000133c   0x00000010   Data   RW         1919    .data               mem.o
    0x2000134c   0x00000009   Data   RW         1977    .data               netif.o
    0x20001355   0x00000003   PAD
    0x20001358   0x00000004   Data   RW         2022    .data               raw.o
    0x2000135c   0x00000023   Data   RW         2044    .data               tcp.o
    0x2000137f   0x00000001   PAD
    0x20001380   0x00000020   Data   RW         2070    .data               tcp_in.o
    0x200013a0   0x00000008   Data   RW         2109    .data               lwip_timers.o
    0x200013a8   0x00000008   Data   RW         2153    .data               udp.o
    0x200013b0   0x00000012   Data   RW         2227    .data               ip.o
    0x200013c2   0x00000001   Data   RW         2276    .data               etharp.o
    0x200013c3   0x00000001   PAD
    0x200013c4   0x0000020c   Data   RW         2297    .data               ethernetif.o
    0x200015d0   0x00000002   Data   RW         2321    .data               sys_arch.o
    0x200015d2   0x00000002   PAD
    0x200015d4   0x00000010   Zero   RW            4    .bss                main.o
    0x200015e4   0x000030ac   Zero   RW          990    .bss                stm32f4x7_eth.o
    0x20004690   0x00002000   Zero   RW         1017    .bss                usart.o
    0x20006690   0x000000bc   Zero   RW         1092    .bss                dp83848.o
    0x2000674c   0x00000040   Zero   RW         1240    .bss                queue.o
    0x2000678c   0x0000012c   Zero   RW         1266    .bss                tasks.o
    0x200068b8   0x00000028   Zero   RW         1305    .bss                timers.o
    0x200068e0   0x00008000   Zero   RW         1366    .bss                heap_4.o
    0x2000e8e0   0x00000038   Zero   RW         1389    .bss                netconf.o
    0x2000e918   0x00000fa0   Zero   RW         1492    .bss                task_tcp_client.o
    0x2000f8b8   0x00000017   Zero   RW         1523    .bss                lwip_comm.o
    0x2000f8cf   0x00000001   PAD
    0x2000f8d0   0x000000f0   Zero   RW         1586    .bss                fs.o
    0x2000f9c0   0x00000400   Zero   RW         1613    .bss                httpd.o
    0x2000fdc0   0x00000032   Zero   RW         1853    .bss                dhcp.o
    0x2000fdf2   0x00001414   Zero   RW         1918    .bss                mem.o
    0x20011206   0x00000002   PAD
    0x20011208   0x00003a87   Zero   RW         1942    .bss                memp.o
    0x20014c8f   0x00000001   PAD
    0x20014c90   0x00000014   Zero   RW         2069    .bss                tcp_in.o
    0x20014ca4   0x00000010   Zero   RW         2245    .bss                ip_addr.o
    0x20014cb4   0x000000c8   Zero   RW         2274    .bss                etharp.o
    0x20014d7c   0x00000060   Zero   RW         2457    .bss                c_w.l(libspace.o)
    0x20014ddc   0x00000004   PAD
    0x20014de0   0x00000200   Zero   RW          424    HEAP                startup_stm32f40_41xxx.o
    0x20014fe0   0x00001000   Zero   RW          423    STACK               startup_stm32f40_41xxx.o


==============================================================================

Image component sizes


      Code (inc. data)   RO Data    RW Data    ZI Data      Debug   Object Name

      1540         50          0          0          0      16593   api_lib.o
      3724         40          0          0          0       9679   api_msg.o
         0          0          0        516          0       4288   common.o
        62          0          0          0          0       1194   def.o
       236         10          0          4          0       1565   delay.o
      4692         70          0          4         50      12714   dhcp.o
      1112         70          0        520        188       9552   dp83848.o
      2536         24         12          1        200       9495   etharp.o
       908         68          0        524          0       3858   ethernetif.o
         0          0          0          0          0       9092   event_groups.o
       264          8     109596          0        240       5586   fs.o
       668         80          0         24      32768       3260   heap_4.o
      3604        190       1146        548       1024      18861   httpd.o
      1008        194       1068        528          0       4380   httpd_cgi_ssi.o
       544         10          0          0          0       2347   icmp.o
       562          0          0          0          0       2925   inet_chksum.o
        32          0          0          0          0       1164   init.o
       832         30          0         18          0       6299   ip.o
       692         12          8          0         16       9311   ip_addr.o
       248         12          0          1          0        832   key.o
        64          6          0          0          0        503   led.o
       148          0          0          0          0       1870   list.o
        96          4          0          0         23      12274   lwip_comm.o
       604         34          0          8          0       3323   lwip_timers.o
        64          4          0          0         16     299596   main.o
       888         22          0         16       5140       3802   mem.o
       172         18         48          0      14983       2478   memp.o
       228         22          0          0          0       1761   misc.o
       400          0          0          0          0       7741   netbuf.o
       996        434          0        517         56       7494   netconf.o
       752         22          0          9          0       6609   netif.o
      1774          0          0          0          0       7585   pbuf.o
       938        112          0         12          0       8119   port.o
      3328         52          0          0         64      15738   queue.o
       448         12          0          4          0       3301   raw.o
        92         44          0          0          0      44169   rtos_task.o
        64         26        392          0       4608        784   startup_stm32f40_41xxx.o
      4184        108          0         16      12460      20729   stm32f4x7_eth.o
       272         10          0          0          0       2207   stm32f4xx_exti.o
       660         44          0          0          0       4041   stm32f4xx_gpio.o
       180         14          0          0          0       3075   stm32f4xx_it.o
        64          6          0          0          0       1305   stm32f4xx_iwdg.o
      1628         52          0         16          0      12796   stm32f4xx_rcc.o
       152         18          0          0          0       1817   stm32f4xx_syscfg.o
      3234         60          0          0          0      22244   stm32f4xx_tim.o
      1108         34          0          0          0       7740   stm32f4xx_usart.o
       564          6          0          2          0       5542   sys_arch.o
       524         44          0         20          0       1743   system_stm32f4xx.o
       100          8          0        516          0        816   task_led.o
        80         28          0        516          0       1504   task_lwip_init.o
       728        198          0        533       4000       5159   task_tcp_client.o
      6176        402          0         60        300      31172   tasks.o
      3716        140        184         35          0      21399   tcp.o
      4940        230          0         32         20      14855   tcp_in.o
      3308          8          0          0          0       9367   tcp_out.o
       760         38          0         12          0       9664   tcpip.o
      1600        112          0         20         40       8344   timers.o
      1240         20          0          8          0      14049   udp.o
       832         60          0        532       8192       5044   usart.o
        44          0          0          0          0        689   watch_dog.o

    ----------------------------------------------------------------------
     70424       3320     112488       5588      84392     765443   Object Totals
         0          0         32          0          0          0   (incl. Generated)
        10          0          2         16          4          0   (incl. Padding)

    ----------------------------------------------------------------------

      Code (inc. data)   RO Data    RW Data    ZI Data      Debug   Library Member Name

       100          0          0          0          0          0   __dclz77c.o
         8          0          0          0          0         68   __main.o
       104          0          0          0          0         84   __printf.o
        52          8          0          0          0          0   __scatter.o
        28          0          0          0          0          0   __scatter_zi.o
         6          0          0          0          0          0   _printf_c.o
        44          0          0          0          0        108   _printf_char.o
        48          6          0          0          0         96   _printf_char_common.o
        36          4          0          0          0         80   _printf_char_file.o
         6          0          0          0          0          0   _printf_d.o
       120         18          0          0          0         92   _printf_dec.o
       184          0          0          0          0         88   _printf_intcommon.o
         0          0          0          0          0          0   _printf_percent.o
         4          0          0          0          0          0   _printf_percent_end.o
         6          0          0          0          0          0   _printf_s.o
        82          0          0          0          0         80   _printf_str.o
         6          0          0          0          0          0   _printf_u.o
        10          0          0          0          0         68   _sputc.o
        16          0          0          0          0         68   aeabi_memset.o
        12          0          0          0          0         72   exit.o
         8          0          0          0          0         68   ferror.o
         6          0          0          0          0        152   heapauxi.o
         2          0          0          0          0          0   libinit.o
         6          0          0          0          0          0   libinit2.o
         2          0          0          0          0          0   libshutdown.o
         2          0          0          0          0          0   libshutdown2.o
         8          4          0          0         96         68   libspace.o
        88          0          0          0          0         76   memcmp.o
        24          4          0          0          0         84   noretval__2printf.o
        40          6          0          0          0         84   noretval__2sprintf.o
        68          0          0          0          0         68   rt_memclr.o
        78          0          0          0          0         80   rt_memclr_w.o
       138          0          0          0          0         68   rt_memcpy_v6.o
       100          0          0          0          0         80   rt_memcpy_w.o
         0          0          0          0          0          0   rtentry.o
        12          0          0          0          0          0   rtentry2.o
         6          0          0          0          0          0   rtentry4.o
         2          0          0          0          0          0   rtexit.o
        10          0          0          0          0          0   rtexit2.o
        20          0          0          0          0         68   strchr.o
       128          0          0          0          0         68   strcmpv7m.o
        72          0          0          0          0         80   strcpy.o
        62          0          0          0          0         76   strlen.o
       150          0          0          0          0         80   strncmp.o
        36          0          0          0          0         80   strstr.o
        74          0          0          0          0         80   sys_stackheap_outer.o
         2          0          0          0          0         68   use_no_semi.o
         2          0          0          0          0         68   use_no_semi_2.o
        10          0          0          0          0        116   fpinit.o

    ----------------------------------------------------------------------
      2040         50          0          0        100       2516   Library Totals
        12          0          0          0          4          0   (incl. Padding)

    ----------------------------------------------------------------------

      Code (inc. data)   RO Data    RW Data    ZI Data      Debug   Library Name

      2018         50          0          0         96       2400   c_w.l
        10          0          0          0          0        116   fz_wm.l

    ----------------------------------------------------------------------
      2040         50          0          0        100       2516   Library Totals

    ----------------------------------------------------------------------

==============================================================================


      Code (inc. data)   RO Data    RW Data    ZI Data      Debug   

     72464       3370     112488       5588      84492     754403   Grand Totals
     72464       3370     112488        448      84492     754403   ELF Image Totals (compressed)
     72464       3370     112488        448          0          0   ROM Totals

==============================================================================

    Total RO  Size (Code + RO Data)               184952 ( 180.62kB)
    Total RW  Size (RW Data + ZI Data)             90080 (  87.97kB)
    Total ROM Size (Code + RO Data + RW Data)     185400 ( 181.05kB)

==============================================================================

