<html>
<body>
<pre>
<h1>礦ision Build Log</h1>
<h2>Project:</h2>
F:\SZP\项目\集中器\程序软件\MDK-ARM\DataConcentrator.uvproj
Project File Date:  04/23/2019

<h2>Output:</h2>
Build target 'DataConcentrator'
compiling main.c...
compiling common.c...
..\USER\common.h(4): error:  #5: cannot open source input file "stm32f10x.h": No such file or directory
compiling rtos_task.c...
compiling stm32f4xx_it.c...
compiling task_led.c...
assembling startup_stm32f40_41xxx.s...
compiling system_stm32f4xx.c...
compiling sys.c...
compiling delay.c...
compiling misc.c...
compiling stm32f4xx_adc.c...
compiling stm32f4xx_can.c...
compiling stm32f4xx_crc.c...
compiling stm32f4xx_dac.c...
compiling stm32f4xx_dma.c...
compiling stm32f4xx_exti.c...
compiling stm32f4xx_flash.c...
compiling stm32f4xx_fsmc.c...
compiling stm32f4xx_gpio.c...
compiling stm32f4xx_i2c.c...
compiling stm32f4xx_iwdg.c...
compiling stm32f4xx_ltdc.c...
compiling stm32f4xx_pwr.c...
compiling stm32f4xx_rcc.c...
compiling stm32f4xx_rng.c...
compiling stm32f4xx_rtc.c...
compiling stm32f4xx_sai.c...
compiling stm32f4xx_sdio.c...
compiling stm32f4xx_spi.c...
compiling stm32f4xx_syscfg.c...
compiling stm32f4xx_tim.c...
compiling stm32f4xx_usart.c...
compiling stm32f4xx_wwdg.c...
compiling stm32f4x7_eth.c...
..\FWLIB\inc\stm32f4x7_eth.h(38): error:  #5: cannot open source input file "stm32f4x7_eth_conf.h": No such file or directory
compiling usart.c...
compiling watch_dog.c...
compiling led.c...
compiling dp83848.c...
..\FWLIB\inc\stm32f4x7_eth.h(38): error:  #5: cannot open source input file "stm32f4x7_eth_conf.h": No such file or directory
compiling croutine.c...
compiling event_groups.c...
compiling list.c...
compiling queue.c...
compiling tasks.c...
compiling timers.c...
compiling port.c...
compiling heap_4.c...
compiling netconf.c...
..\ETHERNET\netconf.c(33): error:  #5: cannot open source input file "main.h": No such file or directory
compiling api_lib.c...
compiling api_msg.c...
compiling err.c...
compiling netbuf.c...
compiling netdb.c...
compiling netifapi.c...
compiling sockets.c...
compiling tcpip.c...
compiling def.c...
compiling dhcp.c...
compiling dns.c...
compiling init.c...
compiling mem.c...
compiling memp.c...
compiling netif.c...
compiling pbuf.c...
compiling raw.c...
compiling stats.c...
compiling lwip_sys.c...
compiling tcp.c...
compiling tcp_in.c...
compiling tcp_out.c...
..\LWIP\lwip-1.4.1\src\core\tcp_out.c(845): warning:  #550-D: variable "tcphdr" was set but never used
..\LWIP\lwip-1.4.1\src\core\tcp_out.c(1367): warning:  #550-D: variable "tcphdr" was set but never used
compiling lwip_timers.c...
compiling udp.c...
compiling autoip.c...
compiling icmp.c...
compiling igmp.c...
compiling inet.c...
compiling inet_chksum.c...
compiling ip.c...
compiling ip_addr.c...
compiling ip_frag.c...
compiling etharp.c...
compiling ethernetif.c...
..\LWIP\lwip-1.4.1\port\STM32F4x7\FreeRTOS\ethernetif.c(55): error:  #5: cannot open source input file "main.h": No such file or directory
compiling sys_arch.c...
..\LWIP\lwip-1.4.1\port\STM32F4x7\FreeRTOS\sys_arch.c(399): warning:  #167-D: argument of type "signed char *" is incompatible with parameter of type "const char *const"
"..\OUTPUT\Obj\DataConcentrator.axf" - 5 Errors, 3 Warning(s).
Target not created
Build target 'DataConcentrator'
compiling main.c...
compiling common.c...
compiling rtos_task.c...
compiling stm32f4xx_it.c...
compiling task_led.c...
assembling startup_stm32f40_41xxx.s...
compiling system_stm32f4xx.c...
compiling sys.c...
compiling delay.c...
compiling misc.c...
compiling stm32f4xx_adc.c...
compiling stm32f4xx_can.c...
compiling stm32f4xx_crc.c...
compiling stm32f4xx_dac.c...
compiling stm32f4xx_dma.c...
compiling stm32f4xx_exti.c...
compiling stm32f4xx_flash.c...
compiling stm32f4xx_fsmc.c...
compiling stm32f4xx_gpio.c...
compiling stm32f4xx_i2c.c...
compiling stm32f4xx_iwdg.c...
compiling stm32f4xx_ltdc.c...
compiling stm32f4xx_pwr.c...
compiling stm32f4xx_rcc.c...
compiling stm32f4xx_rng.c...
compiling stm32f4xx_rtc.c...
compiling stm32f4xx_sai.c...
compiling stm32f4xx_sdio.c...
compiling stm32f4xx_spi.c...
compiling stm32f4xx_syscfg.c...
compiling stm32f4xx_tim.c...
compiling stm32f4xx_usart.c...
compiling stm32f4xx_wwdg.c...
compiling stm32f4x7_eth.c...
..\FWLIB\inc\stm32f4x7_eth.h(38): error:  #5: cannot open source input file "stm32f4x7_eth_conf.h": No such file or directory
compiling usart.c...
compiling watch_dog.c...
compiling led.c...
compiling dp83848.c...
..\FWLIB\inc\stm32f4x7_eth.h(38): error:  #5: cannot open source input file "stm32f4x7_eth_conf.h": No such file or directory
compiling croutine.c...
compiling event_groups.c...
compiling list.c...
compiling queue.c...
compiling tasks.c...
compiling timers.c...
compiling port.c...
compiling heap_4.c...
compiling netconf.c...
..\ETHERNET\netconf.c(33): error:  #5: cannot open source input file "main.h": No such file or directory
compiling api_lib.c...
compiling api_msg.c...
compiling err.c...
compiling netbuf.c...
compiling netdb.c...
compiling netifapi.c...
compiling sockets.c...
compiling tcpip.c...
compiling def.c...
compiling dhcp.c...
compiling dns.c...
compiling init.c...
compiling mem.c...
compiling memp.c...
compiling netif.c...
compiling pbuf.c...
compiling raw.c...
compiling stats.c...
compiling lwip_sys.c...
compiling tcp.c...
compiling tcp_in.c...
compiling tcp_out.c...
..\LWIP\lwip-1.4.1\src\core\tcp_out.c(845): warning:  #550-D: variable "tcphdr" was set but never used
..\LWIP\lwip-1.4.1\src\core\tcp_out.c(1367): warning:  #550-D: variable "tcphdr" was set but never used
compiling lwip_timers.c...
compiling udp.c...
compiling autoip.c...
compiling icmp.c...
compiling igmp.c...
compiling inet.c...
compiling inet_chksum.c...
compiling ip.c...
compiling ip_addr.c...
compiling ip_frag.c...
compiling etharp.c...
compiling ethernetif.c...
..\LWIP\lwip-1.4.1\port\STM32F4x7\FreeRTOS\ethernetif.c(55): error:  #5: cannot open source input file "main.h": No such file or directory
compiling sys_arch.c...
..\LWIP\lwip-1.4.1\port\STM32F4x7\FreeRTOS\sys_arch.c(399): warning:  #167-D: argument of type "signed char *" is incompatible with parameter of type "const char *const"
"..\OUTPUT\Obj\DataConcentrator.axf" - 4 Errors, 3 Warning(s).
Target not created
Build target 'DataConcentrator'
compiling common.c...
compiling stm32f4x7_eth.c...
..\FWLIB\src\stm32f4x7_eth.c(377): warning:  #223-D: function "Delay" declared implicitly
..\FWLIB\src\stm32f4x7_eth.c(727): warning:  #223-D: function "Delay" declared implicitly
..\FWLIB\src\stm32f4x7_eth.c(757): warning:  #223-D: function "Delay" declared implicitly
..\FWLIB\src\stm32f4x7_eth.c(795): warning:  #223-D: function "Delay" declared implicitly
..\FWLIB\src\stm32f4x7_eth.c(827): warning:  #223-D: function "Delay" declared implicitly
..\FWLIB\src\stm32f4x7_eth.c(1007): warning:  #223-D: function "Delay" declared implicitly
..\FWLIB\src\stm32f4x7_eth.c(1049): warning:  #223-D: function "Delay" declared implicitly
..\FWLIB\src\stm32f4x7_eth.c(1083): warning:  #223-D: function "Delay" declared implicitly
..\FWLIB\src\stm32f4x7_eth.c(1833): warning:  #223-D: function "Delay" declared implicitly
..\FWLIB\src\stm32f4x7_eth.c(2105): warning:  #223-D: function "Delay" declared implicitly
..\FWLIB\src\stm32f4x7_eth.c(2452): warning:  #223-D: function "Delay" declared implicitly
..\FWLIB\src\stm32f4x7_eth.c(2475): warning:  #223-D: function "Delay" declared implicitly
..\FWLIB\src\stm32f4x7_eth.c(2507): warning:  #223-D: function "Delay" declared implicitly
..\FWLIB\src\stm32f4x7_eth.c(2562): warning:  #223-D: function "Delay" declared implicitly
..\FWLIB\src\stm32f4x7_eth.c(2592): warning:  #223-D: function "Delay" declared implicitly
..\FWLIB\src\stm32f4x7_eth.c(2623): warning:  #223-D: function "Delay" declared implicitly
compiling dp83848.c...
..\DEVICEDRIVER\dp83848\dp83848.c(31): error:  #5: cannot open source input file "stm32f4x7_eth_bsp.h": No such file or directory
compiling netconf.c...
..\ETHERNET\netconf.c(33): error:  #5: cannot open source input file "main.h": No such file or directory
compiling ethernetif.c...
..\LWIP\lwip-1.4.1\port\STM32F4x7\FreeRTOS\ethernetif.c(55): error:  #5: cannot open source input file "main.h": No such file or directory
"..\OUTPUT\Obj\DataConcentrator.axf" - 3 Errors, 16 Warning(s).
Target not created
Build target 'DataConcentrator'
compiling stm32f4x7_eth.c...
compiling dp83848.c...
..\DEVICEDRIVER\dp83848\dp83848.c(31): error:  #5: cannot open source input file "stm32f4x7_eth_bsp.h": No such file or directory
compiling netconf.c...
..\ETHERNET\netconf.c(33): error:  #5: cannot open source input file "main.h": No such file or directory
compiling ethernetif.c...
..\LWIP\lwip-1.4.1\port\STM32F4x7\FreeRTOS\ethernetif.c(55): error:  #5: cannot open source input file "main.h": No such file or directory
"..\OUTPUT\Obj\DataConcentrator.axf" - 3 Errors, 0 Warning(s).
Target not created
Build target 'DataConcentrator'
compiling dp83848.c...
..\DEVICEDRIVER\dp83848\dp83848.h(47): error:  #35: #error directive: "Please select first the Evaluation board used in your application (in Project Options)"
compiling netconf.c...
..\ETHERNET\netconf.c(33): error:  #5: cannot open source input file "main.h": No such file or directory
compiling ethernetif.c...
..\LWIP\lwip-1.4.1\port\STM32F4x7\FreeRTOS\ethernetif.c(55): error:  #5: cannot open source input file "main.h": No such file or directory
"..\OUTPUT\Obj\DataConcentrator.axf" - 3 Errors, 0 Warning(s).
Target not created
Build target 'DataConcentrator'
compiling dp83848.c...
..\DEVICEDRIVER\dp83848\dp83848.c(32): error:  #5: cannot open source input file "main.h": No such file or directory
compiling netconf.c...
..\ETHERNET\netconf.c(33): error:  #5: cannot open source input file "main.h": No such file or directory
compiling ethernetif.c...
..\LWIP\lwip-1.4.1\port\STM32F4x7\FreeRTOS\ethernetif.c(55): error:  #5: cannot open source input file "main.h": No such file or directory
"..\OUTPUT\Obj\DataConcentrator.axf" - 3 Errors, 0 Warning(s).
Target not created
Build target 'DataConcentrator'
compiling dp83848.c...
..\DEVICEDRIVER\dp83848\dp83848.c(100): warning:  #167-D: argument of type "signed char *" is incompatible with parameter of type "const char *const"
..\DEVICEDRIVER\dp83848\dp83848.c(416): warning:  #223-D: function "LCD_ClearLine" declared implicitly
..\DEVICEDRIVER\dp83848\dp83848.c(416): error:  #20: identifier "Line4" is undefined
..\DEVICEDRIVER\dp83848\dp83848.c(417): error:  #20: identifier "Line5" is undefined
..\DEVICEDRIVER\dp83848\dp83848.c(418): error:  #20: identifier "Line6" is undefined
..\DEVICEDRIVER\dp83848\dp83848.c(419): error:  #20: identifier "Line7" is undefined
..\DEVICEDRIVER\dp83848\dp83848.c(420): error:  #20: identifier "Line8" is undefined
..\DEVICEDRIVER\dp83848\dp83848.c(421): error:  #20: identifier "Line9" is undefined
compiling netconf.c...
..\ETHERNET\netconf.c(96): error:  #20: identifier "ETH_INIT_FLAG" is undefined
..\ETHERNET\netconf.c(96): error:  #20: identifier "ETH_LINK_FLAG" is undefined
..\ETHERNET\netconf.c(128): warning:  #223-D: function "LCD_SetTextColor" declared implicitly
..\ETHERNET\netconf.c(128): error:  #20: identifier "Red" is undefined
..\ETHERNET\netconf.c(131): warning:  #223-D: function "LCD_DisplayStringLine" declared implicitly
..\ETHERNET\netconf.c(131): error:  #20: identifier "Line5" is undefined
..\ETHERNET\netconf.c(132): error:  #20: identifier "Line6" is undefined
..\ETHERNET\netconf.c(135): error:  #20: identifier "White" is undefined
..\ETHERNET\netconf.c(139): error:  #20: identifier "ETH_link_callback" is undefined
..\ETHERNET\netconf.c(183): warning:  #223-D: function "STM_EVAL_LEDToggle" declared implicitly
..\ETHERNET\netconf.c(183): error:  #20: identifier "LED1" is undefined
..\ETHERNET\netconf.c(213): warning:  #223-D: function "STM_EVAL_LEDOn" declared implicitly
..\ETHERNET\netconf.c(249): warning:  #223-D: function "STM_EVAL_LEDOn" declared implicitly
..\ETHERNET\netconf.c(154): warning:  #177-D: variable "iptab" was declared but never referenced
..\ETHERNET\netconf.c(155): warning:  #177-D: variable "iptxt" was declared but never referenced
compiling ethernetif.c...
..\LWIP\lwip-1.4.1\port\STM32F4x7\FreeRTOS\ethernetif.c(161): warning:  #167-D: argument of type "signed char *" is incompatible with parameter of type "const char *const"
"..\OUTPUT\Obj\DataConcentrator.axf" - 14 Errors, 10 Warning(s).
Target not created
Rebuild target 'DataConcentrator'
compiling main.c...
compiling common.c...
compiling rtos_task.c...
compiling stm32f4xx_it.c...
compiling task_led.c...
assembling startup_stm32f40_41xxx.s...
compiling system_stm32f4xx.c...
compiling sys.c...
compiling delay.c...
compiling misc.c...
compiling stm32f4xx_adc.c...
compiling stm32f4xx_can.c...
compiling stm32f4xx_crc.c...
compiling stm32f4xx_dac.c...
compiling stm32f4xx_dma.c...
compiling stm32f4xx_exti.c...
compiling stm32f4xx_flash.c...
compiling stm32f4xx_fsmc.c...
compiling stm32f4xx_gpio.c...
compiling stm32f4xx_i2c.c...
compiling stm32f4xx_iwdg.c...
compiling stm32f4xx_ltdc.c...
compiling stm32f4xx_pwr.c...
compiling stm32f4xx_rcc.c...
compiling stm32f4xx_rng.c...
compiling stm32f4xx_rtc.c...
compiling stm32f4xx_sai.c...
compiling stm32f4xx_sdio.c...
compiling stm32f4xx_spi.c...
compiling stm32f4xx_syscfg.c...
compiling stm32f4xx_tim.c...
compiling stm32f4xx_usart.c...
compiling stm32f4xx_wwdg.c...
compiling stm32f4x7_eth.c...
compiling usart.c...
compiling watch_dog.c...
compiling led.c...
compiling dp83848.c...
..\DEVICEDRIVER\dp83848\dp83848.c(416): warning:  #223-D: function "LCD_ClearLine" declared implicitly
..\DEVICEDRIVER\dp83848\dp83848.c(416): error:  #20: identifier "Line4" is undefined
..\DEVICEDRIVER\dp83848\dp83848.c(417): error:  #20: identifier "Line5" is undefined
..\DEVICEDRIVER\dp83848\dp83848.c(418): error:  #20: identifier "Line6" is undefined
..\DEVICEDRIVER\dp83848\dp83848.c(419): error:  #20: identifier "Line7" is undefined
..\DEVICEDRIVER\dp83848\dp83848.c(420): error:  #20: identifier "Line8" is undefined
..\DEVICEDRIVER\dp83848\dp83848.c(421): error:  #20: identifier "Line9" is undefined
compiling croutine.c...
compiling event_groups.c...
compiling list.c...
compiling queue.c...
compiling tasks.c...
compiling timers.c...
compiling port.c...
compiling heap_4.c...
compiling netconf.c...
..\ETHERNET\netconf.c(96): error:  #20: identifier "ETH_INIT_FLAG" is undefined
..\ETHERNET\netconf.c(96): error:  #20: identifier "ETH_LINK_FLAG" is undefined
..\ETHERNET\netconf.c(128): warning:  #223-D: function "LCD_SetTextColor" declared implicitly
..\ETHERNET\netconf.c(128): error:  #20: identifier "Red" is undefined
..\ETHERNET\netconf.c(131): warning:  #223-D: function "LCD_DisplayStringLine" declared implicitly
..\ETHERNET\netconf.c(131): error:  #20: identifier "Line5" is undefined
..\ETHERNET\netconf.c(132): error:  #20: identifier "Line6" is undefined
..\ETHERNET\netconf.c(135): error:  #20: identifier "White" is undefined
..\ETHERNET\netconf.c(139): error:  #20: identifier "ETH_link_callback" is undefined
..\ETHERNET\netconf.c(183): warning:  #223-D: function "STM_EVAL_LEDToggle" declared implicitly
..\ETHERNET\netconf.c(183): error:  #20: identifier "LED1" is undefined
..\ETHERNET\netconf.c(213): warning:  #223-D: function "STM_EVAL_LEDOn" declared implicitly
..\ETHERNET\netconf.c(249): warning:  #223-D: function "STM_EVAL_LEDOn" declared implicitly
..\ETHERNET\netconf.c(154): warning:  #177-D: variable "iptab" was declared but never referenced
..\ETHERNET\netconf.c(155): warning:  #177-D: variable "iptxt" was declared but never referenced
compiling api_lib.c...
compiling api_msg.c...
compiling err.c...
compiling netbuf.c...
compiling netdb.c...
compiling netifapi.c...
compiling sockets.c...
compiling tcpip.c...
compiling def.c...
compiling dhcp.c...
compiling dns.c...
compiling init.c...
compiling mem.c...
compiling memp.c...
compiling netif.c...
compiling pbuf.c...
compiling raw.c...
compiling stats.c...
compiling lwip_sys.c...
compiling tcp.c...
compiling tcp_in.c...
compiling tcp_out.c...
..\LWIP\lwip-1.4.1\src\core\tcp_out.c(845): warning:  #550-D: variable "tcphdr" was set but never used
..\LWIP\lwip-1.4.1\src\core\tcp_out.c(1367): warning:  #550-D: variable "tcphdr" was set but never used
compiling lwip_timers.c...
compiling udp.c...
compiling autoip.c...
compiling icmp.c...
compiling igmp.c...
compiling inet.c...
compiling inet_chksum.c...
compiling ip.c...
compiling ip_addr.c...
compiling ip_frag.c...
compiling etharp.c...
compiling ethernetif.c...
..\LWIP\lwip-1.4.1\port\STM32F4x7\FreeRTOS\ethernetif.c(161): warning:  #167-D: argument of type "signed char *" is incompatible with parameter of type "const char *const"
compiling sys_arch.c...
..\LWIP\lwip-1.4.1\port\STM32F4x7\FreeRTOS\sys_arch.c(399): warning:  #167-D: argument of type "signed char *" is incompatible with parameter of type "const char *const"
"..\OUTPUT\Obj\DataConcentrator.axf" - 14 Errors, 12 Warning(s).
Target not created
Rebuild target 'DataConcentrator'
compiling main.c...
compiling common.c...
compiling rtos_task.c...
compiling stm32f4xx_it.c...
compiling task_led.c...
assembling startup_stm32f40_41xxx.s...
compiling system_stm32f4xx.c...
compiling sys.c...
compiling delay.c...
compiling misc.c...
compiling stm32f4xx_adc.c...
compiling stm32f4xx_can.c...
compiling stm32f4xx_crc.c...
compiling stm32f4xx_dac.c...
compiling stm32f4xx_dma.c...
compiling stm32f4xx_exti.c...
compiling stm32f4xx_flash.c...
compiling stm32f4xx_fsmc.c...
compiling stm32f4xx_gpio.c...
compiling stm32f4xx_i2c.c...
compiling stm32f4xx_iwdg.c...
compiling stm32f4xx_ltdc.c...
compiling stm32f4xx_pwr.c...
compiling stm32f4xx_rcc.c...
compiling stm32f4xx_rng.c...
compiling stm32f4xx_rtc.c...
compiling stm32f4xx_sai.c...
compiling stm32f4xx_sdio.c...
compiling stm32f4xx_spi.c...
compiling stm32f4xx_syscfg.c...
compiling stm32f4xx_tim.c...
compiling stm32f4xx_usart.c...
compiling stm32f4xx_wwdg.c...
compiling stm32f4x7_eth.c...
compiling usart.c...
compiling watch_dog.c...
compiling led.c...
compiling dp83848.c...
..\DEVICEDRIVER\dp83848\dp83848.c(416): warning:  #223-D: function "LCD_ClearLine" declared implicitly
..\DEVICEDRIVER\dp83848\dp83848.c(416): error:  #20: identifier "Line4" is undefined
..\DEVICEDRIVER\dp83848\dp83848.c(417): error:  #20: identifier "Line5" is undefined
..\DEVICEDRIVER\dp83848\dp83848.c(418): error:  #20: identifier "Line6" is undefined
..\DEVICEDRIVER\dp83848\dp83848.c(419): error:  #20: identifier "Line7" is undefined
..\DEVICEDRIVER\dp83848\dp83848.c(420): error:  #20: identifier "Line8" is undefined
..\DEVICEDRIVER\dp83848\dp83848.c(421): error:  #20: identifier "Line9" is undefined
compiling croutine.c...
compiling event_groups.c...
compiling list.c...
compiling queue.c...
compiling tasks.c...
compiling timers.c...
compiling port.c...
compiling heap_4.c...
compiling netconf.c...
..\ETHERNET\netconf.c(96): error:  #20: identifier "ETH_INIT_FLAG" is undefined
..\ETHERNET\netconf.c(96): error:  #20: identifier "ETH_LINK_FLAG" is undefined
..\ETHERNET\netconf.c(128): warning:  #223-D: function "LCD_SetTextColor" declared implicitly
..\ETHERNET\netconf.c(128): error:  #20: identifier "Red" is undefined
..\ETHERNET\netconf.c(131): warning:  #223-D: function "LCD_DisplayStringLine" declared implicitly
..\ETHERNET\netconf.c(131): error:  #20: identifier "Line5" is undefined
..\ETHERNET\netconf.c(132): error:  #20: identifier "Line6" is undefined
..\ETHERNET\netconf.c(135): error:  #20: identifier "White" is undefined
..\ETHERNET\netconf.c(139): error:  #20: identifier "ETH_link_callback" is undefined
..\ETHERNET\netconf.c(183): warning:  #223-D: function "STM_EVAL_LEDToggle" declared implicitly
..\ETHERNET\netconf.c(183): error:  #20: identifier "LED1" is undefined
..\ETHERNET\netconf.c(213): warning:  #223-D: function "STM_EVAL_LEDOn" declared implicitly
..\ETHERNET\netconf.c(249): warning:  #223-D: function "STM_EVAL_LEDOn" declared implicitly
..\ETHERNET\netconf.c(154): warning:  #177-D: variable "iptab" was declared but never referenced
..\ETHERNET\netconf.c(155): warning:  #177-D: variable "iptxt" was declared but never referenced
compiling api_lib.c...
compiling api_msg.c...
compiling err.c...
compiling netbuf.c...
compiling netdb.c...
compiling netifapi.c...
compiling sockets.c...
compiling tcpip.c...
compiling def.c...
compiling dhcp.c...
compiling dns.c...
compiling init.c...
compiling mem.c...
compiling memp.c...
compiling netif.c...
compiling pbuf.c...
compiling raw.c...
compiling stats.c...
compiling lwip_sys.c...
compiling tcp.c...
compiling tcp_in.c...
compiling tcp_out.c...
..\LWIP\lwip-1.4.1\src\core\tcp_out.c(845): warning:  #550-D: variable "tcphdr" was set but never used
..\LWIP\lwip-1.4.1\src\core\tcp_out.c(1367): warning:  #550-D: variable "tcphdr" was set but never used
compiling lwip_timers.c...
compiling udp.c...
compiling autoip.c...
compiling icmp.c...
compiling igmp.c...
compiling inet.c...
compiling inet_chksum.c...
compiling ip.c...
compiling ip_addr.c...
compiling ip_frag.c...
compiling etharp.c...
compiling ethernetif.c...
compiling sys_arch.c...
"..\OUTPUT\Obj\DataConcentrator.axf" - 14 Errors, 10 Warning(s).
Target not created
Build target 'DataConcentrator'
compiling dp83848.c...
..\DEVICEDRIVER\dp83848\dp83848.c(416): warning:  #223-D: function "LCD_ClearLine" declared implicitly
..\DEVICEDRIVER\dp83848\dp83848.c(416): error:  #20: identifier "Line4" is undefined
..\DEVICEDRIVER\dp83848\dp83848.c(417): error:  #20: identifier "Line5" is undefined
..\DEVICEDRIVER\dp83848\dp83848.c(418): error:  #20: identifier "Line6" is undefined
..\DEVICEDRIVER\dp83848\dp83848.c(419): error:  #20: identifier "Line7" is undefined
..\DEVICEDRIVER\dp83848\dp83848.c(420): error:  #20: identifier "Line8" is undefined
..\DEVICEDRIVER\dp83848\dp83848.c(421): error:  #20: identifier "Line9" is undefined
compiling netconf.c...
..\LWIP\lwip-1.4.1\src\include\lwip/api_msg.h(43): error:  #5: cannot open source input file "lwip/sys.h": No such file or directory
compiling api_lib.c...
..\LWIP\lwip-1.4.1\src\include\lwip/api.h(42): error:  #5: cannot open source input file "lwip/sys.h": No such file or directory
compiling api_msg.c...
..\LWIP\lwip-1.4.1\src\include\lwip/api_msg.h(43): error:  #5: cannot open source input file "lwip/sys.h": No such file or directory
compiling tcpip.c...
..\LWIP\lwip-1.4.1\src\api\tcpip.c(43): error:  #5: cannot open source input file "lwip/sys.h": No such file or directory
compiling init.c...
..\LWIP\lwip-1.4.1\src\core\init.c(43): error:  #5: cannot open source input file "lwip/sys.h": No such file or directory
compiling mem.c...
..\LWIP\lwip-1.4.1\src\core\mem.c(62): error:  #5: cannot open source input file "lwip/sys.h": No such file or directory
compiling memp.c...
..\LWIP\lwip-1.4.1\src\include\lwip/api.h(42): error:  #5: cannot open source input file "lwip/sys.h": No such file or directory
compiling pbuf.c...
..\LWIP\lwip-1.4.1\src\core\pbuf.c(71): error:  #5: cannot open source input file "lwip/sys.h": No such file or directory
compiling lwip_sys.c...
..\LWIP\lwip-1.4.1\src\core\lwip_sys.c(41): error:  #5: cannot open source input file "lwip/sys.h": No such file or directory
compiling lwip_timers.c...
..\LWIP\lwip-1.4.1\src\include\lwip/timers.h(45): error:  #5: cannot open source input file "lwip/sys.h": No such file or directory
compiling ethernetif.c...
..\LWIP\lwip-1.4.1\src\include\lwip/timers.h(45): error:  #5: cannot open source input file "lwip/sys.h": No such file or directory
compiling sys_arch.c...
..\LWIP\lwip-1.4.1\port\STM32F4x7\FreeRTOS\sys_arch.c(36): error:  #5: cannot open source input file "lwip/sys.h": No such file or directory
"..\OUTPUT\Obj\DataConcentrator.axf" - 18 Errors, 1 Warning(s).
Target not created
Build target 'DataConcentrator'
compiling dp83848.c...
compiling netconf.c...
..\LWIP\lwip-1.4.1\src\include\lwip/api_msg.h(43): error:  #5: cannot open source input file "lwip/sys.h": No such file or directory
compiling api_lib.c...
..\LWIP\lwip-1.4.1\src\include\lwip/api.h(42): error:  #5: cannot open source input file "lwip/sys.h": No such file or directory
compiling api_msg.c...
..\LWIP\lwip-1.4.1\src\include\lwip/api_msg.h(43): error:  #5: cannot open source input file "lwip/sys.h": No such file or directory
compiling tcpip.c...
..\LWIP\lwip-1.4.1\src\api\tcpip.c(43): error:  #5: cannot open source input file "lwip/sys.h": No such file or directory
compiling init.c...
..\LWIP\lwip-1.4.1\src\core\init.c(43): error:  #5: cannot open source input file "lwip/sys.h": No such file or directory
compiling mem.c...
..\LWIP\lwip-1.4.1\src\core\mem.c(62): error:  #5: cannot open source input file "lwip/sys.h": No such file or directory
compiling memp.c...
..\LWIP\lwip-1.4.1\src\include\lwip/api.h(42): error:  #5: cannot open source input file "lwip/sys.h": No such file or directory
compiling pbuf.c...
..\LWIP\lwip-1.4.1\src\core\pbuf.c(71): error:  #5: cannot open source input file "lwip/sys.h": No such file or directory
compiling lwip_sys.c...
..\LWIP\lwip-1.4.1\src\core\lwip_sys.c(41): error:  #5: cannot open source input file "lwip/sys.h": No such file or directory
compiling lwip_timers.c...
..\LWIP\lwip-1.4.1\src\include\lwip/timers.h(45): error:  #5: cannot open source input file "lwip/sys.h": No such file or directory
compiling ethernetif.c...
..\LWIP\lwip-1.4.1\src\include\lwip/timers.h(45): error:  #5: cannot open source input file "lwip/sys.h": No such file or directory
compiling sys_arch.c...
..\LWIP\lwip-1.4.1\port\STM32F4x7\FreeRTOS\sys_arch.c(36): error:  #5: cannot open source input file "lwip/sys.h": No such file or directory
"..\OUTPUT\Obj\DataConcentrator.axf" - 12 Errors, 0 Warning(s).
Target not created
Build target 'DataConcentrator'
compiling common.c...
compiling dp83848.c...
..\DEVICEDRIVER\dp83848\dp83848.c(501): warning:  #223-D: function "LCD_SetTextColor" declared implicitly
..\DEVICEDRIVER\dp83848\dp83848.c(501): error:  #20: identifier "Green" is undefined
..\DEVICEDRIVER\dp83848\dp83848.c(504): warning:  #223-D: function "LCD_DisplayStringLine" declared implicitly
..\DEVICEDRIVER\dp83848\dp83848.c(504): error:  #20: identifier "Line5" is undefined
..\DEVICEDRIVER\dp83848\dp83848.c(505): error:  #20: identifier "Line6" is undefined
..\DEVICEDRIVER\dp83848\dp83848.c(508): error:  #20: identifier "White" is undefined
..\DEVICEDRIVER\dp83848\dp83848.c(539): warning:  #223-D: function "LCD_SetTextColor" declared implicitly
..\DEVICEDRIVER\dp83848\dp83848.c(539): error:  #20: identifier "Red" is undefined
..\DEVICEDRIVER\dp83848\dp83848.c(542): warning:  #223-D: function "LCD_DisplayStringLine" declared implicitly
..\DEVICEDRIVER\dp83848\dp83848.c(542): error:  #20: identifier "Line5" is undefined
..\DEVICEDRIVER\dp83848\dp83848.c(543): error:  #20: identifier "Line6" is undefined
..\DEVICEDRIVER\dp83848\dp83848.c(546): error:  #20: identifier "White" is undefined
compiling netconf.c...
..\LWIP\lwip-1.4.1\src\include\lwip/api_msg.h(43): error:  #5: cannot open source input file "lwip/sys.h": No such file or directory
compiling api_lib.c...
..\LWIP\lwip-1.4.1\src\include\lwip/api.h(42): error:  #5: cannot open source input file "lwip/sys.h": No such file or directory
compiling api_msg.c...
..\LWIP\lwip-1.4.1\src\include\lwip/api_msg.h(43): error:  #5: cannot open source input file "lwip/sys.h": No such file or directory
compiling tcpip.c...
..\LWIP\lwip-1.4.1\src\api\tcpip.c(43): error:  #5: cannot open source input file "lwip/sys.h": No such file or directory
compiling init.c...
..\LWIP\lwip-1.4.1\src\core\init.c(43): error:  #5: cannot open source input file "lwip/sys.h": No such file or directory
compiling mem.c...
..\LWIP\lwip-1.4.1\src\core\mem.c(62): error:  #5: cannot open source input file "lwip/sys.h": No such file or directory
compiling memp.c...
..\LWIP\lwip-1.4.1\src\include\lwip/api.h(42): error:  #5: cannot open source input file "lwip/sys.h": No such file or directory
compiling pbuf.c...
..\LWIP\lwip-1.4.1\src\core\pbuf.c(71): error:  #5: cannot open source input file "lwip/sys.h": No such file or directory
compiling lwip_sys.c...
..\LWIP\lwip-1.4.1\src\core\lwip_sys.c(41): error:  #5: cannot open source input file "lwip/sys.h": No such file or directory
compiling lwip_timers.c...
..\LWIP\lwip-1.4.1\src\include\lwip/timers.h(45): error:  #5: cannot open source input file "lwip/sys.h": No such file or directory
compiling ethernetif.c...
..\LWIP\lwip-1.4.1\src\include\lwip/timers.h(45): error:  #5: cannot open source input file "lwip/sys.h": No such file or directory
compiling sys_arch.c...
..\LWIP\lwip-1.4.1\port\STM32F4x7\FreeRTOS\sys_arch.c(36): error:  #5: cannot open source input file "lwip/sys.h": No such file or directory
"..\OUTPUT\Obj\DataConcentrator.axf" - 20 Errors, 4 Warning(s).
Target not created
Build target 'DataConcentrator'
compiling dp83848.c...
compiling netconf.c...
..\LWIP\lwip-1.4.1\src\include\lwip/api_msg.h(43): error:  #5: cannot open source input file "lwip/sys.h": No such file or directory
compiling api_lib.c...
..\LWIP\lwip-1.4.1\src\include\lwip/api.h(42): error:  #5: cannot open source input file "lwip/sys.h": No such file or directory
compiling api_msg.c...
..\LWIP\lwip-1.4.1\src\include\lwip/api_msg.h(43): error:  #5: cannot open source input file "lwip/sys.h": No such file or directory
compiling tcpip.c...
..\LWIP\lwip-1.4.1\src\api\tcpip.c(43): error:  #5: cannot open source input file "lwip/sys.h": No such file or directory
compiling init.c...
..\LWIP\lwip-1.4.1\src\core\init.c(43): error:  #5: cannot open source input file "lwip/sys.h": No such file or directory
compiling mem.c...
..\LWIP\lwip-1.4.1\src\core\mem.c(62): error:  #5: cannot open source input file "lwip/sys.h": No such file or directory
compiling memp.c...
..\LWIP\lwip-1.4.1\src\include\lwip/api.h(42): error:  #5: cannot open source input file "lwip/sys.h": No such file or directory
compiling pbuf.c...
..\LWIP\lwip-1.4.1\src\core\pbuf.c(71): error:  #5: cannot open source input file "lwip/sys.h": No such file or directory
compiling lwip_sys.c...
..\LWIP\lwip-1.4.1\src\core\lwip_sys.c(41): error:  #5: cannot open source input file "lwip/sys.h": No such file or directory
compiling lwip_timers.c...
..\LWIP\lwip-1.4.1\src\include\lwip/timers.h(45): error:  #5: cannot open source input file "lwip/sys.h": No such file or directory
compiling ethernetif.c...
..\LWIP\lwip-1.4.1\src\include\lwip/timers.h(45): error:  #5: cannot open source input file "lwip/sys.h": No such file or directory
compiling sys_arch.c...
..\LWIP\lwip-1.4.1\port\STM32F4x7\FreeRTOS\sys_arch.c(36): error:  #5: cannot open source input file "lwip/sys.h": No such file or directory
"..\OUTPUT\Obj\DataConcentrator.axf" - 12 Errors, 0 Warning(s).
Target not created
Build target 'DataConcentrator'
compiling netconf.c...
..\LWIP\lwip-1.4.1\src\include\lwip/api_msg.h(43): error:  #5: cannot open source input file "lwip/sys.h": No such file or directory
compiling api_lib.c...
..\LWIP\lwip-1.4.1\src\include\lwip/api.h(42): error:  #5: cannot open source input file "lwip/sys.h": No such file or directory
compiling api_msg.c...
..\LWIP\lwip-1.4.1\src\include\lwip/api_msg.h(43): error:  #5: cannot open source input file "lwip/sys.h": No such file or directory
compiling tcpip.c...
..\LWIP\lwip-1.4.1\src\api\tcpip.c(43): error:  #5: cannot open source input file "lwip/sys.h": No such file or directory
compiling init.c...
..\LWIP\lwip-1.4.1\src\core\init.c(43): error:  #5: cannot open source input file "lwip/sys.h": No such file or directory
compiling mem.c...
..\LWIP\lwip-1.4.1\src\core\mem.c(62): error:  #5: cannot open source input file "lwip/sys.h": No such file or directory
compiling memp.c...
..\LWIP\lwip-1.4.1\src\include\lwip/api.h(42): error:  #5: cannot open source input file "lwip/sys.h": No such file or directory
compiling pbuf.c...
..\LWIP\lwip-1.4.1\src\core\pbuf.c(71): error:  #5: cannot open source input file "lwip/sys.h": No such file or directory
compiling lwip_sys.c...
..\LWIP\lwip-1.4.1\src\core\lwip_sys.c(41): error:  #5: cannot open source input file "lwip/sys.h": No such file or directory
compiling lwip_timers.c...
..\LWIP\lwip-1.4.1\src\include\lwip/timers.h(45): error:  #5: cannot open source input file "lwip/sys.h": No such file or directory
compiling ethernetif.c...
..\LWIP\lwip-1.4.1\src\include\lwip/timers.h(45): error:  #5: cannot open source input file "lwip/sys.h": No such file or directory
compiling sys_arch.c...
..\LWIP\lwip-1.4.1\port\STM32F4x7\FreeRTOS\sys_arch.c(36): error:  #5: cannot open source input file "lwip/sys.h": No such file or directory
"..\OUTPUT\Obj\DataConcentrator.axf" - 12 Errors, 0 Warning(s).
Target not created
Build target 'DataConcentrator'
compiling common.c...
compiling dp83848.c...
compiling netconf.c...
..\LWIP\lwip-1.4.1\src\include\lwip/api_msg.h(43): error:  #5: cannot open source input file "lwip/sys.h": No such file or directory
compiling api_lib.c...
..\LWIP\lwip-1.4.1\src\include\lwip/api.h(42): error:  #5: cannot open source input file "lwip/sys.h": No such file or directory
compiling api_msg.c...
..\LWIP\lwip-1.4.1\src\include\lwip/api_msg.h(43): error:  #5: cannot open source input file "lwip/sys.h": No such file or directory
compiling tcpip.c...
..\LWIP\lwip-1.4.1\src\api\tcpip.c(43): error:  #5: cannot open source input file "lwip/sys.h": No such file or directory
compiling init.c...
..\LWIP\lwip-1.4.1\src\core\init.c(43): error:  #5: cannot open source input file "lwip/sys.h": No such file or directory
compiling mem.c...
..\LWIP\lwip-1.4.1\src\core\mem.c(62): error:  #5: cannot open source input file "lwip/sys.h": No such file or directory
compiling memp.c...
..\LWIP\lwip-1.4.1\src\include\lwip/api.h(42): error:  #5: cannot open source input file "lwip/sys.h": No such file or directory
compiling pbuf.c...
..\LWIP\lwip-1.4.1\src\core\pbuf.c(71): error:  #5: cannot open source input file "lwip/sys.h": No such file or directory
compiling lwip_sys.c...
..\LWIP\lwip-1.4.1\src\core\lwip_sys.c(41): error:  #5: cannot open source input file "lwip/sys.h": No such file or directory
compiling lwip_timers.c...
..\LWIP\lwip-1.4.1\src\include\lwip/timers.h(45): error:  #5: cannot open source input file "lwip/sys.h": No such file or directory
compiling ethernetif.c...
..\LWIP\lwip-1.4.1\src\include\lwip/timers.h(45): error:  #5: cannot open source input file "lwip/sys.h": No such file or directory
compiling sys_arch.c...
..\LWIP\lwip-1.4.1\port\STM32F4x7\FreeRTOS\sys_arch.c(36): error:  #5: cannot open source input file "lwip/sys.h": No such file or directory
"..\OUTPUT\Obj\DataConcentrator.axf" - 12 Errors, 0 Warning(s).
Target not created
Build target 'DataConcentrator'
compiling netconf.c...
..\LWIP\lwip-1.4.1\src\include\lwip\tcpip.h(43): error:  #5: cannot open source input file "lwip/sys.h": No such file or directory
compiling api_lib.c...
..\LWIP\lwip-1.4.1\src\include\lwip/tcpip.h(43): error:  #5: cannot open source input file "lwip/sys.h": No such file or directory
compiling api_msg.c...
..\LWIP\lwip-1.4.1\src\include\lwip/tcpip.h(43): error:  #5: cannot open source input file "lwip/sys.h": No such file or directory
compiling tcpip.c...
..\LWIP\lwip-1.4.1\src\include\lwip/tcpip.h(43): error:  #5: cannot open source input file "lwip/sys.h": No such file or directory
compiling init.c...
compiling mem.c...
compiling memp.c...
..\LWIP\lwip-1.4.1\src\include\lwip/tcpip.h(43): error:  #5: cannot open source input file "lwip/sys.h": No such file or directory
compiling pbuf.c...
compiling lwip_sys.c...
compiling lwip_timers.c...
..\LWIP\lwip-1.4.1\src\include\lwip/tcpip.h(43): error:  #5: cannot open source input file "lwip/sys.h": No such file or directory
compiling ethernetif.c...
compiling sys_arch.c...
"..\OUTPUT\Obj\DataConcentrator.axf" - 6 Errors, 0 Warning(s).
Target not created
Build target 'DataConcentrator'
compiling netconf.c...
..\ETHERNET\netconf.c(96): error:  #20: identifier "ETH_INIT_FLAG" is undefined
..\ETHERNET\netconf.c(96): error:  #20: identifier "ETH_LINK_FLAG" is undefined
..\ETHERNET\netconf.c(116): warning:  #223-D: function "LCD_SetTextColor" declared implicitly
..\ETHERNET\netconf.c(116): error:  #20: identifier "Red" is undefined
..\ETHERNET\netconf.c(119): warning:  #223-D: function "LCD_DisplayStringLine" declared implicitly
..\ETHERNET\netconf.c(119): error:  #20: identifier "Line5" is undefined
..\ETHERNET\netconf.c(120): error:  #20: identifier "Line6" is undefined
..\ETHERNET\netconf.c(123): error:  #20: identifier "White" is undefined
..\ETHERNET\netconf.c(127): error:  #20: identifier "ETH_link_callback" is undefined
..\ETHERNET\netconf.c(163): warning:  #223-D: function "STM_EVAL_LEDToggle" declared implicitly
..\ETHERNET\netconf.c(163): error:  #20: identifier "LED1" is undefined
..\ETHERNET\netconf.c(176): warning:  #223-D: function "STM_EVAL_LEDOn" declared implicitly
..\ETHERNET\netconf.c(195): warning:  #223-D: function "STM_EVAL_LEDOn" declared implicitly
..\ETHERNET\netconf.c(142): warning:  #177-D: variable "iptab" was declared but never referenced
..\ETHERNET\netconf.c(143): warning:  #177-D: variable "iptxt" was declared but never referenced
compiling api_lib.c...
compiling api_msg.c...
compiling tcpip.c...
compiling memp.c...
..\LWIP\lwip-1.4.1\src\core\memp.c(52): error:  #5: cannot open source input file "lwip/sys.h": No such file or directory
compiling lwip_timers.c...
..\LWIP\lwip-1.4.1\src\core\lwip_timers.c(59): error:  #5: cannot open source input file "lwip/sys.h": No such file or directory
"..\OUTPUT\Obj\DataConcentrator.axf" - 10 Errors, 7 Warning(s).
Target not created
Build target 'DataConcentrator'
compiling netconf.c...
..\ETHERNET\netconf.c(96): error:  #20: identifier "ETH_INIT_FLAG" is undefined
..\ETHERNET\netconf.c(96): error:  #20: identifier "ETH_LINK_FLAG" is undefined
..\ETHERNET\netconf.c(116): warning:  #223-D: function "LCD_SetTextColor" declared implicitly
..\ETHERNET\netconf.c(116): error:  #20: identifier "Red" is undefined
..\ETHERNET\netconf.c(119): warning:  #223-D: function "LCD_DisplayStringLine" declared implicitly
..\ETHERNET\netconf.c(119): error:  #20: identifier "Line5" is undefined
..\ETHERNET\netconf.c(120): error:  #20: identifier "Line6" is undefined
..\ETHERNET\netconf.c(123): error:  #20: identifier "White" is undefined
..\ETHERNET\netconf.c(127): error:  #20: identifier "ETH_link_callback" is undefined
..\ETHERNET\netconf.c(163): warning:  #223-D: function "STM_EVAL_LEDToggle" declared implicitly
..\ETHERNET\netconf.c(163): error:  #20: identifier "LED1" is undefined
..\ETHERNET\netconf.c(176): warning:  #223-D: function "STM_EVAL_LEDOn" declared implicitly
..\ETHERNET\netconf.c(195): warning:  #223-D: function "STM_EVAL_LEDOn" declared implicitly
..\ETHERNET\netconf.c(142): warning:  #177-D: variable "iptab" was declared but never referenced
..\ETHERNET\netconf.c(143): warning:  #177-D: variable "iptxt" was declared but never referenced
compiling memp.c...
compiling lwip_timers.c...
"..\OUTPUT\Obj\DataConcentrator.axf" - 8 Errors, 7 Warning(s).
Target not created
Build target 'DataConcentrator'
compiling netconf.c...
..\ETHERNET\netconf.c(96): error:  #20: identifier "ETH_INIT_FLAG" is undefined
..\ETHERNET\netconf.c(96): error:  #20: identifier "ETH_LINK_FLAG" is undefined
..\ETHERNET\netconf.c(118): error:  #20: identifier "ETH_link_callback" is undefined
..\ETHERNET\netconf.c(154): warning:  #223-D: function "STM_EVAL_LEDToggle" declared implicitly
..\ETHERNET\netconf.c(154): error:  #20: identifier "LED1" is undefined
..\ETHERNET\netconf.c(167): warning:  #223-D: function "STM_EVAL_LEDOn" declared implicitly
..\ETHERNET\netconf.c(186): warning:  #223-D: function "STM_EVAL_LEDOn" declared implicitly
..\ETHERNET\netconf.c(133): warning:  #177-D: variable "iptab" was declared but never referenced
..\ETHERNET\netconf.c(134): warning:  #177-D: variable "iptxt" was declared but never referenced
"..\OUTPUT\Obj\DataConcentrator.axf" - 4 Errors, 5 Warning(s).
Target not created
Build target 'DataConcentrator'
compiling netconf.c...
..\ETHERNET\netconf.c(96): error:  #20: identifier "ETH_INIT_FLAG" is undefined
..\ETHERNET\netconf.c(96): error:  #20: identifier "ETH_LINK_FLAG" is undefined
..\ETHERNET\netconf.c(118): error:  #20: identifier "ETH_link_callback" is undefined
..\ETHERNET\netconf.c(154): warning:  #223-D: function "STM_EVAL_LEDToggle" declared implicitly
..\ETHERNET\netconf.c(154): error:  #20: identifier "LED1" is undefined
..\ETHERNET\netconf.c(167): warning:  #223-D: function "STM_EVAL_LEDOn" declared implicitly
..\ETHERNET\netconf.c(186): warning:  #223-D: function "STM_EVAL_LEDOn" declared implicitly
..\ETHERNET\netconf.c(133): warning:  #177-D: variable "iptab" was declared but never referenced
..\ETHERNET\netconf.c(134): warning:  #177-D: variable "iptxt" was declared but never referenced
"..\OUTPUT\Obj\DataConcentrator.axf" - 4 Errors, 5 Warning(s).
Target not created
Build target 'DataConcentrator'
compiling netconf.c...
..\ETHERNET\netconf.c(96): error:  #20: identifier "ETH_INIT_FLAG" is undefined
..\ETHERNET\netconf.c(96): error:  #20: identifier "ETH_LINK_FLAG" is undefined
..\ETHERNET\netconf.c(118): error:  #20: identifier "ETH_link_callback" is undefined
..\ETHERNET\netconf.c(133): warning:  #177-D: variable "iptab" was declared but never referenced
..\ETHERNET\netconf.c(134): warning:  #177-D: variable "iptxt" was declared but never referenced
"..\OUTPUT\Obj\DataConcentrator.axf" - 3 Errors, 2 Warning(s).
Target not created
Rebuild target 'DataConcentrator'
compiling main.c...
compiling common.c...
compiling rtos_task.c...
compiling stm32f4xx_it.c...
compiling task_led.c...
assembling startup_stm32f40_41xxx.s...
compiling system_stm32f4xx.c...
compiling sys.c...
compiling delay.c...
compiling misc.c...
compiling stm32f4xx_adc.c...
compiling stm32f4xx_can.c...
compiling stm32f4xx_crc.c...
compiling stm32f4xx_dac.c...
compiling stm32f4xx_dma.c...
compiling stm32f4xx_exti.c...
compiling stm32f4xx_flash.c...
compiling stm32f4xx_fsmc.c...
compiling stm32f4xx_gpio.c...
compiling stm32f4xx_i2c.c...
compiling stm32f4xx_iwdg.c...
compiling stm32f4xx_ltdc.c...
compiling stm32f4xx_pwr.c...
compiling stm32f4xx_rcc.c...
compiling stm32f4xx_rng.c...
compiling stm32f4xx_rtc.c...
compiling stm32f4xx_sai.c...
compiling stm32f4xx_sdio.c...
compiling stm32f4xx_spi.c...
compiling stm32f4xx_syscfg.c...
compiling stm32f4xx_tim.c...
compiling stm32f4xx_usart.c...
compiling stm32f4xx_wwdg.c...
compiling stm32f4x7_eth.c...
compiling usart.c...
compiling watch_dog.c...
compiling led.c...
compiling dp83848.c...
compiling croutine.c...
compiling event_groups.c...
compiling list.c...
compiling queue.c...
compiling tasks.c...
compiling timers.c...
compiling port.c...
compiling heap_4.c...
compiling netconf.c...
..\ETHERNET\netconf.c(96): error:  #20: identifier "ETH_INIT_FLAG" is undefined
..\ETHERNET\netconf.c(96): error:  #20: identifier "ETH_LINK_FLAG" is undefined
..\ETHERNET\netconf.c(118): error:  #20: identifier "ETH_link_callback" is undefined
..\ETHERNET\netconf.c(133): warning:  #177-D: variable "iptab" was declared but never referenced
..\ETHERNET\netconf.c(134): warning:  #177-D: variable "iptxt" was declared but never referenced
compiling api_lib.c...
compiling api_msg.c...
compiling err.c...
compiling netbuf.c...
compiling netdb.c...
compiling netifapi.c...
compiling sockets.c...
compiling tcpip.c...
compiling def.c...
compiling dhcp.c...
compiling dns.c...
compiling init.c...
compiling mem.c...
compiling memp.c...
compiling netif.c...
compiling pbuf.c...
compiling raw.c...
compiling stats.c...
compiling lwip_sys.c...
compiling tcp.c...
compiling tcp_in.c...
compiling tcp_out.c...
..\LWIP\lwip-1.4.1\src\core\tcp_out.c(845): warning:  #550-D: variable "tcphdr" was set but never used
..\LWIP\lwip-1.4.1\src\core\tcp_out.c(1367): warning:  #550-D: variable "tcphdr" was set but never used
compiling lwip_timers.c...
compiling udp.c...
compiling autoip.c...
compiling icmp.c...
compiling igmp.c...
compiling inet.c...
compiling inet_chksum.c...
compiling ip.c...
compiling ip_addr.c...
compiling ip_frag.c...
compiling etharp.c...
compiling ethernetif.c...
compiling sys_arch.c...
"..\OUTPUT\Obj\DataConcentrator.axf" - 3 Errors, 4 Warning(s).
Target not created
Build target 'DataConcentrator'
compiling netconf.c...
..\ETHERNET\netconf.c(96): error:  #20: identifier "ETH_INIT_FLAG" is undefined
..\ETHERNET\netconf.c(96): error:  #20: identifier "ETH_LINK_FLAG" is undefined
..\ETHERNET\netconf.c(118): error:  #20: identifier "ETH_link_callback" is undefined
"..\OUTPUT\Obj\DataConcentrator.axf" - 3 Errors, 0 Warning(s).
Target not created
Build target 'DataConcentrator'
compiling netconf.c...
..\ETHERNET\netconf.c(96): error:  #20: identifier "ETH_INIT_FLAG" is undefined
..\ETHERNET\netconf.c(96): error:  #20: identifier "ETH_LINK_FLAG" is undefined
..\ETHERNET\netconf.c(118): error:  #20: identifier "ETH_link_callback" is undefined
"..\OUTPUT\Obj\DataConcentrator.axf" - 3 Errors, 0 Warning(s).
Target not created
Build target 'DataConcentrator'
compiling common.c...
compiling dp83848.c...
compiling netconf.c...
compiling ethernetif.c...
linking...
Program Size: Code=23276 RO-data=424 RW-data=184 ZI-data=38392  
FromELF: creating hex file...
"..\OUTPUT\Obj\DataConcentrator.axf" - 0 Errors, 0 Warning(s).
Build target 'DataConcentrator'
compiling netconf.c...
linking...
Program Size: Code=23276 RO-data=424 RW-data=184 ZI-data=38392  
FromELF: creating hex file...
"..\OUTPUT\Obj\DataConcentrator.axf" - 0 Errors, 0 Warning(s).
Build target 'DataConcentrator'
compiling common.c...
compiling dp83848.c...
compiling netconf.c...
..\ETHERNET\netconf.c(96): error:  #20: identifier "ETH_INIT_FLAG" is undefined
..\ETHERNET\netconf.c(96): error:  #20: identifier "ETH_LINK_FLAG" is undefined
..\ETHERNET\netconf.c(118): error:  #20: identifier "ETH_link_callback" is undefined
compiling ethernetif.c...
"..\OUTPUT\Obj\DataConcentrator.axf" - 3 Errors, 0 Warning(s).
Target not created
Build target 'DataConcentrator'
compiling netconf.c...
linking...
Program Size: Code=23276 RO-data=424 RW-data=184 ZI-data=38392  
FromELF: creating hex file...
"..\OUTPUT\Obj\DataConcentrator.axf" - 0 Errors, 0 Warning(s).
Build target 'DataConcentrator'
linking...
Program Size: Code=23276 RO-data=424 RW-data=184 ZI-data=38392  
FromELF: creating hex file...
"..\OUTPUT\Obj\DataConcentrator.axf" - 0 Errors, 0 Warning(s).
Build target 'DataConcentrator'
compiling stm32f4xx_it.c...
..\USER\stm32f4xx_it.c(164): error:  #20: identifier "ETH_LINK_EXTI_LINE" is undefined
"..\OUTPUT\Obj\DataConcentrator.axf" - 1 Errors, 0 Warning(s).
Target not created
Build target 'DataConcentrator'
compiling stm32f4xx_it.c...
linking...
Program Size: Code=27944 RO-data=424 RW-data=1244 ZI-data=50852  
FromELF: creating hex file...
"..\OUTPUT\Obj\DataConcentrator.axf" - 0 Errors, 0 Warning(s).
Build target 'DataConcentrator'
compiling main.c...
compiling common.c...
compiling rtos_task.c...
compiling stm32f4xx_it.c...
compiling task_led.c...
compiling delay.c...
compiling usart.c...
compiling dp83848.c...
compiling croutine.c...
compiling event_groups.c...
compiling list.c...
compiling queue.c...
compiling tasks.c...
compiling timers.c...
compiling port.c...
compiling heap_4.c...
compiling netconf.c...
compiling api_lib.c...
compiling api_msg.c...
compiling tcpip.c...
compiling init.c...
compiling mem.c...
compiling memp.c...
compiling pbuf.c...
compiling lwip_sys.c...
compiling lwip_timers.c...
compiling ethernetif.c...
compiling sys_arch.c...
linking...
Program Size: Code=27944 RO-data=424 RW-data=1244 ZI-data=50852  
FromELF: creating hex file...
"..\OUTPUT\Obj\DataConcentrator.axf" - 0 Errors, 0 Warning(s).
Build target 'DataConcentrator'
compiling netconf.c...
compiling api_lib.c...
compiling api_msg.c...
compiling tcpip.c...
compiling dhcp.c...
compiling init.c...
compiling mem.c...
compiling memp.c...
compiling netif.c...
compiling pbuf.c...
compiling raw.c...
compiling tcp.c...
compiling tcp_in.c...
compiling tcp_out.c...
..\LWIP\lwip-1.4.1\src\core\tcp_out.c(845): warning:  #550-D: variable "tcphdr" was set but never used
..\LWIP\lwip-1.4.1\src\core\tcp_out.c(1367): warning:  #550-D: variable "tcphdr" was set but never used
compiling lwip_timers.c...
compiling udp.c...
compiling icmp.c...
compiling ip.c...
compiling ip_frag.c...
compiling etharp.c...
compiling ethernetif.c...
compiling sys_arch.c...
linking...
Program Size: Code=27944 RO-data=424 RW-data=1244 ZI-data=50852  
FromELF: creating hex file...
"..\OUTPUT\Obj\DataConcentrator.axf" - 0 Errors, 2 Warning(s).
Build target 'DataConcentrator'
compiling delay.c...
compiling sys_arch.c...
linking...
..\OUTPUT\Obj\DataConcentrator.axf: Error: L6200E: Symbol sys_msleep multiply defined (by sys_arch.o and lwip_sys.o).
"..\OUTPUT\Obj\DataConcentrator.axf" - 1 Errors, 0 Warning(s).
Target not created
Build target 'DataConcentrator'
linking...
Program Size: Code=27932 RO-data=424 RW-data=1240 ZI-data=50848  
FromELF: creating hex file...
"..\OUTPUT\Obj\DataConcentrator.axf" - 0 Errors, 0 Warning(s).
Rebuild target 'DataConcentrator'
compiling main.c...
compiling common.c...
compiling rtos_task.c...
compiling stm32f4xx_it.c...
compiling task_led.c...
assembling startup_stm32f40_41xxx.s...
compiling system_stm32f4xx.c...
compiling sys.c...
compiling delay.c...
compiling misc.c...
compiling stm32f4xx_adc.c...
compiling stm32f4xx_can.c...
compiling stm32f4xx_crc.c...
compiling stm32f4xx_dac.c...
compiling stm32f4xx_dma.c...
compiling stm32f4xx_exti.c...
compiling stm32f4xx_flash.c...
compiling stm32f4xx_fsmc.c...
compiling stm32f4xx_gpio.c...
compiling stm32f4xx_i2c.c...
compiling stm32f4xx_iwdg.c...
compiling stm32f4xx_ltdc.c...
compiling stm32f4xx_pwr.c...
compiling stm32f4xx_rcc.c...
compiling stm32f4xx_rng.c...
compiling stm32f4xx_rtc.c...
compiling stm32f4xx_sai.c...
compiling stm32f4xx_sdio.c...
compiling stm32f4xx_spi.c...
compiling stm32f4xx_syscfg.c...
compiling stm32f4xx_tim.c...
compiling stm32f4xx_usart.c...
compiling stm32f4xx_wwdg.c...
compiling stm32f4x7_eth.c...
compiling usart.c...
compiling watch_dog.c...
compiling led.c...
compiling dp83848.c...
compiling croutine.c...
compiling event_groups.c...
compiling list.c...
compiling queue.c...
compiling tasks.c...
compiling timers.c...
compiling port.c...
compiling heap_4.c...
compiling netconf.c...
compiling api_lib.c...
compiling api_msg.c...
compiling err.c...
compiling netbuf.c...
compiling netdb.c...
compiling netifapi.c...
compiling sockets.c...
compiling tcpip.c...
compiling def.c...
compiling dhcp.c...
compiling dns.c...
compiling init.c...
compiling mem.c...
compiling memp.c...
compiling netif.c...
compiling pbuf.c...
compiling raw.c...
compiling stats.c...
compiling tcp.c...
compiling tcp_in.c...
compiling tcp_out.c...
..\LWIP\lwip-1.4.1\src\core\tcp_out.c(845): warning:  #550-D: variable "tcphdr" was set but never used
..\LWIP\lwip-1.4.1\src\core\tcp_out.c(1367): warning:  #550-D: variable "tcphdr" was set but never used
compiling lwip_timers.c...
compiling udp.c...
compiling autoip.c...
compiling icmp.c...
compiling igmp.c...
compiling inet.c...
compiling inet_chksum.c...
compiling ip.c...
compiling ip_addr.c...
compiling ip_frag.c...
compiling etharp.c...
compiling ethernetif.c...
compiling sys_arch.c...
linking...
Program Size: Code=27932 RO-data=424 RW-data=1240 ZI-data=50848  
FromELF: creating hex file...
"..\OUTPUT\Obj\DataConcentrator.axf" - 0 Errors, 2 Warning(s).
Build target 'DataConcentrator'
compiling dp83848.c...
linking...
Program Size: Code=27932 RO-data=424 RW-data=1240 ZI-data=50848  
FromELF: creating hex file...
"..\OUTPUT\Obj\DataConcentrator.axf" - 0 Errors, 0 Warning(s).
Build target 'DataConcentrator'
compiling stm32f4xx_it.c...
compiling dp83848.c...
compiling netconf.c...
linking...
Program Size: Code=27928 RO-data=424 RW-data=1240 ZI-data=50848  
FromELF: creating hex file...
"..\OUTPUT\Obj\DataConcentrator.axf" - 0 Errors, 0 Warning(s).
Build target 'DataConcentrator'
compiling dp83848.c...
linking...
Program Size: Code=27928 RO-data=424 RW-data=1240 ZI-data=50848  
FromELF: creating hex file...
"..\OUTPUT\Obj\DataConcentrator.axf" - 0 Errors, 0 Warning(s).
Build target 'DataConcentrator'
compiling stm32f4xx_it.c...
compiling dp83848.c...
compiling netconf.c...
linking...
Program Size: Code=27928 RO-data=424 RW-data=1240 ZI-data=50848  
FromELF: creating hex file...
"..\OUTPUT\Obj\DataConcentrator.axf" - 0 Errors, 0 Warning(s).
Build target 'DataConcentrator'
compiling dp83848.c...
linking...
Program Size: Code=27928 RO-data=424 RW-data=1240 ZI-data=50848  
FromELF: creating hex file...
"..\OUTPUT\Obj\DataConcentrator.axf" - 0 Errors, 0 Warning(s).
